Archive member included because of file (symbol)

C:\Users\Oliver\LPCworkspace\nxp_lpcxpresso_11u14_board_lib\Debug\libnxp_lpcxpresso_11u14_board_lib.a(board.o)
                              ./example/src/hid_main.o (Board_Init)
C:\Users\Oliver\LPCworkspace\nxp_lpcxpresso_11u14_board_lib\Debug\libnxp_lpcxpresso_11u14_board_lib.a(board_sysinit.o)
                              ./example/src/sysinit.o (Board_SystemInit)
C:\Users\Oliver\LPCworkspace\lpc_chip_11uxx_lib\Debug\liblpc_chip_11uxx_lib.a(clock_11xx.o)
                              C:\Users\Oliver\LPCworkspace\nxp_lpcxpresso_11u14_board_lib\Debug\libnxp_lpcxpresso_11u14_board_lib.a(board_sysinit.o) (Chip_Clock_SetSystemPLLSource)
C:\Users\Oliver\LPCworkspace\lpc_chip_11uxx_lib\Debug\liblpc_chip_11uxx_lib.a(gpio_11xx_1.o)
                              C:\Users\Oliver\LPCworkspace\nxp_lpcxpresso_11u14_board_lib\Debug\libnxp_lpcxpresso_11u14_board_lib.a(board.o) (Chip_GPIO_Init)
C:\Users\Oliver\LPCworkspace\lpc_chip_11uxx_lib\Debug\liblpc_chip_11uxx_lib.a(iocon_11xx.o)
                              C:\Users\Oliver\LPCworkspace\nxp_lpcxpresso_11u14_board_lib\Debug\libnxp_lpcxpresso_11u14_board_lib.a(board.o) (Chip_IOCON_PinMuxSet)
C:\Users\Oliver\LPCworkspace\lpc_chip_11uxx_lib\Debug\liblpc_chip_11uxx_lib.a(sysctl_11xx.o)
                              C:\Users\Oliver\LPCworkspace\nxp_lpcxpresso_11u14_board_lib\Debug\libnxp_lpcxpresso_11u14_board_lib.a(board_sysinit.o) (Chip_SYSCTL_PowerDown)
C:\Users\Oliver\LPCworkspace\lpc_chip_11uxx_lib\Debug\liblpc_chip_11uxx_lib.a(uart_11xx.o)
                              C:\Users\Oliver\LPCworkspace\nxp_lpcxpresso_11u14_board_lib\Debug\libnxp_lpcxpresso_11u14_board_lib.a(board.o) (Chip_UART_Init)
C:\Users\Oliver\LPCworkspace\lpc_chip_11uxx_lib\Debug\liblpc_chip_11uxx_lib.a(ring_buffer.o)
                              C:\Users\Oliver\LPCworkspace\lpc_chip_11uxx_lib\Debug\liblpc_chip_11uxx_lib.a(uart_11xx.o) (RingBuffer_Insert)
C:\Users\Oliver\LPCworkspace\lpc_chip_11uxx_lib\libs\libusbd_11uxx_lib.a(mw_usbd_rom_api.o)
                              ./example/src/hid_main.o (hid_api)
C:\Users\Oliver\LPCworkspace\lpc_chip_11uxx_lib\libs\libusbd_11uxx_lib.a(hw_usbd_ip3511.o)
                              C:\Users\Oliver\LPCworkspace\lpc_chip_11uxx_lib\libs\libusbd_11uxx_lib.a(mw_usbd_rom_api.o) (hwUSB_ForceFullSpeed)
C:\Users\Oliver\LPCworkspace\lpc_chip_11uxx_lib\libs\libusbd_11uxx_lib.a(mw_usbd_cdcuser.o)
                              C:\Users\Oliver\LPCworkspace\lpc_chip_11uxx_lib\libs\libusbd_11uxx_lib.a(mw_usbd_rom_api.o) (mwCDC_SendNotification)
C:\Users\Oliver\LPCworkspace\lpc_chip_11uxx_lib\libs\libusbd_11uxx_lib.a(mw_usbd_core.o)
                              C:\Users\Oliver\LPCworkspace\lpc_chip_11uxx_lib\libs\libusbd_11uxx_lib.a(hw_usbd_ip3511.o) (mwUSB_ResetCore)
C:\Users\Oliver\LPCworkspace\lpc_chip_11uxx_lib\libs\libusbd_11uxx_lib.a(mw_usbd_dfuuser.o)
                              C:\Users\Oliver\LPCworkspace\lpc_chip_11uxx_lib\libs\libusbd_11uxx_lib.a(mw_usbd_rom_api.o) (mwDFU_GetMemSize)
C:\Users\Oliver\LPCworkspace\lpc_chip_11uxx_lib\libs\libusbd_11uxx_lib.a(mw_usbd_hiduser.o)
                              C:\Users\Oliver\LPCworkspace\lpc_chip_11uxx_lib\libs\libusbd_11uxx_lib.a(mw_usbd_rom_api.o) (mwHID_GetMemSize)
C:\Users\Oliver\LPCworkspace\lpc_chip_11uxx_lib\libs\libusbd_11uxx_lib.a(mw_usbd_mscuser.o)
                              C:\Users\Oliver\LPCworkspace\lpc_chip_11uxx_lib\libs\libusbd_11uxx_lib.a(mw_usbd_rom_api.o) (mwMSC_GetMemSize)
c:/nxp/lpcxpresso_7.7.2_379/lpcxpresso/tools/bin/../lib/gcc/arm-none-eabi/4.9.3/../../../../arm-none-eabi/lib/armv6-m\libcr_nohost.a(_cr__main.o)
                              ./example/src/cr_startup_lpc11xx.o (__main)
c:/nxp/lpcxpresso_7.7.2_379/lpcxpresso/tools/bin/../lib/gcc/arm-none-eabi/4.9.3/../../../../arm-none-eabi/lib/armv6-m\libcr_c.a(memcpy.o)
                              C:\Users\Oliver\LPCworkspace\lpc_chip_11uxx_lib\Debug\liblpc_chip_11uxx_lib.a(ring_buffer.o) (memcpy)
c:/nxp/lpcxpresso_7.7.2_379/lpcxpresso/tools/bin/../lib/gcc/arm-none-eabi/4.9.3/../../../../arm-none-eabi/lib/armv6-m\libcr_c.a(memset.o)
                              ./example/src/hid_generic.o (memset)
c:/nxp/lpcxpresso_7.7.2_379/lpcxpresso/tools/bin/../lib/gcc/arm-none-eabi/4.9.3/../../../../arm-none-eabi/lib/armv6-m\libcr_c.a(initio.o)
                              c:/nxp/lpcxpresso_7.7.2_379/lpcxpresso/tools/bin/../lib/gcc/arm-none-eabi/4.9.3/../../../../arm-none-eabi/lib/armv6-m\libcr_nohost.a(_cr__main.o) (_initio)
c:/nxp/lpcxpresso_7.7.2_379/lpcxpresso/tools/bin/../lib/gcc/arm-none-eabi/4.9.3/../../../../arm-none-eabi/lib/armv6-m\libcr_c.a(setvbuf.o)
                              c:/nxp/lpcxpresso_7.7.2_379/lpcxpresso/tools/bin/../lib/gcc/arm-none-eabi/4.9.3/../../../../arm-none-eabi/lib/armv6-m\libcr_c.a(initio.o) (setvbuf)
c:/nxp/lpcxpresso_7.7.2_379/lpcxpresso/tools/bin/../lib/gcc/arm-none-eabi/4.9.3/../../../../arm-none-eabi/lib/armv6-m\libcr_c.a(stdio.o)
[...]
Memory Configuration

Name             Origin             Length             Attributes
MFlash32         0x00000000         0x00008000         xr
RamLoc6          0x10000000         0x00001800         xrw
RamUsb2          0x20004000         0x00000800         xrw
*default*        0x00000000         0xffffffff

Linker script and memory map

LOAD ./example/src/cr_startup_lpc11xx.o
LOAD ./example/src/hid_desc.o
LOAD ./example/src/hid_generic.o
LOAD ./example/src/hid_main.o
LOAD ./example/src/sysinit.o
LOAD C:\Users\Oliver\LPCworkspace\nxp_lpcxpresso_11u14_board_lib\Debug\libnxp_lpcxpresso_11u14_board_lib.a
LOAD C:\Users\Oliver\LPCworkspace\lpc_chip_11uxx_lib\Debug\liblpc_chip_11uxx_lib.a
LOAD C:\Users\Oliver\LPCworkspace\lpc_chip_11uxx_lib\libs\libusbd_11uxx_lib.a
START GROUP
LOAD c:/nxp/lpcxpresso_7.7.2_379/lpcxpresso/tools/bin/../lib/gcc/arm-none-eabi/4.9.3/../../../../arm-none-eabi/lib/armv6-m\libcr_nohost.a
LOAD c:/nxp/lpcxpresso_7.7.2_379/lpcxpresso/tools/bin/../lib/gcc/arm-none-eabi/4.9.3/../../../../arm-none-eabi/lib/armv6-m\libcr_c.a
LOAD c:/nxp/lpcxpresso_7.7.2_379/lpcxpresso/tools/bin/../lib/gcc/arm-none-eabi/4.9.3/armv6-m\libcr_eabihelpers.a
END GROUP
                0x00008000                __top_MFlash32 = 0x8000
                0x10001800                __top_RamLoc6 = 0x10001800
                0x20004800                __top_RamUsb2 = 0x20004800

.text           0x00000000     0x2f8c
 FILL mask 0xff
                0x00000000                __vectors_start__ = ABSOLUTE (.)
 *(.isr_vector)
 .isr_vector    0x00000000       0xc0 ./example/src/cr_startup_lpc11xx.o
                0x00000000                g_pfnVectors
                0x000000c0                . = ALIGN (0x4)
                0x000000c0                __section_table_start = .
                0x000000c0                __data_section_table = .
                0x000000c0        0x4 LONG 0x2f8c LOADADDR (.data)
                0x000000c4        0x4 LONG 0x10000000 ADDR (.data)
                0x000000c8        0x4 LONG 0x30 SIZEOF (.data)
                0x000000cc        0x4 LONG 0x2f8c LOADADDR (.data_RAM2)
                0x000000d0        0x4 LONG 0x20004000 ADDR (.data_RAM2)
                0x000000d4        0x4 LONG 0x0 SIZEOF (.data_RAM2)
                0x000000d8                __data_section_table_end = .
                0x000000d8                __bss_section_table = .
                0x000000d8        0x4 LONG 0x10000030 ADDR (.bss)
                0x000000dc        0x4 LONG 0x158 SIZEOF (.bss)
                0x000000e0        0x4 LONG 0x20004000 ADDR (.bss_RAM2)
                0x000000e4        0x4 LONG 0x0 SIZEOF (.bss_RAM2)
                0x000000e8                __bss_section_table_end = .
                0x000000e8                __section_table_end = .
 *(.after_vectors*)
 .after_vectors
                0x000000e8       0x70 ./example/src/cr_startup_lpc11xx.o
                0x000000e8                NMI_Handler
                0x000000ea                HardFault_Handler
                0x000000ec                SVC_Handler
                0x000000ee                PendSV_Handler
                0x000000f0                SysTick_Handler
                0x000000f2                UART_IRQHandler
                0x000000f2                TIMER32_0_IRQHandler
                0x000000f2                FLEX_INT7_IRQHandler
                0x000000f2                FMC_IRQHandler
                0x000000f2                TIMER32_1_IRQHandler
                0x000000f2                FLEX_INT1_IRQHandler
                0x000000f2                IntDefaultHandler
                0x000000f2                SSP0_IRQHandler
                0x000000f2                USBWakeup_IRQHandler
                0x000000f2                FLEX_INT6_IRQHandler
                0x000000f2                FLEX_INT0_IRQHandler
                0x000000f2                FLEX_INT2_IRQHandler
                0x000000f2                TIMER16_1_IRQHandler
                0x000000f2                USB_FIQHandler
                0x000000f2                FLEX_INT5_IRQHandler
                0x000000f2                ADC_IRQHandler
                0x000000f2                SSP1_IRQHandler
                0x000000f2                FLEX_INT3_IRQHandler
                0x000000f2                BOD_IRQHandler
                0x000000f2                I2C_IRQHandler
                0x000000f2                WDT_IRQHandler
                0x000000f2                TIMER16_0_IRQHandler
                0x000000f2                GINT0_IRQHandler
                0x000000f2                FLEX_INT4_IRQHandler
                0x000000f2                GINT1_IRQHandler
                0x000000f4                data_init
                0x00000106                bss_init
                0x00000116                ResetISR
 *(.text*)
 .text.HID_GetReport
                0x00000158       0x4c ./example/src/hid_generic.o
 .text.HID_SetReport
                0x000001a4       0x58 ./example/src/hid_generic.o
 .text.HID_Ep_Hdlr
                0x000001fc       0x64 ./example/src/hid_generic.o
 .text.usb_hid_init
                0x00000260      0x118 ./example/src/hid_generic.o
                0x00000260                usb_hid_init
 .text.NVIC_EnableIRQ
                0x00000378       0x2c ./example/src/hid_main.o
 .text.Chip_Clock_EnablePeriphClock
                0x000003a4       0x30 ./example/src/hid_main.o
 .text.usb_pin_clk_init
                0x000003d4       0x28 ./example/src/hid_main.o
 .text.USB_IRQHandler
                0x000003fc       0x20 ./example/src/hid_main.o
                0x000003fc                USB_IRQHandler
 .text.main     0x0000041c       0xd8 ./example/src/hid_main.o
                0x0000041c                main
 .text.SystemInit
                0x000004f4        0xc ./example/src/sysinit.o
                0x000004f4                SystemInit
 .text.Chip_GPIO_SetPinDIROutput
                0x00000500       0x50 C:\Users\Oliver\LPCworkspace\nxp_lpcxpresso_11u14_board_lib\Debug\libnxp_lpcxpresso_11u14_board_lib.a(board.o)
 .text.__sys_write
                0x00000550       0x18 C:\Users\Oliver\LPCworkspace\nxp_lpcxpresso_11u14_board_lib\Debug\libnxp_lpcxpresso_11u14_board_lib.a(board.o)
                0x00000550                __sys_write
 .text.Board_LED_Init
                0x00000568       0x18 C:\Users\Oliver\LPCworkspace\nxp_lpcxpresso_11u14_board_lib\Debug\libnxp_lpcxpresso_11u14_board_lib.a(board.o)
 .text.Board_Init
                0x00000580       0x18 C:\Users\Oliver\LPCworkspace\nxp_lpcxpresso_11u14_board_lib\Debug\libnxp_lpcxpresso_11u14_board_lib.a(board.o)
                0x00000580                Board_Init
 .text.Chip_FMC_SetFLASHAccess
                0x00000598       0x2c C:\Users\Oliver\LPCworkspace\nxp_lpcxpresso_11u14_board_lib\Debug\libnxp_lpcxpresso_11u14_board_lib.a(board_sysinit.o)
 .text.Chip_Clock_SetupSystemPLL
                0x000005c4       0x34 C:\Users\Oliver\LPCworkspace\nxp_lpcxpresso_11u14_board_lib\Debug\libnxp_lpcxpresso_11u14_board_lib.a(board_sysinit.o)
 .text.Chip_Clock_IsSystemPLLLocked
                0x000005f8       0x1c C:\Users\Oliver\LPCworkspace\nxp_lpcxpresso_11u14_board_lib\Debug\libnxp_lpcxpresso_11u14_board_lib.a(board_sysinit.o)
 .text.Chip_Clock_SetupUSBPLL
                0x00000614       0x34 C:\Users\Oliver\LPCworkspace\nxp_lpcxpresso_11u14_board_lib\Debug\libnxp_lpcxpresso_11u14_board_lib.a(board_sysinit.o)
 .text.Chip_Clock_IsUSBPLLLocked
                0x00000648       0x1c C:\Users\Oliver\LPCworkspace\nxp_lpcxpresso_11u14_board_lib\Debug\libnxp_lpcxpresso_11u14_board_lib.a(board_sysinit.o)
 .text.Chip_Clock_SetSysClockDiv
                0x00000664       0x18 C:\Users\Oliver\LPCworkspace\nxp_lpcxpresso_11u14_board_lib\Debug\libnxp_lpcxpresso_11u14_board_lib.a(board_sysinit.o)
 .text.Chip_Clock_EnablePeriphClock
                0x0000067c       0x30 C:\Users\Oliver\LPCworkspace\nxp_lpcxpresso_11u14_board_lib\Debug\libnxp_lpcxpresso_11u14_board_lib.a(board_sysinit.o)
 .text.SystemSetupClocking
                0x000006ac       0x90 C:\Users\Oliver\LPCworkspace\nxp_lpcxpresso_11u14_board_lib\Debug\libnxp_lpcxpresso_11u14_board_lib.a(board_sysinit.o)
 .text.SystemSetupMuxing
                0x0000073c       0x58 C:\Users\Oliver\LPCworkspace\nxp_lpcxpresso_11u14_board_lib\Debug\libnxp_lpcxpresso_11u14_board_lib.a(board_sysinit.o)
 .text.Board_SystemInit
                0x00000794       0x10 C:\Users\Oliver\LPCworkspace\nxp_lpcxpresso_11u14_board_lib\Debug\libnxp_lpcxpresso_11u14_board_lib.a(board_sysinit.o)
                0x00000794                Board_SystemInit
 .text.Chip_Clock_SetSystemPLLSource
                0x000007a4       0x2c C:\Users\Oliver\LPCworkspace\lpc_chip_11uxx_lib\Debug\liblpc_chip_11uxx_lib.a(clock_11xx.o)
                0x000007a4                Chip_Clock_SetSystemPLLSource
 .text.Chip_Clock_SetUSBPLLSource
                0x000007d0       0x2c C:\Users\Oliver\LPCworkspace\lpc_chip_11uxx_lib\Debug\liblpc_chip_11uxx_lib.a(clock_11xx.o)
                0x000007d0                Chip_Clock_SetUSBPLLSource
 .text.Chip_Clock_SetMainClockSource
                0x000007fc       0x2c C:\Users\Oliver\LPCworkspace\lpc_chip_11uxx_lib\Debug\liblpc_chip_11uxx_lib.a(clock_11xx.o)
                0x000007fc                Chip_Clock_SetMainClockSource
 .text.Chip_Clock_SetUSBClockSource
                0x00000828       0x3c C:\Users\Oliver\LPCworkspace\lpc_chip_11uxx_lib\Debug\liblpc_chip_11uxx_lib.a(clock_11xx.o)
                0x00000828                Chip_Clock_SetUSBClockSource
 .text.Chip_Clock_EnablePeriphClock
                0x00000864       0x30 C:\Users\Oliver\LPCworkspace\lpc_chip_11uxx_lib\Debug\liblpc_chip_11uxx_lib.a(gpio_11xx_1.o)
 .text.Chip_GPIO_Init
                0x00000894       0x14 C:\Users\Oliver\LPCworkspace\lpc_chip_11uxx_lib\Debug\liblpc_chip_11uxx_lib.a(gpio_11xx_1.o)
                0x00000894                Chip_GPIO_Init
 .text.Chip_IOCON_PinMuxSet
                0x000008a8       0x50 C:\Users\Oliver\LPCworkspace\lpc_chip_11uxx_lib\Debug\liblpc_chip_11uxx_lib.a(iocon_11xx.o)
                0x000008a8                Chip_IOCON_PinMuxSet
 .text.Chip_SYSCTL_PowerDown
                0x000008f8       0x40 C:\Users\Oliver\LPCworkspace\lpc_chip_11uxx_lib\Debug\liblpc_chip_11uxx_lib.a(sysctl_11xx.o)
                0x000008f8                Chip_SYSCTL_PowerDown
 .text.Chip_SYSCTL_PowerUp
                0x00000938       0x44 C:\Users\Oliver\LPCworkspace\lpc_chip_11uxx_lib\Debug\liblpc_chip_11uxx_lib.a(sysctl_11xx.o)
                0x00000938                Chip_SYSCTL_PowerUp
 .text.def_ep_handler
                0x0000097c        0x4 C:\Users\Oliver\LPCworkspace\lpc_chip_11uxx_lib\libs\libusbd_11uxx_lib.a(hw_usbd_ip3511.o)
                0x0000097c                def_ep_handler
 .text.hwUSB_ForceFullSpeed
                0x00000980        0x4 C:\Users\Oliver\LPCworkspace\lpc_chip_11uxx_lib\libs\libusbd_11uxx_lib.a(hw_usbd_ip3511.o)
                0x00000980                hwUSB_ForceFullSpeed
 .text.hwUSB_GetMemSize
                0x00000984       0x14 C:\Users\Oliver\LPCworkspace\lpc_chip_11uxx_lib\libs\libusbd_11uxx_lib.a(hw_usbd_ip3511.o)
                0x00000984                hwUSB_GetMemSize
 .text.hwUSB_Connect
                0x00000998       0x28 C:\Users\Oliver\LPCworkspace\lpc_chip_11uxx_lib\libs\libusbd_11uxx_lib.a(hw_usbd_ip3511.o)
                0x00000998                hwUSB_Connect
 .text.hwUSB_WakeUp
                0x000009c0       0x20 C:\Users\Oliver\LPCworkspace\lpc_chip_11uxx_lib\libs\libusbd_11uxx_lib.a(hw_usbd_ip3511.o)
                0x000009c0                hwUSB_WakeUp
 .text.hwUSB_WakeUpCfg
                0x000009e0       0x28 C:\Users\Oliver\LPCworkspace\lpc_chip_11uxx_lib\libs\libusbd_11uxx_lib.a(hw_usbd_ip3511.o)
                0x000009e0                hwUSB_WakeUpCfg
 .text.hwUSB_SetAddress
                0x00000a08       0x1c C:\Users\Oliver\LPCworkspace\lpc_chip_11uxx_lib\libs\libusbd_11uxx_lib.a(hw_usbd_ip3511.o)
                0x00000a08                hwUSB_SetAddress
 .text.hwUSB_SetTestMode
                0x00000a24        0x8 C:\Users\Oliver\LPCworkspace\lpc_chip_11uxx_lib\libs\libusbd_11uxx_lib.a(hw_usbd_ip3511.o)
                0x00000a24                hwUSB_SetTestMode
 .text.hwUSB_Configure
                0x00000a2c       0x24 C:\Users\Oliver\LPCworkspace\lpc_chip_11uxx_lib\libs\libusbd_11uxx_lib.a(hw_usbd_ip3511.o)
                0x00000a2c                hwUSB_Configure
 .text.hwUSB_ConfigEP
                0x00000a50       0xcc C:\Users\Oliver\LPCworkspace\lpc_chip_11uxx_lib\libs\libusbd_11uxx_lib.a(hw_usbd_ip3511.o)
                0x00000a50                hwUSB_ConfigEP
 .text.hwUSB_DirCtrlEP
                0x00000b1c        0x4 C:\Users\Oliver\LPCworkspace\lpc_chip_11uxx_lib\libs\libusbd_11uxx_lib.a(hw_usbd_ip3511.o)
                0x00000b1c                hwUSB_DirCtrlEP
 .text.hwUSB_EnableEP
                0x00000b20       0x50 C:\Users\Oliver\LPCworkspace\lpc_chip_11uxx_lib\libs\libusbd_11uxx_lib.a(hw_usbd_ip3511.o)
                0x00000b20                hwUSB_EnableEP
 .text.hwUSB_DisableEP
                0x00000b70       0x34 C:\Users\Oliver\LPCworkspace\lpc_chip_11uxx_lib\libs\libusbd_11uxx_lib.a(hw_usbd_ip3511.o)
                0x00000b70                hwUSB_DisableEP
 .text.hwUSB_ResetEP
                0x00000ba4       0x4c C:\Users\Oliver\LPCworkspace\lpc_chip_11uxx_lib\libs\libusbd_11uxx_lib.a(hw_usbd_ip3511.o)
                0x00000ba4                hwUSB_ResetEP
 .text.hwUSB_SetStallEP
                0x00000bf0       0xb0 C:\Users\Oliver\LPCworkspace\lpc_chip_11uxx_lib\libs\libusbd_11uxx_lib.a(hw_usbd_ip3511.o)
                0x00000bf0                hwUSB_SetStallEP
 .text.hwUSB_ClrStallEP
                0x00000ca0       0xc0 C:\Users\Oliver\LPCworkspace\lpc_chip_11uxx_lib\libs\libusbd_11uxx_lib.a(hw_usbd_ip3511.o)
                0x00000ca0                hwUSB_ClrStallEP
 .text.hwUSB_EnableEvent
                0x00000d60      0x120 C:\Users\Oliver\LPCworkspace\lpc_chip_11uxx_lib\libs\libusbd_11uxx_lib.a(hw_usbd_ip3511.o)
                0x00000d60                hwUSB_EnableEvent
 .text.hwUSB_ReadSetupPkt
                0x00000e80       0x58 C:\Users\Oliver\LPCworkspace\lpc_chip_11uxx_lib\libs\libusbd_11uxx_lib.a(hw_usbd_ip3511.o)
                0x00000e80                hwUSB_ReadSetupPkt
 .text.hwUSB_ReadReqEP
                0x00000ed8        0x4 C:\Users\Oliver\LPCworkspace\lpc_chip_11uxx_lib\libs\libusbd_11uxx_lib.a(hw_usbd_ip3511.o)
                0x00000ed8                hwUSB_ReadReqEP
 .text.hwUSB_ReadEP
                0x00000edc       0xdc C:\Users\Oliver\LPCworkspace\lpc_chip_11uxx_lib\libs\libusbd_11uxx_lib.a(hw_usbd_ip3511.o)
                0x00000edc                hwUSB_ReadEP
 .text.hwUSB_WriteEP
                0x00000fb8       0xdc C:\Users\Oliver\LPCworkspace\lpc_chip_11uxx_lib\libs\libusbd_11uxx_lib.a(hw_usbd_ip3511.o)
                0x00000fb8                hwUSB_WriteEP
 .text.hwUSB_Reset
                0x00001094       0xcc C:\Users\Oliver\LPCworkspace\lpc_chip_11uxx_lib\libs\libusbd_11uxx_lib.a(hw_usbd_ip3511.o)
                0x00001094                hwUSB_Reset
 .text.hwUSB_Init
                0x00001160      0x1fc C:\Users\Oliver\LPCworkspace\lpc_chip_11uxx_lib\libs\libusbd_11uxx_lib.a(hw_usbd_ip3511.o)
                0x00001160                hwUSB_Init
 .text.hwUSB_ISR
                0x0000135c      0x1b0 C:\Users\Oliver\LPCworkspace\lpc_chip_11uxx_lib\libs\libusbd_11uxx_lib.a(hw_usbd_ip3511.o)
                0x0000135c                hwUSB_ISR
 .text.USB_ReqGetConfiguration
                0x0000150c       0x24 C:\Users\Oliver\LPCworkspace\lpc_chip_11uxx_lib\libs\libusbd_11uxx_lib.a(mw_usbd_core.o)
                0x0000150c                USB_ReqGetConfiguration
 .text.USBD_virt_to_phys
                0x00001530        0x4 C:\Users\Oliver\LPCworkspace\lpc_chip_11uxx_lib\libs\libusbd_11uxx_lib.a(mw_usbd_core.o)
                0x00001530                USBD_virt_to_phys
 .text.USBD_cache_flush
                0x00001534        0x4 C:\Users\Oliver\LPCworkspace\lpc_chip_11uxx_lib\libs\libusbd_11uxx_lib.a(mw_usbd_core.o)
                0x00001534                USBD_cache_flush
 .text.USB_ReqGetStatus
                0x00001538       0xa4 C:\Users\Oliver\LPCworkspace\lpc_chip_11uxx_lib\libs\libusbd_11uxx_lib.a(mw_usbd_core.o)
                0x00001538                USB_ReqGetStatus
 .text.USB_ReqGetDescriptor
                0x000015dc      0x11c C:\Users\Oliver\LPCworkspace\lpc_chip_11uxx_lib\libs\libusbd_11uxx_lib.a(mw_usbd_core.o)
                0x000015dc                USB_ReqGetDescriptor
 .text.USB_ReqGetInterface
                0x000016f8       0x40 C:\Users\Oliver\LPCworkspace\lpc_chip_11uxx_lib\libs\libusbd_11uxx_lib.a(mw_usbd_core.o)
                0x000016f8                USB_ReqGetInterface
 .text.USB_ReqSetInterface
                0x00001738      0x170 C:\Users\Oliver\LPCworkspace\lpc_chip_11uxx_lib\libs\libusbd_11uxx_lib.a(mw_usbd_core.o)
                0x00001738                USB_ReqSetInterface
 .text.USB_ReqSetConfiguration
                0x000018a8      0x258 C:\Users\Oliver\LPCworkspace\lpc_chip_11uxx_lib\libs\libusbd_11uxx_lib.a(mw_usbd_core.o)
                0x000018a8                USB_ReqSetConfiguration
 .text.USB_ReqSetClrFeature
                0x00001b00       0xe0 C:\Users\Oliver\LPCworkspace\lpc_chip_11uxx_lib\libs\libusbd_11uxx_lib.a(mw_usbd_core.o)
                0x00001b00                USB_ReqSetClrFeature
 .text.USB_EvtOutHandler
                0x00001be0       0xe4 C:\Users\Oliver\LPCworkspace\lpc_chip_11uxx_lib\libs\libusbd_11uxx_lib.a(mw_usbd_core.o)
                0x00001be0                USB_EvtOutHandler
 .text.USB_EndPoint0
                0x00001cc4      0x140 C:\Users\Oliver\LPCworkspace\lpc_chip_11uxx_lib\libs\libusbd_11uxx_lib.a(mw_usbd_core.o)
                0x00001cc4                USB_EndPoint0
 .text.USB_EvtSetupHandler
                0x00001e04      0x1f4 C:\Users\Oliver\LPCworkspace\lpc_chip_11uxx_lib\libs\libusbd_11uxx_lib.a(mw_usbd_core.o)
                0x00001e04                USB_EvtSetupHandler
 .text.mwUSB_ResetCore
                0x00001ff8       0x80 C:\Users\Oliver\LPCworkspace\lpc_chip_11uxx_lib\libs\libusbd_11uxx_lib.a(mw_usbd_core.o)
                0x00001ff8                mwUSB_ResetCore
 .text.mwUSB_SetupStage
                0x00002078       0x10 C:\Users\Oliver\LPCworkspace\lpc_chip_11uxx_lib\libs\libusbd_11uxx_lib.a(mw_usbd_core.o)
                0x00002078                mwUSB_SetupStage
 .text.mwUSB_DataInStage
                0x00002088       0x34 C:\Users\Oliver\LPCworkspace\lpc_chip_11uxx_lib\libs\libusbd_11uxx_lib.a(mw_usbd_core.o)
                0x00002088                mwUSB_DataInStage
 .text.mwUSB_DataOutStage
                0x000020bc       0x24 C:\Users\Oliver\LPCworkspace\lpc_chip_11uxx_lib\libs\libusbd_11uxx_lib.a(mw_usbd_core.o)
                0x000020bc                mwUSB_DataOutStage
 .text.mwUSB_StatusInStage
                0x000020e0       0x10 C:\Users\Oliver\LPCworkspace\lpc_chip_11uxx_lib\libs\libusbd_11uxx_lib.a(mw_usbd_core.o)
                0x000020e0                mwUSB_StatusInStage
 .text.mwUSB_StatusOutStage
                0x000020f0       0x10 C:\Users\Oliver\LPCworkspace\lpc_chip_11uxx_lib\libs\libusbd_11uxx_lib.a(mw_usbd_core.o)
                0x000020f0                mwUSB_StatusOutStage
 .text.mwUSB_StallEp0
                0x00002100       0x14 C:\Users\Oliver\LPCworkspace\lpc_chip_11uxx_lib\libs\libusbd_11uxx_lib.a(mw_usbd_core.o)
                0x00002100                mwUSB_StallEp0
 .text.mwUSB_InitCore
                0x00002114       0xe8 C:\Users\Oliver\LPCworkspace\lpc_chip_11uxx_lib\libs\libusbd_11uxx_lib.a(mw_usbd_core.o)
                0x00002114                mwUSB_InitCore
 .text.mwUSB_RegisterClassHandler
                0x000021fc       0x2c C:\Users\Oliver\LPCworkspace\lpc_chip_11uxx_lib\libs\libusbd_11uxx_lib.a(mw_usbd_core.o)
                0x000021fc                mwUSB_RegisterClassHandler
 .text.mwUSB_RegisterEpHandler
                0x00002228       0x28 C:\Users\Oliver\LPCworkspace\lpc_chip_11uxx_lib\libs\libusbd_11uxx_lib.a(mw_usbd_core.o)
                0x00002228                mwUSB_RegisterEpHandler
 .text.mwHID_GetReportDesc
                0x00002250       0x1c C:\Users\Oliver\LPCworkspace\lpc_chip_11uxx_lib\libs\libusbd_11uxx_lib.a(mw_usbd_hiduser.o)
                0x00002250                mwHID_GetReportDesc
 .text.mwHID_SetIdle
                0x0000226c       0x30 C:\Users\Oliver\LPCworkspace\lpc_chip_11uxx_lib\libs\libusbd_11uxx_lib.a(mw_usbd_hiduser.o)
                0x0000226c                mwHID_SetIdle
 .text.mwHID_ep0_hdlr
                0x0000229c      0x1e8 C:\Users\Oliver\LPCworkspace\lpc_chip_11uxx_lib\libs\libusbd_11uxx_lib.a(mw_usbd_hiduser.o)
                0x0000229c                mwHID_ep0_hdlr
 .text.mwHID_GetMemSize
                0x00002484        0x8 C:\Users\Oliver\LPCworkspace\lpc_chip_11uxx_lib\libs\libusbd_11uxx_lib.a(mw_usbd_hiduser.o)
                0x00002484                mwHID_GetMemSize
 .text.mwHID_init
                0x0000248c      0x1a0 C:\Users\Oliver\LPCworkspace\lpc_chip_11uxx_lib\libs\libusbd_11uxx_lib.a(mw_usbd_hiduser.o)
                0x0000248c                mwHID_init
 .text.__main   0x0000262c       0x12 c:/nxp/lpcxpresso_7.7.2_379/lpcxpresso/tools/bin/../lib/gcc/arm-none-eabi/4.9.3/../../../../arm-none-eabi/lib/armv6-m\libcr_nohost.a(_cr__main.o)
                0x0000262c                __main
 .text.memcpy   0x0000263e        0x8 c:/nxp/lpcxpresso_7.7.2_379/lpcxpresso/tools/bin/../lib/gcc/arm-none-eabi/4.9.3/../../../../arm-none-eabi/lib/armv6-m\libcr_c.a(memcpy.o)
                0x0000263e                memcpy
 .text.memset   0x00002646        0x8 c:/nxp/lpcxpresso_7.7.2_379/lpcxpresso/tools/bin/../lib/gcc/arm-none-eabi/4.9.3/../../../../arm-none-eabi/lib/armv6-m\libcr_c.a(memset.o)
                0x00002646                memset
 *fill*         0x0000264e        0x2 
 .text._initio  0x00002650       0xa8 c:/nxp/lpcxpresso_7.7.2_379/lpcxpresso/tools/bin/../lib/gcc/arm-none-eabi/4.9.3/../../../../arm-none-eabi/lib/armv6-m\libcr_c.a(initio.o)
                0x00002650                _initio
 .text.setvbuf  0x000026f8       0x48 c:/nxp/lpcxpresso_7.7.2_379/lpcxpresso/tools/bin/../lib/gcc/arm-none-eabi/4.9.3/../../../../arm-none-eabi/lib/armv6-m\libcr_c.a(setvbuf.o)
                0x000026f8                setvbuf
 .text._deferredlazyseek
                0x00002740       0x44 c:/nxp/lpcxpresso_7.7.2_379/lpcxpresso/tools/bin/../lib/gcc/arm-none-eabi/4.9.3/../../../../arm-none-eabi/lib/armv6-m\libcr_c.a(_deferredlazyseek.o)
                0x00002740                _deferredlazyseek
 .text._fdopen  0x00002784       0x68 c:/nxp/lpcxpresso_7.7.2_379/lpcxpresso/tools/bin/../lib/gcc/arm-none-eabi/4.9.3/../../../../arm-none-eabi/lib/armv6-m\libcr_c.a(_fdopen.o)
                0x00002784                _fdopen
 .text._fflush  0x000027ec       0x64 c:/nxp/lpcxpresso_7.7.2_379/lpcxpresso/tools/bin/../lib/gcc/arm-none-eabi/4.9.3/../../../../arm-none-eabi/lib/armv6-m\libcr_c.a(_fflush.o)
                0x000027ec                _fflush
 .text._Cwritebuf
                0x00002850       0x6c c:/nxp/lpcxpresso_7.7.2_379/lpcxpresso/tools/bin/../lib/gcc/arm-none-eabi/4.9.3/../../../../arm-none-eabi/lib/armv6-m\libcr_c.a(_writebuf.o)
                0x00002850                _Cwritebuf
 .text.malloc   0x000028bc       0xcc c:/nxp/lpcxpresso_7.7.2_379/lpcxpresso/tools/bin/../lib/gcc/arm-none-eabi/4.9.3/../../../../arm-none-eabi/lib/armv6-m\libcr_c.a(alloc.o)
                0x000028bc                malloc
 .text.free     0x00002988       0x2e c:/nxp/lpcxpresso_7.7.2_379/lpcxpresso/tools/bin/../lib/gcc/arm-none-eabi/4.9.3/../../../../arm-none-eabi/lib/armv6-m\libcr_c.a(alloc.o)
                0x00002988                free
 *fill*         0x000029b6        0x2 
 .text._Csys_alloc
                0x000029b8       0x20 c:/nxp/lpcxpresso_7.7.2_379/lpcxpresso/tools/bin/../lib/gcc/arm-none-eabi/4.9.3/../../../../arm-none-eabi/lib/armv6-m\libcr_c.a(alloc.o)
                0x000029b8                _Csys_alloc
 .text.fclose   0x000029d8       0x70 c:/nxp/lpcxpresso_7.7.2_379/lpcxpresso/tools/bin/../lib/gcc/arm-none-eabi/4.9.3/../../../../arm-none-eabi/lib/armv6-m\libcr_c.a(fclose.o)
                0x000029d8                fclose
 .text.fflush   0x00002a48       0x34 c:/nxp/lpcxpresso_7.7.2_379/lpcxpresso/tools/bin/../lib/gcc/arm-none-eabi/4.9.3/../../../../arm-none-eabi/lib/armv6-m\libcr_c.a(fflush.o)
                0x00002a48                fflush
 .text.fseek    0x00002a7c      0x100 c:/nxp/lpcxpresso_7.7.2_379/lpcxpresso/tools/bin/../lib/gcc/arm-none-eabi/4.9.3/../../../../arm-none-eabi/lib/armv6-m\libcr_c.a(fseek.o)
                0x00002a7c                fseek
 .text.ftell    0x00002b7c       0x4c c:/nxp/lpcxpresso_7.7.2_379/lpcxpresso/tools/bin/../lib/gcc/arm-none-eabi/4.9.3/../../../../arm-none-eabi/lib/armv6-m\libcr_c.a(ftell.o)
                0x00002b7c                ftell
 .text.remove   0x00002bc8       0x12 c:/nxp/lpcxpresso_7.7.2_379/lpcxpresso/tools/bin/../lib/gcc/arm-none-eabi/4.9.3/../../../../arm-none-eabi/lib/armv6-m\libcr_c.a(remove.o)
                0x00002bc8                remove
 *fill*         0x00002bda        0x2 
 .text.strlen   0x00002bdc       0x54 c:/nxp/lpcxpresso_7.7.2_379/lpcxpresso/tools/bin/../lib/gcc/arm-none-eabi/4.9.3/../../../../arm-none-eabi/lib/armv6-m\libcr_c.a(strlen.o)
                0x00002bdc                strlen
 .text._sbrk    0x00002c30       0x40 c:/nxp/lpcxpresso_7.7.2_379/lpcxpresso/tools/bin/../lib/gcc/arm-none-eabi/4.9.3/../../../../arm-none-eabi/lib/armv6-m\libcr_c.a(_cr_sbrk.o)
                0x00002c30                _sbrk
 .text._do_fflush
                0x00002c70       0x4c c:/nxp/lpcxpresso_7.7.2_379/lpcxpresso/tools/bin/../lib/gcc/arm-none-eabi/4.9.3/../../../../arm-none-eabi/lib/armv6-m\libcr_c.a(_do_fflush.o)
                0x00002c70                _do_fflush
 .text.__check_heap_overflow
                0x00002cbc       0x14 c:/nxp/lpcxpresso_7.7.2_379/lpcxpresso/tools/bin/../lib/gcc/arm-none-eabi/4.9.3/../../../../arm-none-eabi/lib/armv6-m\libcr_c.a(_cr_check_heap.o)
                0x00002cbc                __check_heap_overflow
 .text.__aeabi_memcpy
                0x00002cd0       0x2c c:/nxp/lpcxpresso_7.7.2_379/lpcxpresso/tools/bin/../lib/gcc/arm-none-eabi/4.9.3/armv6-m\libcr_eabihelpers.a(memcpy.o)
                0x00002cd0                __aeabi_memcpy4
                0x00002cd0                __aeabi_memcpy8
                0x00002cd0                __aeabi_memcpy
 .text.__aeabi_memset_lowlevel
                0x00002cfc       0x2a c:/nxp/lpcxpresso_7.7.2_379/lpcxpresso/tools/bin/../lib/gcc/arm-none-eabi/4.9.3/armv6-m\libcr_eabihelpers.a(memcpy.o)
                0x00002cfc                __aeabi_lowlevel_memset
 .text.__sys_appexit
                0x00002d26        0x2 c:/nxp/lpcxpresso_7.7.2_379/lpcxpresso/tools/bin/../lib/gcc/arm-none-eabi/4.9.3/../../../../arm-none-eabi/lib/armv6-m\libcr_nohost.a(__sys_appexit.o)
                0x00002d26                __sys_appexit
                0x00002d26                __exit
 .text.__sys_close
                0x00002d28        0x6 c:/nxp/lpcxpresso_7.7.2_379/lpcxpresso/tools/bin/../lib/gcc/arm-none-eabi/4.9.3/../../../../arm-none-eabi/lib/armv6-m\libcr_nohost.a(__sys_close.o)
                0x00002d28                __sys_close
 .text.__sys_flen
                0x00002d2e        0x6 c:/nxp/lpcxpresso_7.7.2_379/lpcxpresso/tools/bin/../lib/gcc/arm-none-eabi/4.9.3/../../../../arm-none-eabi/lib/armv6-m\libcr_nohost.a(__sys_flen.o)
                0x00002d2e                __sys_flen
 .text.__sys_istty
                0x00002d34        0x6 c:/nxp/lpcxpresso_7.7.2_379/lpcxpresso/tools/bin/../lib/gcc/arm-none-eabi/4.9.3/../../../../arm-none-eabi/lib/armv6-m\libcr_nohost.a(__sys_istty.o)
                0x00002d34                __sys_istty
 .text.__sys_remove
                0x00002d3a        0x6 c:/nxp/lpcxpresso_7.7.2_379/lpcxpresso/tools/bin/../lib/gcc/arm-none-eabi/4.9.3/../../../../arm-none-eabi/lib/armv6-m\libcr_nohost.a(__sys_remove.o)
                0x00002d3a                __sys_remove
 .text.__sys_seek
                0x00002d40        0x6 c:/nxp/lpcxpresso_7.7.2_379/lpcxpresso/tools/bin/../lib/gcc/arm-none-eabi/4.9.3/../../../../arm-none-eabi/lib/armv6-m\libcr_nohost.a(__sys_seek.o)
                0x00002d40                __sys_seek
 .text.__sys_tmpnam
                0x00002d46        0x6 c:/nxp/lpcxpresso_7.7.2_379/lpcxpresso/tools/bin/../lib/gcc/arm-none-eabi/4.9.3/../../../../arm-none-eabi/lib/armv6-m\libcr_nohost.a(__sys_tmpnam.o)
                0x00002d46                __sys_tmpnam
 *(.rodata .rodata.* .constdata .constdata.*)
 .rodata.HID_ReportDescriptor
                0x00002d4c       0x24 ./example/src/hid_desc.o
                0x00002d4c                HID_ReportDescriptor
 .rodata.HID_ReportDescSize
                0x00002d70        0x2 ./example/src/hid_desc.o
                0x00002d70                HID_ReportDescSize
 *fill*         0x00002d72        0x2 
 .rodata.USB_DeviceDescriptor
                0x00002d74       0x14 ./example/src/hid_desc.o
                0x00002d74                USB_DeviceDescriptor
 .rodata.USB_StringDescriptor
                0x00002d88       0x68 ./example/src/hid_desc.o
                0x00002d88                USB_StringDescriptor
 .rodata.g_usbApi
                0x00002df0       0x20 ./example/src/hid_main.o
 .rodata.pinmuxing
                0x00002e10       0x24 C:\Users\Oliver\LPCworkspace\nxp_lpcxpresso_11u14_board_lib\Debug\libnxp_lpcxpresso_11u14_board_lib.a(board_sysinit.o)
 .rodata.hw_api
                0x00002e34       0x5c C:\Users\Oliver\LPCworkspace\lpc_chip_11uxx_lib\libs\libusbd_11uxx_lib.a(mw_usbd_rom_api.o)
                0x00002e34                hw_api
 .rodata.core_api
                0x00002e90       0x20 C:\Users\Oliver\LPCworkspace\lpc_chip_11uxx_lib\libs\libusbd_11uxx_lib.a(mw_usbd_rom_api.o)
                0x00002e90                core_api
 .rodata.hid_api
                0x00002eb0        0x8 C:\Users\Oliver\LPCworkspace\lpc_chip_11uxx_lib\libs\libusbd_11uxx_lib.a(mw_usbd_rom_api.o)
                0x00002eb0                hid_api
 .rodata.hwUSB_EnableEvent
                0x00002eb8       0x38 C:\Users\Oliver\LPCworkspace\lpc_chip_11uxx_lib\libs\libusbd_11uxx_lib.a(hw_usbd_ip3511.o)
 .rodata.USB_EndPoint0
                0x00002ef0       0x20 C:\Users\Oliver\LPCworkspace\lpc_chip_11uxx_lib\libs\libusbd_11uxx_lib.a(mw_usbd_core.o)
 .rodata.USB_EvtSetupHandler
                0x00002f10       0x30 C:\Users\Oliver\LPCworkspace\lpc_chip_11uxx_lib\libs\libusbd_11uxx_lib.a(mw_usbd_core.o)
 .rodata.mwHID_ep0_hdlr
                0x00002f40       0x30 C:\Users\Oliver\LPCworkspace\lpc_chip_11uxx_lib\libs\libusbd_11uxx_lib.a(mw_usbd_hiduser.o)
 .rodata.str1.1
                0x00002f70        0x4 c:/nxp/lpcxpresso_7.7.2_379/lpcxpresso/tools/bin/../lib/gcc/arm-none-eabi/4.9.3/../../../../arm-none-eabi/lib/armv6-m\libcr_c.a(initio.o)
 .rodata.str1.1
                0x00002f74       0x18 c:/nxp/lpcxpresso_7.7.2_379/lpcxpresso/tools/bin/../lib/gcc/arm-none-eabi/4.9.3/../../../../arm-none-eabi/lib/armv6-m\libcr_c.a(alloc.o)
                0x00002f8c                . = ALIGN (0x4)

.glue_7         0x00002f8c        0x0
 .glue_7        0x00000000        0x0 linker stubs

.glue_7t        0x00002f8c        0x0
 .glue_7t       0x00000000        0x0 linker stubs

.vfp11_veneer   0x00002f8c        0x0
 .vfp11_veneer  0x00000000        0x0 linker stubs

.v4_bx          0x00002f8c        0x0
 .v4_bx         0x00000000        0x0 linker stubs

.iplt           0x00002f8c        0x0
 .iplt          0x00000000        0x0 ./example/src/cr_startup_lpc11xx.o

.rel.dyn        0x00002f8c        0x0
 .rel.iplt      0x00000000        0x0 ./example/src/cr_startup_lpc11xx.o

.ARM.extab
 *(.ARM.extab* .gnu.linkonce.armextab.*)
                0x00002f8c                __exidx_start = .

.ARM.exidx
 *(.ARM.exidx* .gnu.linkonce.armexidx.*)
                0x00002f8c                __exidx_end = .
                0x00002f8c                _etext = .

.data_RAM2      0x20004000        0x0 load address 0x00002f8c
 FILL mask 0xff
                0x20004000                PROVIDE (__start_data_RAM2, .)
 *(.ramfunc.$RAM2)
 *(.ramfunc.$RamUsb2)
 *(.data.$RAM2*)
 *(.data.$RamUsb2*)
                0x20004000                . = ALIGN (0x4)
                0x20004000                PROVIDE (__end_data_RAM2, .)

.uninit_RESERVED
                0x10000000        0x0
 *(.bss.$RESERVED*)
                0x10000000                . = ALIGN (0x4)
                0x10000000                _end_uninit_RESERVED = .

.data           0x10000000       0x30 load address 0x00002f8c
 FILL mask 0xff
                0x10000000                _data = .
 *(vtable)
 *(.ramfunc*)
 *(.data*)
 .data.USB_FsConfigDescriptor
                0x10000000       0x2c ./example/src/hid_desc.o
                0x10000000                USB_FsConfigDescriptor
 .data.g_pUsbApi
                0x1000002c        0x4 ./example/src/hid_main.o
                0x1000002c                g_pUsbApi
                0x10000030                . = ALIGN (0x4)
                0x10000030                _edata = .

.igot.plt       0x10000030        0x0 load address 0x00002fbc
 .igot.plt      0x00000000        0x0 ./example/src/cr_startup_lpc11xx.o

.bss_RAM2       0x20004000        0x0
                0x20004000                PROVIDE (__start_bss_RAM2, .)
 *(.bss.$RAM2*)
 *(.bss.$RamUsb2*)
                0x20004000                . = ALIGN (0x4)
                0x20004000                PROVIDE (__end_bss_RAM2, .)

.bss            0x10000030      0x158
                0x10000030                _bss = .
 *(.bss*)
 .bss.loopback_report
                0x10000030        0x4 ./example/src/hid_generic.o
 .bss.g_hUsb    0x10000034        0x4 ./example/src/hid_main.o
 .bss.errno     0x10000038        0x4 c:/nxp/lpcxpresso_7.7.2_379/lpcxpresso/tools/bin/../lib/gcc/arm-none-eabi/4.9.3/../../../../arm-none-eabi/lib/armv6-m\libcr_c.a(errno.o)
                0x10000038                errno
 *(COMMON)
 COMMON         0x1000003c        0x4 c:/nxp/lpcxpresso_7.7.2_379/lpcxpresso/tools/bin/../lib/gcc/arm-none-eabi/4.9.3/../../../../arm-none-eabi/lib/armv6-m\libcr_c.a(initio.o)
                0x1000003c                _extra
 COMMON         0x10000040      0x140 c:/nxp/lpcxpresso_7.7.2_379/lpcxpresso/tools/bin/../lib/gcc/arm-none-eabi/4.9.3/../../../../arm-none-eabi/lib/armv6-m\libcr_c.a(stdio.o)
                0x10000040                __Ciob
 COMMON         0x10000180        0x8 c:/nxp/lpcxpresso_7.7.2_379/lpcxpresso/tools/bin/../lib/gcc/arm-none-eabi/4.9.3/../../../../arm-none-eabi/lib/armv6-m\libcr_c.a(__init_alloc.o)
                0x10000180                __heaps
                0x10000184                __end_of_heap
                0x10000188                . = ALIGN (0x4)
                0x10000188                _ebss = .
                0x10000188                PROVIDE (end, .)

.noinit_RAM2    0x20004000        0x0
 *(.noinit.$RAM2*)
 *(.noinit.$RamUsb2*)
                0x20004000                . = ALIGN (0x4)

.noinit         0x10000188        0x0
                0x10000188                _noinit = .
 *(.noinit*)
                0x10000188                . = ALIGN (0x4)
                0x10000188                _end_noinit = .
                0x10000188                PROVIDE (_pvHeapStart, DEFINED (__user_heap_base)?__user_heap_base:.)
                0x10001800                PROVIDE (_vStackTop, DEFINED (__user_stack_top)?__user_stack_top:(__top_RamLoc6 - 0x0))
OUTPUT(nxp_lpcxpresso_11u14_usbd_lib_hid_generic.axf elf32-littlearm)

.debug_info     0x00000000     0x6172
 .debug_info    0x00000000      0x252 ./example/src/cr_startup_lpc11xx.o
 .debug_info    0x00000252      0x135 ./example/src/hid_desc.o
 .debug_info    0x00000387     0x182a ./example/src/hid_generic.o
 .debug_info    0x00001bb1     0x1afe ./example/src/hid_main.o
 .debug_info    0x000036af       0xb8 ./example/src/sysinit.o
 .debug_info    0x00003767      0x79e C:\Users\Oliver\LPCworkspace\nxp_lpcxpresso_11u14_board_lib\Debug\libnxp_lpcxpresso_11u14_board_lib.a(board.o)
 .debug_info    0x00003f05      0x95c C:\Users\Oliver\LPCworkspace\nxp_lpcxpresso_11u14_board_lib\Debug\libnxp_lpcxpresso_11u14_board_lib.a(board_sysinit.o)
 .debug_info    0x00004861      0x8ca C:\Users\Oliver\LPCworkspace\lpc_chip_11uxx_lib\Debug\liblpc_chip_11uxx_lib.a(clock_11xx.o)
 .debug_info    0x0000512b      0x96f C:\Users\Oliver\LPCworkspace\lpc_chip_11uxx_lib\Debug\liblpc_chip_11uxx_lib.a(gpio_11xx_1.o)
 .debug_info    0x00005a9a      0x155 C:\Users\Oliver\LPCworkspace\lpc_chip_11uxx_lib\Debug\liblpc_chip_11uxx_lib.a(iocon_11xx.o)
 .debug_info    0x00005bef      0x583 C:\Users\Oliver\LPCworkspace\lpc_chip_11uxx_lib\Debug\liblpc_chip_11uxx_lib.a(sysctl_11xx.o)

.debug_abbrev   0x00000000      0xf37
 .debug_abbrev  0x00000000       0xf9 ./example/src/cr_startup_lpc11xx.o
 .debug_abbrev  0x000000f9       0x60 ./example/src/hid_desc.o
 .debug_abbrev  0x00000159      0x1f9 ./example/src/hid_generic.o
 .debug_abbrev  0x00000352      0x2b3 ./example/src/hid_main.o
 .debug_abbrev  0x00000605       0x6a ./example/src/sysinit.o
 .debug_abbrev  0x0000066f      0x238 C:\Users\Oliver\LPCworkspace\nxp_lpcxpresso_11u14_board_lib\Debug\libnxp_lpcxpresso_11u14_board_lib.a(board.o)
 .debug_abbrev  0x000008a7      0x1cb C:\Users\Oliver\LPCworkspace\nxp_lpcxpresso_11u14_board_lib\Debug\libnxp_lpcxpresso_11u14_board_lib.a(board_sysinit.o)
 .debug_abbrev  0x00000a72      0x1bc C:\Users\Oliver\LPCworkspace\lpc_chip_11uxx_lib\Debug\liblpc_chip_11uxx_lib.a(clock_11xx.o)
 .debug_abbrev  0x00000c2e      0x173 C:\Users\Oliver\LPCworkspace\lpc_chip_11uxx_lib\Debug\liblpc_chip_11uxx_lib.a(gpio_11xx_1.o)
 .debug_abbrev  0x00000da1       0xc8 C:\Users\Oliver\LPCworkspace\lpc_chip_11uxx_lib\Debug\liblpc_chip_11uxx_lib.a(iocon_11xx.o)
 .debug_abbrev  0x00000e69       0xce C:\Users\Oliver\LPCworkspace\lpc_chip_11uxx_lib\Debug\liblpc_chip_11uxx_lib.a(sysctl_11xx.o)

.debug_loc      0x00000000      0x1a4
 .debug_loc     0x00000000      0x1a4 ./example/src/cr_startup_lpc11xx.o

.debug_aranges  0x00000000      0x3c0
 .debug_aranges
                0x00000000       0x60 ./example/src/cr_startup_lpc11xx.o
 .debug_aranges
                0x00000060       0x18 ./example/src/hid_desc.o
 .debug_aranges
                0x00000078       0x38 ./example/src/hid_generic.o
 .debug_aranges
                0x000000b0       0x48 ./example/src/hid_main.o
 .debug_aranges
                0x000000f8       0x20 ./example/src/sysinit.o
 .debug_aranges
                0x00000118       0xd0 C:\Users\Oliver\LPCworkspace\nxp_lpcxpresso_11u14_board_lib\Debug\libnxp_lpcxpresso_11u14_board_lib.a(board.o)
 .debug_aranges
                0x000001e8       0x68 C:\Users\Oliver\LPCworkspace\nxp_lpcxpresso_11u14_board_lib\Debug\libnxp_lpcxpresso_11u14_board_lib.a(board_sysinit.o)
 .debug_aranges
                0x00000250       0xa0 C:\Users\Oliver\LPCworkspace\lpc_chip_11uxx_lib\Debug\liblpc_chip_11uxx_lib.a(clock_11xx.o)
 .debug_aranges
                0x000002f0       0x78 C:\Users\Oliver\LPCworkspace\lpc_chip_11uxx_lib\Debug\liblpc_chip_11uxx_lib.a(gpio_11xx_1.o)
 .debug_aranges
                0x00000368       0x20 C:\Users\Oliver\LPCworkspace\lpc_chip_11uxx_lib\Debug\liblpc_chip_11uxx_lib.a(iocon_11xx.o)
 .debug_aranges
                0x00000388       0x38 C:\Users\Oliver\LPCworkspace\lpc_chip_11uxx_lib\Debug\liblpc_chip_11uxx_lib.a(sysctl_11xx.o)

.debug_ranges   0x00000000      0x308
 .debug_ranges  0x00000000       0x50 ./example/src/cr_startup_lpc11xx.o
 .debug_ranges  0x00000050       0x28 ./example/src/hid_generic.o
 .debug_ranges  0x00000078       0x38 ./example/src/hid_main.o
 .debug_ranges  0x000000b0       0x10 ./example/src/sysinit.o
 .debug_ranges  0x000000c0       0xc0 C:\Users\Oliver\LPCworkspace\nxp_lpcxpresso_11u14_board_lib\Debug\libnxp_lpcxpresso_11u14_board_lib.a(board.o)
 .debug_ranges  0x00000180       0x58 C:\Users\Oliver\LPCworkspace\nxp_lpcxpresso_11u14_board_lib\Debug\libnxp_lpcxpresso_11u14_board_lib.a(board_sysinit.o)
 .debug_ranges  0x000001d8       0x90 C:\Users\Oliver\LPCworkspace\lpc_chip_11uxx_lib\Debug\liblpc_chip_11uxx_lib.a(clock_11xx.o)
 .debug_ranges  0x00000268       0x68 C:\Users\Oliver\LPCworkspace\lpc_chip_11uxx_lib\Debug\liblpc_chip_11uxx_lib.a(gpio_11xx_1.o)
 .debug_ranges  0x000002d0       0x10 C:\Users\Oliver\LPCworkspace\lpc_chip_11uxx_lib\Debug\liblpc_chip_11uxx_lib.a(iocon_11xx.o)
 .debug_ranges  0x000002e0       0x28 C:\Users\Oliver\LPCworkspace\lpc_chip_11uxx_lib\Debug\liblpc_chip_11uxx_lib.a(sysctl_11xx.o)

.debug_macro    0x00000000     0x4d41
 .debug_macro   0x00000000       0x26 ./example/src/cr_startup_lpc11xx.o
 .debug_macro   0x00000026      0x83e ./example/src/cr_startup_lpc11xx.o
 .debug_macro   0x00000864       0x10 ./example/src/cr_startup_lpc11xx.o
 .debug_macro   0x00000874      0x107 ./example/src/hid_desc.o
 .debug_macro   0x0000097b      0x838 ./example/src/hid_desc.o
 .debug_macro   0x000011b3       0x10 ./example/src/hid_desc.o
 .debug_macro   0x000011c3      0x12d ./example/src/hid_desc.o
 .debug_macro   0x000012f0      0x5b2 ./example/src/hid_desc.o
 .debug_macro   0x000018a2       0x22 ./example/src/hid_desc.o
 .debug_macro   0x000018c4       0x7b ./example/src/hid_desc.o
 .debug_macro   0x0000193f       0x11 ./example/src/hid_desc.o
 .debug_macro   0x00001950      0x26c ./example/src/hid_desc.o
 .debug_macro   0x00001bbc       0x46 ./example/src/hid_desc.o
 .debug_macro   0x00001c02       0x12 ./example/src/hid_desc.o
 .debug_macro   0x00001c14       0xfa ./example/src/hid_desc.o
 .debug_macro   0x00001d0e       0xee ./example/src/hid_desc.o
 .debug_macro   0x00001dfc      0x693 ./example/src/hid_desc.o
 .debug_macro   0x0000248f      0x272 ./example/src/hid_desc.o
 .debug_macro   0x00002701       0x10 ./example/src/hid_desc.o
 .debug_macro   0x00002711      0x239 ./example/src/hid_generic.o
 .debug_macro   0x0000294a       0x1f ./example/src/hid_generic.o
 .debug_macro   0x00002969       0x3a ./example/src/hid_generic.o
 .debug_macro   0x000029a3      0x241 ./example/src/hid_generic.o
 .debug_macro   0x00002be4      0x125 ./example/src/hid_generic.o
 .debug_macro   0x00002d09       0x2e ./example/src/hid_generic.o
 .debug_macro   0x00002d37       0xf1 ./example/src/hid_generic.o
 .debug_macro   0x00002e28       0x10 ./example/src/hid_generic.o
 .debug_macro   0x00002e38      0x137 ./example/src/hid_generic.o
 .debug_macro   0x00002f6f       0x4c ./example/src/hid_generic.o
 .debug_macro   0x00002fbb       0x16 ./example/src/hid_generic.o
 .debug_macro   0x00002fd1      0x31a ./example/src/hid_generic.o
 .debug_macro   0x000032eb       0x4f ./example/src/hid_generic.o
 .debug_macro   0x0000333a       0xb8 ./example/src/hid_generic.o
 .debug_macro   0x000033f2       0x7c ./example/src/hid_generic.o
 .debug_macro   0x0000346e       0x1c ./example/src/hid_generic.o
 .debug_macro   0x0000348a       0x40 ./example/src/hid_generic.o
 .debug_macro   0x000034ca      0x21c ./example/src/hid_generic.o
 .debug_macro   0x000036e6       0x58 ./example/src/hid_generic.o
 .debug_macro   0x0000373e       0x9a ./example/src/hid_generic.o
 .debug_macro   0x000037d8       0x20 ./example/src/hid_generic.o
 .debug_macro   0x000037f8      0x24b ./example/src/hid_main.o
 .debug_macro   0x00003a43      0x193 ./example/src/sysinit.o
 .debug_macro   0x00003bd6      0x1e8 C:\Users\Oliver\LPCworkspace\nxp_lpcxpresso_11u14_board_lib\Debug\libnxp_lpcxpresso_11u14_board_lib.a(board.o)
 .debug_macro   0x00003dbe      0x832 C:\Users\Oliver\LPCworkspace\nxp_lpcxpresso_11u14_board_lib\Debug\libnxp_lpcxpresso_11u14_board_lib.a(board.o)
 .debug_macro   0x000045f0       0x12 C:\Users\Oliver\LPCworkspace\nxp_lpcxpresso_11u14_board_lib\Debug\libnxp_lpcxpresso_11u14_board_lib.a(board.o)
 .debug_macro   0x00004602      0x1a1 C:\Users\Oliver\LPCworkspace\nxp_lpcxpresso_11u14_board_lib\Debug\libnxp_lpcxpresso_11u14_board_lib.a(board_sysinit.o)
 .debug_macro   0x000047a3      0x15d C:\Users\Oliver\LPCworkspace\lpc_chip_11uxx_lib\Debug\liblpc_chip_11uxx_lib.a(clock_11xx.o)
 .debug_macro   0x00004900      0x15d C:\Users\Oliver\LPCworkspace\lpc_chip_11uxx_lib\Debug\liblpc_chip_11uxx_lib.a(gpio_11xx_1.o)
 .debug_macro   0x00004a5d      0x15d C:\Users\Oliver\LPCworkspace\lpc_chip_11uxx_lib\Debug\liblpc_chip_11uxx_lib.a(iocon_11xx.o)
 .debug_macro   0x00004bba      0x187 C:\Users\Oliver\LPCworkspace\lpc_chip_11uxx_lib\Debug\liblpc_chip_11uxx_lib.a(sysctl_11xx.o)

.debug_line     0x00000000     0x2871
 .debug_line    0x00000000       0xfd ./example/src/cr_startup_lpc11xx.o
 .debug_line    0x000000fd      0x2a9 ./example/src/hid_desc.o
 .debug_line    0x000003a6      0x50f ./example/src/hid_generic.o
 .debug_line    0x000008b5      0x54c ./example/src/hid_main.o
 .debug_line    0x00000e01      0x33b ./example/src/sysinit.o
 .debug_line    0x0000113c      0x51e C:\Users\Oliver\LPCworkspace\nxp_lpcxpresso_11u14_board_lib\Debug\libnxp_lpcxpresso_11u14_board_lib.a(board.o)
 .debug_line    0x0000165a      0x43d C:\Users\Oliver\LPCworkspace\nxp_lpcxpresso_11u14_board_lib\Debug\libnxp_lpcxpresso_11u14_board_lib.a(board_sysinit.o)
 .debug_line    0x00001a97      0x43f C:\Users\Oliver\LPCworkspace\lpc_chip_11uxx_lib\Debug\liblpc_chip_11uxx_lib.a(clock_11xx.o)
 .debug_line    0x00001ed6      0x3bb C:\Users\Oliver\LPCworkspace\lpc_chip_11uxx_lib\Debug\liblpc_chip_11uxx_lib.a(gpio_11xx_1.o)
 .debug_line    0x00002291      0x2d3 C:\Users\Oliver\LPCworkspace\lpc_chip_11uxx_lib\Debug\liblpc_chip_11uxx_lib.a(iocon_11xx.o)
 .debug_line    0x00002564      0x30d C:\Users\Oliver\LPCworkspace\lpc_chip_11uxx_lib\Debug\liblpc_chip_11uxx_lib.a(sysctl_11xx.o)

.debug_str      0x00000000     0xe6f8
 .debug_str     0x00000000     0x251b ./example/src/cr_startup_lpc11xx.o
                               0x2539 (size before relaxing)
 .debug_str     0x0000251b     0x578a ./example/src/hid_desc.o
                               0x7abf (size before relaxing)
 .debug_str     0x00007ca5     0x5370 ./example/src/hid_generic.o
                               0xcf11 (size before relaxing)
 .debug_str     0x0000d015      0x891 ./example/src/hid_main.o
                               0xd410 (size before relaxing)
 .debug_str     0x0000d8a6       0x19 ./example/src/sysinit.o
                               0x7fc5 (size before relaxing)
 .debug_str     0x0000d8bf      0x434 C:\Users\Oliver\LPCworkspace\nxp_lpcxpresso_11u14_board_lib\Debug\libnxp_lpcxpresso_11u14_board_lib.a(board.o)
                               0x83c3 (size before relaxing)
 .debug_str     0x0000dcf3      0x2bd C:\Users\Oliver\LPCworkspace\nxp_lpcxpresso_11u14_board_lib\Debug\libnxp_lpcxpresso_11u14_board_lib.a(board_sysinit.o)
                               0x87bb (size before relaxing)
 .debug_str     0x0000dfb0      0x47a C:\Users\Oliver\LPCworkspace\lpc_chip_11uxx_lib\Debug\liblpc_chip_11uxx_lib.a(clock_11xx.o)
                               0x843d (size before relaxing)
 .debug_str     0x0000e42a       0xff C:\Users\Oliver\LPCworkspace\lpc_chip_11uxx_lib\Debug\liblpc_chip_11uxx_lib.a(gpio_11xx_1.o)
                               0x829b (size before relaxing)
 .debug_str     0x0000e529       0x30 C:\Users\Oliver\LPCworkspace\lpc_chip_11uxx_lib\Debug\liblpc_chip_11uxx_lib.a(iocon_11xx.o)
                               0x7c55 (size before relaxing)
 .debug_str     0x0000e559      0x19f C:\Users\Oliver\LPCworkspace\lpc_chip_11uxx_lib\Debug\liblpc_chip_11uxx_lib.a(sysctl_11xx.o)
                               0x8040 (size before relaxing)

.comment        0x00000000       0xe0
 .comment       0x00000000       0x70 ./example/src/cr_startup_lpc11xx.o
                                 0x71 (size before relaxing)
 .comment       0x00000000       0x71 ./example/src/hid_desc.o
 .comment       0x00000000       0x71 ./example/src/hid_generic.o
 .comment       0x00000000       0x71 ./example/src/hid_main.o
 .comment       0x00000000       0x71 ./example/src/sysinit.o
 .comment       0x00000000       0x71 C:\Users\Oliver\LPCworkspace\nxp_lpcxpresso_11u14_board_lib\Debug\libnxp_lpcxpresso_11u14_board_lib.a(board.o)
 .comment       0x00000000       0x71 C:\Users\Oliver\LPCworkspace\nxp_lpcxpresso_11u14_board_lib\Debug\libnxp_lpcxpresso_11u14_board_lib.a(board_sysinit.o)
 .comment       0x00000000       0x71 C:\Users\Oliver\LPCworkspace\lpc_chip_11uxx_lib\Debug\liblpc_chip_11uxx_lib.a(clock_11xx.o)
 .comment       0x00000000       0x71 C:\Users\Oliver\LPCworkspace\lpc_chip_11uxx_lib\Debug\liblpc_chip_11uxx_lib.a(gpio_11xx_1.o)
 .comment       0x00000000       0x71 C:\Users\Oliver\LPCworkspace\lpc_chip_11uxx_lib\Debug\liblpc_chip_11uxx_lib.a(iocon_11xx.o)
 .comment       0x00000000       0x71 C:\Users\Oliver\LPCworkspace\lpc_chip_11uxx_lib\Debug\liblpc_chip_11uxx_lib.a(sysctl_11xx.o)
 .comment       0x00000070       0x70 C:\Users\Oliver\LPCworkspace\lpc_chip_11uxx_lib\libs\libusbd_11uxx_lib.a(mw_usbd_rom_api.o)
                                 0x71 (size before relaxing)
 .comment       0x00000000       0x71 C:\Users\Oliver\LPCworkspace\lpc_chip_11uxx_lib\libs\libusbd_11uxx_lib.a(hw_usbd_ip3511.o)
 .comment       0x00000000       0x71 C:\Users\Oliver\LPCworkspace\lpc_chip_11uxx_lib\libs\libusbd_11uxx_lib.a(mw_usbd_core.o)
 .comment       0x00000000       0x71 C:\Users\Oliver\LPCworkspace\lpc_chip_11uxx_lib\libs\libusbd_11uxx_lib.a(mw_usbd_hiduser.o)
 .comment       0x00000000       0x71 c:/nxp/lpcxpresso_7.7.2_379/lpcxpresso/tools/bin/../lib/gcc/arm-none-eabi/4.9.3/../../../../arm-none-eabi/lib/armv6-m\libcr_nohost.a(_cr__main.o)
 .comment       0x00000000       0x71 c:/nxp/lpcxpresso_7.7.2_379/lpcxpresso/tools/bin/../lib/gcc/arm-none-eabi/4.9.3/../../../../arm-none-eabi/lib/armv6-m\libcr_c.a(memcpy.o)
 .comment       0x00000000       0x71 c:/nxp/lpcxpresso_7.7.2_379/lpcxpresso/tools/bin/../lib/gcc/arm-none-eabi/4.9.3/../../../../arm-none-eabi/lib/armv6-m\libcr_c.a(memset.o)
 .comment       0x00000000       0x71 c:/nxp/lpcxpresso_7.7.2_379/lpcxpresso/tools/bin/../lib/gcc/arm-none-eabi/4.9.3/../../../../arm-none-eabi/lib/armv6-m\libcr_c.a(initio.o)
 .comment       0x00000000       0x71 c:/nxp/lpcxpresso_7.7.2_379/lpcxpresso/tools/bin/../lib/gcc/arm-none-eabi/4.9.3/../../../../arm-none-eabi/lib/armv6-m\libcr_c.a(setvbuf.o)
 .comment       0x00000000       0x71 c:/nxp/lpcxpresso_7.7.2_379/lpcxpresso/tools/bin/../lib/gcc/arm-none-eabi/4.9.3/../../../../arm-none-eabi/lib/armv6-m\libcr_c.a(stdio.o)
 .comment       0x00000000       0x71 c:/nxp/lpcxpresso_7.7.2_379/lpcxpresso/tools/bin/../lib/gcc/arm-none-eabi/4.9.3/../../../../arm-none-eabi/lib/armv6-m\libcr_c.a(_deferredlazyseek.o)
 .comment       0x00000000       0x71 c:/nxp/lpcxpresso_7.7.2_379/lpcxpresso/tools/bin/../lib/gcc/arm-none-eabi/4.9.3/../../../../arm-none-eabi/lib/armv6-m\libcr_c.a(_fdopen.o)
 .comment       0x00000000       0x71 c:/nxp/lpcxpresso_7.7.2_379/lpcxpresso/tools/bin/../lib/gcc/arm-none-eabi/4.9.3/../../../../arm-none-eabi/lib/armv6-m\libcr_c.a(_fflush.o)
 .comment       0x00000000       0x71 c:/nxp/lpcxpresso_7.7.2_379/lpcxpresso/tools/bin/../lib/gcc/arm-none-eabi/4.9.3/../../../../arm-none-eabi/lib/armv6-m\libcr_c.a(_writebuf.o)
 .comment       0x00000000       0x71 c:/nxp/lpcxpresso_7.7.2_379/lpcxpresso/tools/bin/../lib/gcc/arm-none-eabi/4.9.3/../../../../arm-none-eabi/lib/armv6-m\libcr_c.a(alloc.o)
 .comment       0x00000000       0x71 c:/nxp/lpcxpresso_7.7.2_379/lpcxpresso/tools/bin/../lib/gcc/arm-none-eabi/4.9.3/../../../../arm-none-eabi/lib/armv6-m\libcr_c.a(fclose.o)
 .comment       0x00000000       0x71 c:/nxp/lpcxpresso_7.7.2_379/lpcxpresso/tools/bin/../lib/gcc/arm-none-eabi/4.9.3/../../../../arm-none-eabi/lib/armv6-m\libcr_c.a(fflush.o)
 .comment       0x00000000       0x71 c:/nxp/lpcxpresso_7.7.2_379/lpcxpresso/tools/bin/../lib/gcc/arm-none-eabi/4.9.3/../../../../arm-none-eabi/lib/armv6-m\libcr_c.a(fseek.o)
 .comment       0x00000000       0x71 c:/nxp/lpcxpresso_7.7.2_379/lpcxpresso/tools/bin/../lib/gcc/arm-none-eabi/4.9.3/../../../../arm-none-eabi/lib/armv6-m\libcr_c.a(ftell.o)
 .comment       0x00000000       0x71 c:/nxp/lpcxpresso_7.7.2_379/lpcxpresso/tools/bin/../lib/gcc/arm-none-eabi/4.9.3/../../../../arm-none-eabi/lib/armv6-m\libcr_c.a(remove.o)
 .comment       0x00000000       0x71 c:/nxp/lpcxpresso_7.7.2_379/lpcxpresso/tools/bin/../lib/gcc/arm-none-eabi/4.9.3/../../../../arm-none-eabi/lib/armv6-m\libcr_c.a(strlen.o)
 .comment       0x00000000       0x71 c:/nxp/lpcxpresso_7.7.2_379/lpcxpresso/tools/bin/../lib/gcc/arm-none-eabi/4.9.3/../../../../arm-none-eabi/lib/armv6-m\libcr_c.a(__init_alloc.o)
 .comment       0x00000000       0x71 c:/nxp/lpcxpresso_7.7.2_379/lpcxpresso/tools/bin/../lib/gcc/arm-none-eabi/4.9.3/../../../../arm-none-eabi/lib/armv6-m\libcr_c.a(_cr_sbrk.o)
 .comment       0x00000000       0x71 c:/nxp/lpcxpresso_7.7.2_379/lpcxpresso/tools/bin/../lib/gcc/arm-none-eabi/4.9.3/../../../../arm-none-eabi/lib/armv6-m\libcr_c.a(_do_fflush.o)
 .comment       0x00000000       0x71 c:/nxp/lpcxpresso_7.7.2_379/lpcxpresso/tools/bin/../lib/gcc/arm-none-eabi/4.9.3/../../../../arm-none-eabi/lib/armv6-m\libcr_c.a(errno.o)
 .comment       0x00000000       0x71 c:/nxp/lpcxpresso_7.7.2_379/lpcxpresso/tools/bin/../lib/gcc/arm-none-eabi/4.9.3/../../../../arm-none-eabi/lib/armv6-m\libcr_c.a(_cr_check_heap.o)
 .comment       0x00000000       0x71 c:/nxp/lpcxpresso_7.7.2_379/lpcxpresso/tools/bin/../lib/gcc/arm-none-eabi/4.9.3/../../../../arm-none-eabi/lib/armv6-m\libcr_nohost.a(__sys_appexit.o)
 .comment       0x00000000       0x71 c:/nxp/lpcxpresso_7.7.2_379/lpcxpresso/tools/bin/../lib/gcc/arm-none-eabi/4.9.3/../../../../arm-none-eabi/lib/armv6-m\libcr_nohost.a(__sys_close.o)
 .comment       0x00000000       0x71 c:/nxp/lpcxpresso_7.7.2_379/lpcxpresso/tools/bin/../lib/gcc/arm-none-eabi/4.9.3/../../../../arm-none-eabi/lib/armv6-m\libcr_nohost.a(__sys_flen.o)
 .comment       0x00000000       0x71 c:/nxp/lpcxpresso_7.7.2_379/lpcxpresso/tools/bin/../lib/gcc/arm-none-eabi/4.9.3/../../../../arm-none-eabi/lib/armv6-m\libcr_nohost.a(__sys_istty.o)
 .comment       0x00000000       0x71 c:/nxp/lpcxpresso_7.7.2_379/lpcxpresso/tools/bin/../lib/gcc/arm-none-eabi/4.9.3/../../../../arm-none-eabi/lib/armv6-m\libcr_nohost.a(__sys_remove.o)
 .comment       0x00000000       0x71 c:/nxp/lpcxpresso_7.7.2_379/lpcxpresso/tools/bin/../lib/gcc/arm-none-eabi/4.9.3/../../../../arm-none-eabi/lib/armv6-m\libcr_nohost.a(__sys_seek.o)
 .comment       0x00000000       0x71 c:/nxp/lpcxpresso_7.7.2_379/lpcxpresso/tools/bin/../lib/gcc/arm-none-eabi/4.9.3/../../../../arm-none-eabi/lib/armv6-m\libcr_nohost.a(__sys_tmpnam.o)

.ARM.attributes
                0x00000000       0x2f
 .ARM.attributes
                0x00000000       0x31 ./example/src/cr_startup_lpc11xx.o
 .ARM.attributes
                0x00000031       0x31 ./example/src/hid_desc.o
 .ARM.attributes
                0x00000062       0x31 ./example/src/hid_generic.o
 .ARM.attributes
                0x00000093       0x31 ./example/src/hid_main.o
 .ARM.attributes
                0x000000c4       0x31 ./example/src/sysinit.o
 .ARM.attributes
                0x000000f5       0x31 C:\Users\Oliver\LPCworkspace\nxp_lpcxpresso_11u14_board_lib\Debug\libnxp_lpcxpresso_11u14_board_lib.a(board.o)
 .ARM.attributes
                0x00000126       0x31 C:\Users\Oliver\LPCworkspace\nxp_lpcxpresso_11u14_board_lib\Debug\libnxp_lpcxpresso_11u14_board_lib.a(board_sysinit.o)
 .ARM.attributes
                0x00000157       0x31 C:\Users\Oliver\LPCworkspace\lpc_chip_11uxx_lib\Debug\liblpc_chip_11uxx_lib.a(clock_11xx.o)
 .ARM.attributes
                0x00000188       0x31 C:\Users\Oliver\LPCworkspace\lpc_chip_11uxx_lib\Debug\liblpc_chip_11uxx_lib.a(gpio_11xx_1.o)
 .ARM.attributes
                0x000001b9       0x31 C:\Users\Oliver\LPCworkspace\lpc_chip_11uxx_lib\Debug\liblpc_chip_11uxx_lib.a(iocon_11xx.o)
 .ARM.attributes
                0x000001ea       0x31 C:\Users\Oliver\LPCworkspace\lpc_chip_11uxx_lib\Debug\liblpc_chip_11uxx_lib.a(sysctl_11xx.o)
 .ARM.attributes
                0x0000021b       0x31 C:\Users\Oliver\LPCworkspace\lpc_chip_11uxx_lib\libs\libusbd_11uxx_lib.a(mw_usbd_rom_api.o)
 .ARM.attributes
                0x0000024c       0x31 C:\Users\Oliver\LPCworkspace\lpc_chip_11uxx_lib\libs\libusbd_11uxx_lib.a(hw_usbd_ip3511.o)
 .ARM.attributes
                0x0000027d       0x31 C:\Users\Oliver\LPCworkspace\lpc_chip_11uxx_lib\libs\libusbd_11uxx_lib.a(mw_usbd_core.o)
 .ARM.attributes
                0x000002ae       0x31 C:\Users\Oliver\LPCworkspace\lpc_chip_11uxx_lib\libs\libusbd_11uxx_lib.a(mw_usbd_hiduser.o)
 .ARM.attributes
                0x000002df       0x31 c:/nxp/lpcxpresso_7.7.2_379/lpcxpresso/tools/bin/../lib/gcc/arm-none-eabi/4.9.3/../../../../arm-none-eabi/lib/armv6-m\libcr_nohost.a(_cr__main.o)
 .ARM.attributes
                0x00000310       0x31 c:/nxp/lpcxpresso_7.7.2_379/lpcxpresso/tools/bin/../lib/gcc/arm-none-eabi/4.9.3/../../../../arm-none-eabi/lib/armv6-m\libcr_c.a(memcpy.o)
 .ARM.attributes
                0x00000341       0x31 c:/nxp/lpcxpresso_7.7.2_379/lpcxpresso/tools/bin/../lib/gcc/arm-none-eabi/4.9.3/../../../../arm-none-eabi/lib/armv6-m\libcr_c.a(memset.o)
 .ARM.attributes
                0x00000372       0x31 c:/nxp/lpcxpresso_7.7.2_379/lpcxpresso/tools/bin/../lib/gcc/arm-none-eabi/4.9.3/../../../../arm-none-eabi/lib/armv6-m\libcr_c.a(initio.o)
 .ARM.attributes
                0x000003a3       0x31 c:/nxp/lpcxpresso_7.7.2_379/lpcxpresso/tools/bin/../lib/gcc/arm-none-eabi/4.9.3/../../../../arm-none-eabi/lib/armv6-m\libcr_c.a(setvbuf.o)
 .ARM.attributes
                0x000003d4       0x31 c:/nxp/lpcxpresso_7.7.2_379/lpcxpresso/tools/bin/../lib/gcc/arm-none-eabi/4.9.3/../../../../arm-none-eabi/lib/armv6-m\libcr_c.a(stdio.o)
 .ARM.attributes
                0x00000405       0x31 c:/nxp/lpcxpresso_7.7.2_379/lpcxpresso/tools/bin/../lib/gcc/arm-none-eabi/4.9.3/../../../../arm-none-eabi/lib/armv6-m\libcr_c.a(_deferredlazyseek.o)
 .ARM.attributes
                0x00000436       0x31 c:/nxp/lpcxpresso_7.7.2_379/lpcxpresso/tools/bin/../lib/gcc/arm-none-eabi/4.9.3/../../../../arm-none-eabi/lib/armv6-m\libcr_c.a(_fdopen.o)
 .ARM.attributes
                0x00000467       0x31 c:/nxp/lpcxpresso_7.7.2_379/lpcxpresso/tools/bin/../lib/gcc/arm-none-eabi/4.9.3/../../../../arm-none-eabi/lib/armv6-m\libcr_c.a(_fflush.o)
 .ARM.attributes
                0x00000498       0x31 c:/nxp/lpcxpresso_7.7.2_379/lpcxpresso/tools/bin/../lib/gcc/arm-none-eabi/4.9.3/../../../../arm-none-eabi/lib/armv6-m\libcr_c.a(_writebuf.o)
 .ARM.attributes
                0x000004c9       0x31 c:/nxp/lpcxpresso_7.7.2_379/lpcxpresso/tools/bin/../lib/gcc/arm-none-eabi/4.9.3/../../../../arm-none-eabi/lib/armv6-m\libcr_c.a(alloc.o)
 .ARM.attributes
                0x000004fa       0x31 c:/nxp/lpcxpresso_7.7.2_379/lpcxpresso/tools/bin/../lib/gcc/arm-none-eabi/4.9.3/../../../../arm-none-eabi/lib/armv6-m\libcr_c.a(fclose.o)
 .ARM.attributes
                0x0000052b       0x31 c:/nxp/lpcxpresso_7.7.2_379/lpcxpresso/tools/bin/../lib/gcc/arm-none-eabi/4.9.3/../../../../arm-none-eabi/lib/armv6-m\libcr_c.a(fflush.o)
 .ARM.attributes
                0x0000055c       0x31 c:/nxp/lpcxpresso_7.7.2_379/lpcxpresso/tools/bin/../lib/gcc/arm-none-eabi/4.9.3/../../../../arm-none-eabi/lib/armv6-m\libcr_c.a(fseek.o)
 .ARM.attributes
                0x0000058d       0x31 c:/nxp/lpcxpresso_7.7.2_379/lpcxpresso/tools/bin/../lib/gcc/arm-none-eabi/4.9.3/../../../../arm-none-eabi/lib/armv6-m\libcr_c.a(ftell.o)
 .ARM.attributes
                0x000005be       0x31 c:/nxp/lpcxpresso_7.7.2_379/lpcxpresso/tools/bin/../lib/gcc/arm-none-eabi/4.9.3/../../../../arm-none-eabi/lib/armv6-m\libcr_c.a(remove.o)
 .ARM.attributes
                0x000005ef       0x31 c:/nxp/lpcxpresso_7.7.2_379/lpcxpresso/tools/bin/../lib/gcc/arm-none-eabi/4.9.3/../../../../arm-none-eabi/lib/armv6-m\libcr_c.a(strlen.o)
 .ARM.attributes
                0x00000620       0x31 c:/nxp/lpcxpresso_7.7.2_379/lpcxpresso/tools/bin/../lib/gcc/arm-none-eabi/4.9.3/../../../../arm-none-eabi/lib/armv6-m\libcr_c.a(__init_alloc.o)
 .ARM.attributes
                0x00000651       0x31 c:/nxp/lpcxpresso_7.7.2_379/lpcxpresso/tools/bin/../lib/gcc/arm-none-eabi/4.9.3/../../../../arm-none-eabi/lib/armv6-m\libcr_c.a(_cr_sbrk.o)
 .ARM.attributes
                0x00000682       0x31 c:/nxp/lpcxpresso_7.7.2_379/lpcxpresso/tools/bin/../lib/gcc/arm-none-eabi/4.9.3/../../../../arm-none-eabi/lib/armv6-m\libcr_c.a(_do_fflush.o)
 .ARM.attributes
                0x000006b3       0x31 c:/nxp/lpcxpresso_7.7.2_379/lpcxpresso/tools/bin/../lib/gcc/arm-none-eabi/4.9.3/../../../../arm-none-eabi/lib/armv6-m\libcr_c.a(errno.o)
 .ARM.attributes
                0x000006e4       0x31 c:/nxp/lpcxpresso_7.7.2_379/lpcxpresso/tools/bin/../lib/gcc/arm-none-eabi/4.9.3/../../../../arm-none-eabi/lib/armv6-m\libcr_c.a(_cr_check_heap.o)
 .ARM.attributes
                0x00000715       0x21 c:/nxp/lpcxpresso_7.7.2_379/lpcxpresso/tools/bin/../lib/gcc/arm-none-eabi/4.9.3/armv6-m\libcr_eabihelpers.a(memcpy.o)
 .ARM.attributes
                0x00000736       0x31 c:/nxp/lpcxpresso_7.7.2_379/lpcxpresso/tools/bin/../lib/gcc/arm-none-eabi/4.9.3/../../../../arm-none-eabi/lib/armv6-m\libcr_nohost.a(__sys_appexit.o)
 .ARM.attributes
                0x00000767       0x31 c:/nxp/lpcxpresso_7.7.2_379/lpcxpresso/tools/bin/../lib/gcc/arm-none-eabi/4.9.3/../../../../arm-none-eabi/lib/armv6-m\libcr_nohost.a(__sys_close.o)
 .ARM.attributes
                0x00000798       0x31 c:/nxp/lpcxpresso_7.7.2_379/lpcxpresso/tools/bin/../lib/gcc/arm-none-eabi/4.9.3/../../../../arm-none-eabi/lib/armv6-m\libcr_nohost.a(__sys_flen.o)
 .ARM.attributes
                0x000007c9       0x31 c:/nxp/lpcxpresso_7.7.2_379/lpcxpresso/tools/bin/../lib/gcc/arm-none-eabi/4.9.3/../../../../arm-none-eabi/lib/armv6-m\libcr_nohost.a(__sys_istty.o)
 .ARM.attributes
                0x000007fa       0x31 c:/nxp/lpcxpresso_7.7.2_379/lpcxpresso/tools/bin/../lib/gcc/arm-none-eabi/4.9.3/../../../../arm-none-eabi/lib/armv6-m\libcr_nohost.a(__sys_remove.o)
 .ARM.attributes
                0x0000082b       0x31 c:/nxp/lpcxpresso_7.7.2_379/lpcxpresso/tools/bin/../lib/gcc/arm-none-eabi/4.9.3/../../../../arm-none-eabi/lib/armv6-m\libcr_nohost.a(__sys_seek.o)
 .ARM.attributes
                0x0000085c       0x31 c:/nxp/lpcxpresso_7.7.2_379/lpcxpresso/tools/bin/../lib/gcc/arm-none-eabi/4.9.3/../../../../arm-none-eabi/lib/armv6-m\libcr_nohost.a(__sys_tmpnam.o)

.debug_frame    0x00000000      0xac4
 .debug_frame   0x00000000       0xb0 ./example/src/cr_startup_lpc11xx.o
 .debug_frame   0x000000b0       0x90 ./example/src/hid_generic.o
 .debug_frame   0x00000140       0xc8 ./example/src/hid_main.o
 .debug_frame   0x00000208       0x2c ./example/src/sysinit.o
 .debug_frame   0x00000234      0x2d8 C:\Users\Oliver\LPCworkspace\nxp_lpcxpresso_11u14_board_lib\Debug\libnxp_lpcxpresso_11u14_board_lib.a(board.o)
 .debug_frame   0x0000050c      0x148 C:\Users\Oliver\LPCworkspace\nxp_lpcxpresso_11u14_board_lib\Debug\libnxp_lpcxpresso_11u14_board_lib.a(board_sysinit.o)
 .debug_frame   0x00000654      0x220 C:\Users\Oliver\LPCworkspace\lpc_chip_11uxx_lib\Debug\liblpc_chip_11uxx_lib.a(clock_11xx.o)
 .debug_frame   0x00000874      0x190 C:\Users\Oliver\LPCworkspace\lpc_chip_11uxx_lib\Debug\liblpc_chip_11uxx_lib.a(gpio_11xx_1.o)
 .debug_frame   0x00000a04       0x30 C:\Users\Oliver\LPCworkspace\lpc_chip_11uxx_lib\Debug\liblpc_chip_11uxx_lib.a(iocon_11xx.o)
 .debug_frame   0x00000a34       0x90 C:\Users\Oliver\LPCworkspace\lpc_chip_11uxx_lib\Debug\liblpc_chip_11uxx_lib.a(sysctl_11xx.o)
