Archive member included to satisfy reference by file (symbol)

C:\Users\Oliver\Documents\MCUXpressoIDE_10.2.0_759\workspace\lpc_board_nxp_lpcxpresso_11u68\Debug\liblpc_board_nxp_lpcxpresso_11u68.a(board.o)
                              ./src/hid_main.o (Board_Init)
C:\Users\Oliver\Documents\MCUXpressoIDE_10.2.0_759\workspace\lpc_board_nxp_lpcxpresso_11u68\Debug\liblpc_board_nxp_lpcxpresso_11u68.a(board_sysinit.o)
                              ./src/sysinit.o (Board_SystemInit)
C:\Users\Oliver\Documents\MCUXpressoIDE_10.2.0_759\workspace\lpc_chip_11u6x\Debug\liblpc_chip_11u6x.a(chip_11u6x.o)
                              ./src/hid_main.o (SystemCoreClock)
C:\Users\Oliver\Documents\MCUXpressoIDE_10.2.0_759\workspace\lpc_chip_11u6x\Debug\liblpc_chip_11u6x.a(clock_11u6x.o)
                              C:\Users\Oliver\Documents\MCUXpressoIDE_10.2.0_759\workspace\lpc_chip_11u6x\Debug\liblpc_chip_11u6x.a(chip_11u6x.o) (Chip_Clock_SetUSBPLLSource)
C:\Users\Oliver\Documents\MCUXpressoIDE_10.2.0_759\workspace\lpc_chip_11u6x\Debug\liblpc_chip_11u6x.a(eeprom.o)
                              ./src/eemem.o (Chip_EEPROM_Write)
C:\Users\Oliver\Documents\MCUXpressoIDE_10.2.0_759\workspace\lpc_chip_11u6x\Debug\liblpc_chip_11u6x.a(gpio_11u6x.o)
                              C:\Users\Oliver\Documents\MCUXpressoIDE_10.2.0_759\workspace\lpc_board_nxp_lpcxpresso_11u68\Debug\liblpc_board_nxp_lpcxpresso_11u68.a(board.o) (Chip_GPIO_Init)
C:\Users\Oliver\Documents\MCUXpressoIDE_10.2.0_759\workspace\lpc_chip_11u6x\Debug\liblpc_chip_11u6x.a(iap.o)
                              ./src/waypoints.o (Chip_IAP_PreSectorForReadWrite)
C:\Users\Oliver\Documents\MCUXpressoIDE_10.2.0_759\workspace\lpc_chip_11u6x\Debug\liblpc_chip_11u6x.a(iocon_11u6x.o)
                              C:\Users\Oliver\Documents\MCUXpressoIDE_10.2.0_759\workspace\lpc_board_nxp_lpcxpresso_11u68\Debug\liblpc_board_nxp_lpcxpresso_11u68.a(board_sysinit.o) (Chip_IOCON_SetPinMuxing)
C:\Users\Oliver\Documents\MCUXpressoIDE_10.2.0_759\workspace\lpc_chip_11u6x\Debug\liblpc_chip_11u6x.a(syscon_11u6x.o)
                              C:\Users\Oliver\Documents\MCUXpressoIDE_10.2.0_759\workspace\lpc_chip_11u6x\Debug\liblpc_chip_11u6x.a(chip_11u6x.o) (Chip_SYSCTL_PowerUp)
C:\Users\Oliver\Documents\MCUXpressoIDE_10.2.0_759\workspace\lpc_chip_11u6x\Debug\liblpc_chip_11u6x.a(sysinit_11u6x.o)
                              C:\Users\Oliver\Documents\MCUXpressoIDE_10.2.0_759\workspace\lpc_board_nxp_lpcxpresso_11u68\Debug\liblpc_board_nxp_lpcxpresso_11u68.a(board_sysinit.o) (Chip_SetupXtalClocking)
C:\Users\Oliver\Documents\MCUXpressoIDE_10.2.0_759\workspace\lpc_chip_11u6x\Debug\liblpc_chip_11u6x.a(uart_0_11u6x.o)
                              C:\Users\Oliver\Documents\MCUXpressoIDE_10.2.0_759\workspace\lpc_board_nxp_lpcxpresso_11u68\Debug\liblpc_board_nxp_lpcxpresso_11u68.a(board.o) (Chip_UART0_Init)
C:\Users\Oliver\Documents\MCUXpressoIDE_10.2.0_759\workspace\lpc_chip_11u6x\Debug\liblpc_chip_11u6x.a(ring_buffer.o)
                              C:\Users\Oliver\Documents\MCUXpressoIDE_10.2.0_759\workspace\lpc_chip_11u6x\Debug\liblpc_chip_11u6x.a(uart_0_11u6x.o) (RingBuffer_Insert)
c:/nxp/mcuxpressoide_10.2.0_759/ide/tools/bin/../lib/gcc/arm-none-eabi/7.2.1/../../../../arm-none-eabi/lib/thumb/v6-m\libcr_nohost.a(_cr__main.o)
                              ./src/cr_startup_lpc11u6x.o (__main)
c:/nxp/mcuxpressoide_10.2.0_759/ide/tools/bin/../lib/gcc/arm-none-eabi/7.2.1/../../../../arm-none-eabi/lib/thumb/v6-m\libcr_c.a(memcpy.o)
                              ./src/box_usb.o (memcpy)
c:/nxp/mcuxpressoide_10.2.0_759/ide/tools/bin/../lib/gcc/arm-none-eabi/7.2.1/../../../../arm-none-eabi/lib/thumb/v6-m\libcr_c.a(memset.o)
                              ./src/box_usb.o (memset)
c:/nxp/mcuxpressoide_10.2.0_759/ide/tools/bin/../lib/gcc/arm-none-eabi/7.2.1/../../../../arm-none-eabi/lib/thumb/v6-m\libcr_c.a(initio.o)
                              c:/nxp/mcuxpressoide_10.2.0_759/ide/tools/bin/../lib/gcc/arm-none-eabi/7.2.1/../../../../arm-none-eabi/lib/thumb/v6-m\libcr_nohost.a(_cr__main.o) (_initio)
c:/nxp/mcuxpressoide_10.2.0_759/ide/tools/bin/../lib/gcc/arm-none-eabi/7.2.1/../../../../arm-none-eabi/lib/thumb/v6-m\libcr_c.a(setvbuf.o)
                              c:/nxp/mcuxpressoide_10.2.0_759/ide/tools/bin/../lib/gcc/arm-none-eabi/7.2.1/../../../../arm-none-eabi/lib/thumb/v6-m\libcr_c.a(initio.o) (setvbuf)
c:/nxp/mcuxpressoide_10.2.0_759/ide/tools/bin/../lib/gcc/arm-none-eabi/7.2.1/../../../../arm-none-eabi/lib/thumb/v6-m\libcr_c.a(_fdopen.o)
                              c:/nxp/mcuxpressoide_10.2.0_759/ide/tools/bin/../lib/gcc/arm-none-eabi/7.2.1/../../../../arm-none-eabi/lib/thumb/v6-m\libcr_c.a(initio.o) (_fdopen)
c:/nxp/mcuxpressoide_10.2.0_759/ide/tools/bin/../lib/gcc/arm-none-eabi/7.2.1/../../../../arm-none-eabi/lib/thumb/v6-m\libcr_c.a(fclose.o)
[...]
Memory Configuration

Name             Origin             Length             Attributes
MFlash256        0x00000000         0x0003c000         xr
Waypoints        0x0003c000         0x00004000         xr
Ram0_32          0x10000000         0x00008000         xrw
Ram1_2           0x20000000         0x00000800         xrw
Ram2USB_2        0x20004000         0x00000800         xrw
*default*        0x00000000         0xffffffff

Linker script and memory map

LOAD ./src/box_usb.o
LOAD ./src/checksum.o
LOAD ./src/cr_startup_lpc11u6x.o
LOAD ./src/crp.o
LOAD ./src/eemem.o
LOAD ./src/hid_desc.o
LOAD ./src/hid_generic.o
LOAD ./src/hid_main.o
LOAD ./src/mtb.o
LOAD ./src/sysinit.o
LOAD ./src/timer.o
LOAD ./src/waypoints.o
LOAD C:\Users\Oliver\Documents\MCUXpressoIDE_10.2.0_759\workspace\lpc_board_nxp_lpcxpresso_11u68\Debug\liblpc_board_nxp_lpcxpresso_11u68.a
LOAD C:\Users\Oliver\Documents\MCUXpressoIDE_10.2.0_759\workspace\lpc_chip_11u6x\Debug\liblpc_chip_11u6x.a
START GROUP
LOAD c:/nxp/mcuxpressoide_10.2.0_759/ide/tools/bin/../lib/gcc/arm-none-eabi/7.2.1/../../../../arm-none-eabi/lib/thumb/v6-m\libcr_nohost.a
LOAD c:/nxp/mcuxpressoide_10.2.0_759/ide/tools/bin/../lib/gcc/arm-none-eabi/7.2.1/../../../../arm-none-eabi/lib/thumb/v6-m\libcr_c.a
LOAD c:/nxp/mcuxpressoide_10.2.0_759/ide/tools/bin/../lib/gcc/arm-none-eabi/7.2.1/thumb/v6-m\libcr_eabihelpers.a
END GROUP
                0x00000000                __base_MFlash256 = 0x0
                0x00000000                __base_Flash = 0x0
                0x0003c000                __top_MFlash256 = 0x3c000
                0x0003c000                __top_Flash = 0x3c000
                0x0003c000                __base_Waypoints = 0x3c000
                0x0003c000                __base_Flash2 = 0x3c000
                0x00040000                __top_Waypoints = 0x40000
                0x00040000                __top_Flash2 = 0x40000
                0x10000000                __base_Ram0_32 = 0x10000000
                0x10000000                __base_RAM = 0x10000000
                0x10008000                __top_Ram0_32 = 0x10008000
                0x10008000                __top_RAM = 0x10008000
                0x20000000                __base_Ram1_2 = 0x20000000
                0x20000000                __base_RAM2 = 0x20000000
                0x20000800                __top_Ram1_2 = 0x20000800
                0x20000800                __top_RAM2 = 0x20000800
                0x20004000                __base_Ram2USB_2 = 0x20004000
                0x20004000                __base_RAM3 = 0x20004000
                0x20004800                __top_Ram2USB_2 = 0x20004800
                0x20004800                __top_RAM3 = 0x20004800

.text_Flash2    0x0003c000        0x0
 FILL mask 0xff
 *(.text_Flash2*)
 *(.text_Waypoints*)
 *(.text.$Flash2*)
 *(.text.$Waypoints*)
 *(.rodata.$Flash2*)
 *(.rodata.$Waypoints*)

.text           0x00000000     0x1a5c
 FILL mask 0xff
                0x00000000                __vectors_start__ = ABSOLUTE (.)
 *(.isr_vector)
 .isr_vector    0x00000000       0xc0 ./src/cr_startup_lpc11u6x.o
                0x00000000                g_pfnVectors
                0x000000c0                . = ALIGN (0x4)
                0x000000c0                __section_table_start = .
                0x000000c0                __data_section_table = .
                0x000000c0        0x4 LONG 0x1a5c LOADADDR (.data)
                0x000000c4        0x4 LONG 0x10000100 ADDR (.data)
                0x000000c8        0x4 LONG 0x2c SIZEOF (.data)
                0x000000cc        0x4 LONG 0x1a5c LOADADDR (.data_RAM2)
                0x000000d0        0x4 LONG 0x20000000 ADDR (.data_RAM2)
                0x000000d4        0x4 LONG 0x0 SIZEOF (.data_RAM2)
                0x000000d8        0x4 LONG 0x1a5c LOADADDR (.data_RAM3)
                0x000000dc        0x4 LONG 0x20004000 ADDR (.data_RAM3)
                0x000000e0        0x4 LONG 0x0 SIZEOF (.data_RAM3)
                0x000000e4                __data_section_table_end = .
                0x000000e4                __bss_section_table = .
                0x000000e4        0x4 LONG 0x1000012c ADDR (.bss)
                0x000000e8        0x4 LONG 0x200 SIZEOF (.bss)
                0x000000ec        0x4 LONG 0x20000000 ADDR (.bss_RAM2)
                0x000000f0        0x4 LONG 0x0 SIZEOF (.bss_RAM2)
                0x000000f4        0x4 LONG 0x20004000 ADDR (.bss_RAM3)
                0x000000f8        0x4 LONG 0x0 SIZEOF (.bss_RAM3)
                0x000000fc                __bss_section_table_end = .
                0x000000fc                __section_table_end = .
 *(.after_vectors*)
 .after_vectors
                0x000000fc      0x158 ./src/cr_startup_lpc11u6x.o
                0x000000fc                data_init
                0x0000013c                bss_init
                0x00000170                ResetISR
                0x00000230                NMI_Handler
                0x00000236                HardFault_Handler
                0x0000023c                SVC_Handler
                0x00000242                PendSV_Handler
                0x0000024e                ADCB_IRQHandler
                0x0000024e                SCT0_1_IRQHandler
                0x0000024e                I2C1_IRQHandler
                0x0000024e                TIMER32_1_IRQHandler
                0x0000024e                PIN_INT6_IRQHandler
                0x0000024e                IntDefaultHandler
                0x0000024e                PIN_INT4_IRQHandler
                0x0000024e                TIMER32_0_IRQHandler
                0x0000024e                RTC_IRQHandler
                0x0000024e                USBWakeup_IRQHandler
                0x0000024e                I2C0_IRQHandler
                0x0000024e                USART0_IRQHandler
                0x0000024e                PIN_INT5_IRQHandler
                0x0000024e                PIN_INT2_IRQHandler
                0x0000024e                TIMER16_1_IRQHandler
                0x0000024e                USB_FIQHandler
                0x0000024e                USART1_4_IRQHandler
                0x0000024e                SSP1_IRQHandler
                0x0000024e                PIN_INT7_IRQHandler
                0x0000024e                BOD_WDT_IRQHandler
                0x0000024e                PIN_INT1_IRQHandler
                0x0000024e                SSP0_IRQHandler
                0x0000024e                USART2_3_IRQHandler
                0x0000024e                PIN_INT0_IRQHandler
                0x0000024e                GINT0_IRQHandler
                0x0000024e                TIMER16_0_IRQHandler
                0x0000024e                DMA_IRQHandler
                0x0000024e                PIN_INT3_IRQHandler
                0x0000024e                FMC_IRQHandler
                0x0000024e                GINT1_IRQHandler
                0x0000024e                ADCA_IRQHandler
                0x000002fc                . = 0x2fc
 *fill*         0x00000254       0xa8 ff
                0x000002fc                PROVIDE (__CRP_WORD_START__, .)
 *(.crp)
 .crp           0x000002fc        0x4 ./src/crp.o
                0x000002fc                CRP_WORD
                0x00000300                PROVIDE (__CRP_WORD_END__, .)
                0x00000001                ASSERT (! ((__CRP_WORD_START__ == __CRP_WORD_END__)), Linker CRP Enabled, but no CRP_WORD provided within application)
 *(.text*)
 .text.HID_GetReport
                0x00000300       0x4c ./src/hid_generic.o
 .text.HID_SetReport
                0x0000034c       0x58 ./src/hid_generic.o
 .text.HID_Ep_Hdlr
                0x000003a4       0x5c ./src/hid_generic.o
 .text.usb_hid_init
                0x00000400       0xf4 ./src/hid_generic.o
                0x00000400                usb_hid_init
 .text.NVIC_EnableIRQ
                0x000004f4       0x2c ./src/hid_main.o
 .text.NVIC_SetPriority
                0x00000520       0xdc ./src/hid_main.o
 .text.SysTick_Config
                0x000005fc       0x48 ./src/hid_main.o
 .text.Chip_GPIO_SetPinToggle
                0x00000644       0x3c ./src/hid_main.o
 .text.SysTick_Handler
                0x00000680        0xe ./src/hid_main.o
                0x00000680                SysTick_Handler
 *fill*         0x0000068e        0x2 ff
 .text.USB_IRQHandler
                0x00000690       0x4c ./src/hid_main.o
                0x00000690                USB_IRQHandler
 .text.main     0x000006dc      0x12c ./src/hid_main.o
                0x000006dc                main
 .text.SystemInit
                0x00000808        0xe ./src/sysinit.o
                0x00000808                SystemInit
 *fill*         0x00000816        0x2 ff
 .text.PauseMs  0x00000818       0x2c ./src/timer.o
                0x00000818                PauseMs
 .text.DecrementPauseTimer
                0x00000844       0x28 ./src/timer.o
                0x00000844                DecrementPauseTimer
 .text.Chip_GPIO_SetPinState
                0x0000086c       0x3e C:\Users\Oliver\Documents\MCUXpressoIDE_10.2.0_759\workspace\lpc_board_nxp_lpcxpresso_11u68\Debug\liblpc_board_nxp_lpcxpresso_11u68.a(board.o)
 .text.Chip_GPIO_SetPinDIROutput
                0x000008aa       0x50 C:\Users\Oliver\Documents\MCUXpressoIDE_10.2.0_759\workspace\lpc_board_nxp_lpcxpresso_11u68\Debug\liblpc_board_nxp_lpcxpresso_11u68.a(board.o)
 .text.Chip_UART0_TXEnable
                0x000008fa       0x16 C:\Users\Oliver\Documents\MCUXpressoIDE_10.2.0_759\workspace\lpc_board_nxp_lpcxpresso_11u68\Debug\liblpc_board_nxp_lpcxpresso_11u68.a(board.o)
 .text.Chip_UART0_SetupFIFOS
                0x00000910       0x18 C:\Users\Oliver\Documents\MCUXpressoIDE_10.2.0_759\workspace\lpc_board_nxp_lpcxpresso_11u68\Debug\liblpc_board_nxp_lpcxpresso_11u68.a(board.o)
 .text.Chip_UART0_ConfigData
                0x00000928       0x18 C:\Users\Oliver\Documents\MCUXpressoIDE_10.2.0_759\workspace\lpc_board_nxp_lpcxpresso_11u68\Debug\liblpc_board_nxp_lpcxpresso_11u68.a(board.o)
 .text.__sys_write
                0x00000940       0x38 C:\Users\Oliver\Documents\MCUXpressoIDE_10.2.0_759\workspace\lpc_board_nxp_lpcxpresso_11u68\Debug\liblpc_board_nxp_lpcxpresso_11u68.a(board.o)
                0x00000940                __sys_write
 .text.Board_UARTPutChar
                0x00000978       0x24 C:\Users\Oliver\Documents\MCUXpressoIDE_10.2.0_759\workspace\lpc_board_nxp_lpcxpresso_11u68\Debug\liblpc_board_nxp_lpcxpresso_11u68.a(board.o)
                0x00000978                Board_UARTPutChar
 .text.Board_Debug_Init
                0x0000099c       0x40 C:\Users\Oliver\Documents\MCUXpressoIDE_10.2.0_759\workspace\lpc_board_nxp_lpcxpresso_11u68\Debug\liblpc_board_nxp_lpcxpresso_11u68.a(board.o)
                0x0000099c                Board_Debug_Init
 .text.Board_LED_Init
                0x000009dc       0x5c C:\Users\Oliver\Documents\MCUXpressoIDE_10.2.0_759\workspace\lpc_board_nxp_lpcxpresso_11u68\Debug\liblpc_board_nxp_lpcxpresso_11u68.a(board.o)
 .text.Board_Init
                0x00000a38       0x1c C:\Users\Oliver\Documents\MCUXpressoIDE_10.2.0_759\workspace\lpc_board_nxp_lpcxpresso_11u68\Debug\liblpc_board_nxp_lpcxpresso_11u68.a(board.o)
                0x00000a38                Board_Init
 .text.Chip_Clock_EnablePeriphClock
                0x00000a54       0x30 C:\Users\Oliver\Documents\MCUXpressoIDE_10.2.0_759\workspace\lpc_board_nxp_lpcxpresso_11u68\Debug\liblpc_board_nxp_lpcxpresso_11u68.a(board_sysinit.o)
 .text.Board_SetupMuxing
                0x00000a84       0x24 C:\Users\Oliver\Documents\MCUXpressoIDE_10.2.0_759\workspace\lpc_board_nxp_lpcxpresso_11u68\Debug\liblpc_board_nxp_lpcxpresso_11u68.a(board_sysinit.o)
                0x00000a84                Board_SetupMuxing
 .text.Board_SetupClocking
                0x00000aa8        0xe C:\Users\Oliver\Documents\MCUXpressoIDE_10.2.0_759\workspace\lpc_board_nxp_lpcxpresso_11u68\Debug\liblpc_board_nxp_lpcxpresso_11u68.a(board_sysinit.o)
                0x00000aa8                Board_SetupClocking
 .text.Board_SystemInit
                0x00000ab6       0x12 C:\Users\Oliver\Documents\MCUXpressoIDE_10.2.0_759\workspace\lpc_board_nxp_lpcxpresso_11u68\Debug\liblpc_board_nxp_lpcxpresso_11u68.a(board_sysinit.o)
                0x00000ab6                Board_SystemInit
 .text.Chip_Clock_SetupUSBPLL
                0x00000ac8       0x38 C:\Users\Oliver\Documents\MCUXpressoIDE_10.2.0_759\workspace\lpc_chip_11u6x\Debug\liblpc_chip_11u6x.a(chip_11u6x.o)
 .text.Chip_Clock_IsUSBPLLLocked
                0x00000b00       0x1c C:\Users\Oliver\Documents\MCUXpressoIDE_10.2.0_759\workspace\lpc_chip_11u6x\Debug\liblpc_chip_11u6x.a(chip_11u6x.o)
 .text.Chip_Clock_EnablePeriphClock
                0x00000b1c       0x30 C:\Users\Oliver\Documents\MCUXpressoIDE_10.2.0_759\workspace\lpc_chip_11u6x\Debug\liblpc_chip_11u6x.a(chip_11u6x.o)
 .text.SystemCoreClockUpdate
                0x00000b4c       0x18 C:\Users\Oliver\Documents\MCUXpressoIDE_10.2.0_759\workspace\lpc_chip_11u6x\Debug\liblpc_chip_11u6x.a(chip_11u6x.o)
                0x00000b4c                SystemCoreClockUpdate
 .text.Chip_USB_Init
                0x00000b64       0x54 C:\Users\Oliver\Documents\MCUXpressoIDE_10.2.0_759\workspace\lpc_chip_11u6x\Debug\liblpc_chip_11u6x.a(chip_11u6x.o)
                0x00000b64                Chip_USB_Init
 .text.Chip_Clock_GetMainOscRate
                0x00000bb8       0x14 C:\Users\Oliver\Documents\MCUXpressoIDE_10.2.0_759\workspace\lpc_chip_11u6x\Debug\liblpc_chip_11u6x.a(clock_11u6x.o)
 .text.Chip_Clock_GetIntOscRate
                0x00000bcc       0x10 C:\Users\Oliver\Documents\MCUXpressoIDE_10.2.0_759\workspace\lpc_chip_11u6x\Debug\liblpc_chip_11u6x.a(clock_11u6x.o)
 .text.Chip_Clock_GetRTCOscRate
                0x00000bdc       0x14 C:\Users\Oliver\Documents\MCUXpressoIDE_10.2.0_759\workspace\lpc_chip_11u6x\Debug\liblpc_chip_11u6x.a(clock_11u6x.o)
 .text.Chip_Clock_GetWDTRate
                0x00000bf0       0x48 C:\Users\Oliver\Documents\MCUXpressoIDE_10.2.0_759\workspace\lpc_chip_11u6x\Debug\liblpc_chip_11u6x.a(clock_11u6x.o)
 .text.Chip_Clock_GetPLLFreq
                0x00000c38       0x22 C:\Users\Oliver\Documents\MCUXpressoIDE_10.2.0_759\workspace\lpc_chip_11u6x\Debug\liblpc_chip_11u6x.a(clock_11u6x.o)
 *fill*         0x00000c5a        0x2 ff
 .text.Chip_Clock_SetSystemPLLSource
                0x00000c5c       0x2c C:\Users\Oliver\Documents\MCUXpressoIDE_10.2.0_759\workspace\lpc_chip_11u6x\Debug\liblpc_chip_11u6x.a(clock_11u6x.o)
                0x00000c5c                Chip_Clock_SetSystemPLLSource
 .text.Chip_Clock_SetUSBPLLSource
                0x00000c88       0x2c C:\Users\Oliver\Documents\MCUXpressoIDE_10.2.0_759\workspace\lpc_chip_11u6x\Debug\liblpc_chip_11u6x.a(clock_11u6x.o)
                0x00000c88                Chip_Clock_SetUSBPLLSource
 .text.Chip_Clock_SetMainClockSource
                0x00000cb4       0x2c C:\Users\Oliver\Documents\MCUXpressoIDE_10.2.0_759\workspace\lpc_chip_11u6x\Debug\liblpc_chip_11u6x.a(clock_11u6x.o)
                0x00000cb4                Chip_Clock_SetMainClockSource
 .text.Chip_Clock_SetUSBClockSource
                0x00000ce0       0x3c C:\Users\Oliver\Documents\MCUXpressoIDE_10.2.0_759\workspace\lpc_chip_11u6x\Debug\liblpc_chip_11u6x.a(clock_11u6x.o)
                0x00000ce0                Chip_Clock_SetUSBClockSource
 .text.Chip_Clock_GetWDTOSCRate
                0x00000d1c       0x1c C:\Users\Oliver\Documents\MCUXpressoIDE_10.2.0_759\workspace\lpc_chip_11u6x\Debug\liblpc_chip_11u6x.a(clock_11u6x.o)
                0x00000d1c                Chip_Clock_GetWDTOSCRate
 .text.Chip_Clock_GetSystemPLLInClockRate
                0x00000d38       0x50 C:\Users\Oliver\Documents\MCUXpressoIDE_10.2.0_759\workspace\lpc_chip_11u6x\Debug\liblpc_chip_11u6x.a(clock_11u6x.o)
                0x00000d38                Chip_Clock_GetSystemPLLInClockRate
 .text.Chip_Clock_GetSystemPLLOutClockRate
                0x00000d88       0x24 C:\Users\Oliver\Documents\MCUXpressoIDE_10.2.0_759\workspace\lpc_chip_11u6x\Debug\liblpc_chip_11u6x.a(clock_11u6x.o)
                0x00000d88                Chip_Clock_GetSystemPLLOutClockRate
 .text.Chip_Clock_GetMainClockRate
                0x00000dac       0x64 C:\Users\Oliver\Documents\MCUXpressoIDE_10.2.0_759\workspace\lpc_chip_11u6x\Debug\liblpc_chip_11u6x.a(clock_11u6x.o)
                0x00000dac                Chip_Clock_GetMainClockRate
 .text.Chip_Clock_GetSystemClockRate
                0x00000e10       0x24 C:\Users\Oliver\Documents\MCUXpressoIDE_10.2.0_759\workspace\lpc_chip_11u6x\Debug\liblpc_chip_11u6x.a(clock_11u6x.o)
                0x00000e10                Chip_Clock_GetSystemClockRate
 .text.Chip_Clock_EnablePeriphClock
                0x00000e34       0x30 C:\Users\Oliver\Documents\MCUXpressoIDE_10.2.0_759\workspace\lpc_chip_11u6x\Debug\liblpc_chip_11u6x.a(gpio_11u6x.o)
 .text.Chip_GPIO_Init
                0x00000e64       0x16 C:\Users\Oliver\Documents\MCUXpressoIDE_10.2.0_759\workspace\lpc_chip_11u6x\Debug\liblpc_chip_11u6x.a(gpio_11u6x.o)
                0x00000e64                Chip_GPIO_Init
 .text.Chip_IOCON_PinMuxSet
                0x00000e7a       0x8e C:\Users\Oliver\Documents\MCUXpressoIDE_10.2.0_759\workspace\lpc_chip_11u6x\Debug\liblpc_chip_11u6x.a(iocon_11u6x.o)
                0x00000e7a                Chip_IOCON_PinMuxSet
 .text.Chip_IOCON_SetPinMuxing
                0x00000f08       0x4e C:\Users\Oliver\Documents\MCUXpressoIDE_10.2.0_759\workspace\lpc_chip_11u6x\Debug\liblpc_chip_11u6x.a(iocon_11u6x.o)
                0x00000f08                Chip_IOCON_SetPinMuxing
 *fill*         0x00000f56        0x2 ff
 .text.Chip_SYSCTL_PowerDown
                0x00000f58       0x44 C:\Users\Oliver\Documents\MCUXpressoIDE_10.2.0_759\workspace\lpc_chip_11u6x\Debug\liblpc_chip_11u6x.a(syscon_11u6x.o)
                0x00000f58                Chip_SYSCTL_PowerDown
 .text.Chip_SYSCTL_PowerUp
                0x00000f9c       0x44 C:\Users\Oliver\Documents\MCUXpressoIDE_10.2.0_759\workspace\lpc_chip_11u6x\Debug\liblpc_chip_11u6x.a(syscon_11u6x.o)
                0x00000f9c                Chip_SYSCTL_PowerUp
 .text.Chip_Clock_SetupSystemPLL
                0x00000fe0       0x38 C:\Users\Oliver\Documents\MCUXpressoIDE_10.2.0_759\workspace\lpc_chip_11u6x\Debug\liblpc_chip_11u6x.a(sysinit_11u6x.o)
 .text.Chip_Clock_IsSystemPLLLocked
                0x00001018       0x1c C:\Users\Oliver\Documents\MCUXpressoIDE_10.2.0_759\workspace\lpc_chip_11u6x\Debug\liblpc_chip_11u6x.a(sysinit_11u6x.o)
 .text.Chip_Clock_SetSysClockDiv
                0x00001034       0x1c C:\Users\Oliver\Documents\MCUXpressoIDE_10.2.0_759\workspace\lpc_chip_11u6x\Debug\liblpc_chip_11u6x.a(sysinit_11u6x.o)
 .text.Chip_FMC_SetFLASHAccess
                0x00001050       0x30 C:\Users\Oliver\Documents\MCUXpressoIDE_10.2.0_759\workspace\lpc_chip_11u6x\Debug\liblpc_chip_11u6x.a(sysinit_11u6x.o)
 .text.Chip_SetupXtalClocking
                0x00001080       0x6c C:\Users\Oliver\Documents\MCUXpressoIDE_10.2.0_759\workspace\lpc_chip_11u6x\Debug\liblpc_chip_11u6x.a(sysinit_11u6x.o)
                0x00001080                Chip_SetupXtalClocking
 .text.Chip_Clock_EnablePeriphClock
                0x000010ec       0x30 C:\Users\Oliver\Documents\MCUXpressoIDE_10.2.0_759\workspace\lpc_chip_11u6x\Debug\liblpc_chip_11u6x.a(uart_0_11u6x.o)
 .text.Chip_Clock_SetUSART0ClockDiv
                0x0000111c       0x1c C:\Users\Oliver\Documents\MCUXpressoIDE_10.2.0_759\workspace\lpc_chip_11u6x\Debug\liblpc_chip_11u6x.a(uart_0_11u6x.o)
 .text.Chip_UART0_SendByte
                0x00001138       0x1e C:\Users\Oliver\Documents\MCUXpressoIDE_10.2.0_759\workspace\lpc_chip_11u6x\Debug\liblpc_chip_11u6x.a(uart_0_11u6x.o)
 .text.Chip_UART0_SetupFIFOS
                0x00001156       0x18 C:\Users\Oliver\Documents\MCUXpressoIDE_10.2.0_759\workspace\lpc_chip_11u6x\Debug\liblpc_chip_11u6x.a(uart_0_11u6x.o)
 .text.Chip_UART0_EnableDivisorAccess
                0x0000116e       0x1c C:\Users\Oliver\Documents\MCUXpressoIDE_10.2.0_759\workspace\lpc_chip_11u6x\Debug\liblpc_chip_11u6x.a(uart_0_11u6x.o)
 .text.Chip_UART0_DisableDivisorAccess
                0x0000118a       0x1e C:\Users\Oliver\Documents\MCUXpressoIDE_10.2.0_759\workspace\lpc_chip_11u6x\Debug\liblpc_chip_11u6x.a(uart_0_11u6x.o)
 .text.Chip_UART0_SetDivisorLatches
                0x000011a8       0x30 C:\Users\Oliver\Documents\MCUXpressoIDE_10.2.0_759\workspace\lpc_chip_11u6x\Debug\liblpc_chip_11u6x.a(uart_0_11u6x.o)
 .text.Chip_UART0_ReadLineStatus
                0x000011d8       0x14 C:\Users\Oliver\Documents\MCUXpressoIDE_10.2.0_759\workspace\lpc_chip_11u6x\Debug\liblpc_chip_11u6x.a(uart_0_11u6x.o)
 .text.Chip_UART0_Init
                0x000011ec       0x2c C:\Users\Oliver\Documents\MCUXpressoIDE_10.2.0_759\workspace\lpc_chip_11u6x\Debug\liblpc_chip_11u6x.a(uart_0_11u6x.o)
                0x000011ec                Chip_UART0_Init
 .text.Chip_UART0_Send
                0x00001218       0x52 C:\Users\Oliver\Documents\MCUXpressoIDE_10.2.0_759\workspace\lpc_chip_11u6x\Debug\liblpc_chip_11u6x.a(uart_0_11u6x.o)
                0x00001218                Chip_UART0_Send
 .text.Chip_UART0_SendBlocking
                0x0000126a       0x4e C:\Users\Oliver\Documents\MCUXpressoIDE_10.2.0_759\workspace\lpc_chip_11u6x\Debug\liblpc_chip_11u6x.a(uart_0_11u6x.o)
                0x0000126a                Chip_UART0_SendBlocking
 .text.Chip_UART0_SetBaud
                0x000012b8       0x6e C:\Users\Oliver\Documents\MCUXpressoIDE_10.2.0_759\workspace\lpc_chip_11u6x\Debug\liblpc_chip_11u6x.a(uart_0_11u6x.o)
                0x000012b8                Chip_UART0_SetBaud
 .text.__main   0x00001326        0xc c:/nxp/mcuxpressoide_10.2.0_759/ide/tools/bin/../lib/gcc/arm-none-eabi/7.2.1/../../../../arm-none-eabi/lib/thumb/v6-m\libcr_nohost.a(_cr__main.o)
                0x00001326                __main
 .text.memset   0x00001332        0x8 c:/nxp/mcuxpressoide_10.2.0_759/ide/tools/bin/../lib/gcc/arm-none-eabi/7.2.1/../../../../arm-none-eabi/lib/thumb/v6-m\libcr_c.a(memset.o)
                0x00001332                memset
 *fill*         0x0000133a        0x2 ff
 .text._initio  0x0000133c       0x7c c:/nxp/mcuxpressoide_10.2.0_759/ide/tools/bin/../lib/gcc/arm-none-eabi/7.2.1/../../../../arm-none-eabi/lib/thumb/v6-m\libcr_c.a(initio.o)
                0x0000133c                _initio
 .text.setvbuf  0x000013b8       0x48 c:/nxp/mcuxpressoide_10.2.0_759/ide/tools/bin/../lib/gcc/arm-none-eabi/7.2.1/../../../../arm-none-eabi/lib/thumb/v6-m\libcr_c.a(setvbuf.o)
                0x000013b8                setvbuf
 .text._fdopen  0x00001400       0x74 c:/nxp/mcuxpressoide_10.2.0_759/ide/tools/bin/../lib/gcc/arm-none-eabi/7.2.1/../../../../arm-none-eabi/lib/thumb/v6-m\libcr_c.a(_fdopen.o)
                0x00001400                _fdopen
 .text.fclose   0x00001474       0x5c c:/nxp/mcuxpressoide_10.2.0_759/ide/tools/bin/../lib/gcc/arm-none-eabi/7.2.1/../../../../arm-none-eabi/lib/thumb/v6-m\libcr_c.a(fclose.o)
                0x00001474                fclose
 .text.fflush   0x000014d0       0x44 c:/nxp/mcuxpressoide_10.2.0_759/ide/tools/bin/../lib/gcc/arm-none-eabi/7.2.1/../../../../arm-none-eabi/lib/thumb/v6-m\libcr_c.a(fflush.o)
                0x000014d0                fflush
 .text.fseek    0x00001514       0xf0 c:/nxp/mcuxpressoide_10.2.0_759/ide/tools/bin/../lib/gcc/arm-none-eabi/7.2.1/../../../../arm-none-eabi/lib/thumb/v6-m\libcr_c.a(fseek.o)
                0x00001514                fseek
 .text.ftell    0x00001604       0x48 c:/nxp/mcuxpressoide_10.2.0_759/ide/tools/bin/../lib/gcc/arm-none-eabi/7.2.1/../../../../arm-none-eabi/lib/thumb/v6-m\libcr_c.a(ftell.o)
                0x00001604                ftell
 .text.remove   0x0000164c       0x12 c:/nxp/mcuxpressoide_10.2.0_759/ide/tools/bin/../lib/gcc/arm-none-eabi/7.2.1/../../../../arm-none-eabi/lib/thumb/v6-m\libcr_c.a(remove.o)
                0x0000164c                remove
 *fill*         0x0000165e        0x2 ff
 .text.strlen   0x00001660       0x58 c:/nxp/mcuxpressoide_10.2.0_759/ide/tools/bin/../lib/gcc/arm-none-eabi/7.2.1/../../../../arm-none-eabi/lib/thumb/v6-m\libcr_c.a(strlen.o)
                0x00001660                strlen
 .text._do_fflush
                0x000016b8       0x44 c:/nxp/mcuxpressoide_10.2.0_759/ide/tools/bin/../lib/gcc/arm-none-eabi/7.2.1/../../../../arm-none-eabi/lib/thumb/v6-m\libcr_c.a(_do_fflush.o)
                0x000016b8                _do_fflush
 .text._fflush  0x000016fc       0x5c c:/nxp/mcuxpressoide_10.2.0_759/ide/tools/bin/../lib/gcc/arm-none-eabi/7.2.1/../../../../arm-none-eabi/lib/thumb/v6-m\libcr_c.a(_fflush.o)
                0x000016fc                _fflush
 .text._Cwritebuf
                0x00001758       0x68 c:/nxp/mcuxpressoide_10.2.0_759/ide/tools/bin/../lib/gcc/arm-none-eabi/7.2.1/../../../../arm-none-eabi/lib/thumb/v6-m\libcr_c.a(_writebuf.o)
                0x00001758                _Cwritebuf
 .text.free     0x000017c0       0x2c c:/nxp/mcuxpressoide_10.2.0_759/ide/tools/bin/../lib/gcc/arm-none-eabi/7.2.1/../../../../arm-none-eabi/lib/thumb/v6-m\libcr_c.a(alloc.o)
                0x000017c0                free
 .text._deferredlazyseek
                0x000017ec       0x40 c:/nxp/mcuxpressoide_10.2.0_759/ide/tools/bin/../lib/gcc/arm-none-eabi/7.2.1/../../../../arm-none-eabi/lib/thumb/v6-m\libcr_c.a(_deferredlazyseek.o)
                0x000017ec                _deferredlazyseek
 .text.__aeabi_division_idivmod
                0x0000182c       0x78 c:/nxp/mcuxpressoide_10.2.0_759/ide/tools/bin/../lib/gcc/arm-none-eabi/7.2.1/thumb/v6-m\libcr_eabihelpers.a(division_32.o)
                0x0000182c                __aeabi_idivmod
                0x0000182c                __aeabi_idiv
                0x00001832                __aeabi_uidivmod
                0x00001832                __aeabi_uidiv
 .text.__aeabi_division_idiv0
                0x000018a4        0x2 c:/nxp/mcuxpressoide_10.2.0_759/ide/tools/bin/../lib/gcc/arm-none-eabi/7.2.1/thumb/v6-m\libcr_eabihelpers.a(division_idiv0.o)
                0x000018a4                __aeabi_idiv0
 .text.__aeabi_memset_lowlevel
                0x000018a6       0x2a c:/nxp/mcuxpressoide_10.2.0_759/ide/tools/bin/../lib/gcc/arm-none-eabi/7.2.1/thumb/v6-m\libcr_eabihelpers.a(memcpy.o)
                0x000018a6                __aeabi_lowlevel_memset
 .text.__sys_close
                0x000018d0        0x6 c:/nxp/mcuxpressoide_10.2.0_759/ide/tools/bin/../lib/gcc/arm-none-eabi/7.2.1/../../../../arm-none-eabi/lib/thumb/v6-m\libcr_nohost.a(__sys_close.o)
                0x000018d0                __sys_close
 .text.__sys_flen
                0x000018d6        0x6 c:/nxp/mcuxpressoide_10.2.0_759/ide/tools/bin/../lib/gcc/arm-none-eabi/7.2.1/../../../../arm-none-eabi/lib/thumb/v6-m\libcr_nohost.a(__sys_flen.o)
                0x000018d6                __sys_flen
 .text.__sys_istty
                0x000018dc        0x6 c:/nxp/mcuxpressoide_10.2.0_759/ide/tools/bin/../lib/gcc/arm-none-eabi/7.2.1/../../../../arm-none-eabi/lib/thumb/v6-m\libcr_nohost.a(__sys_istty.o)
                0x000018dc                __sys_istty
 .text.__sys_remove
                0x000018e2        0x6 c:/nxp/mcuxpressoide_10.2.0_759/ide/tools/bin/../lib/gcc/arm-none-eabi/7.2.1/../../../../arm-none-eabi/lib/thumb/v6-m\libcr_nohost.a(__sys_remove.o)
                0x000018e2                __sys_remove
 .text.__sys_seek
                0x000018e8        0x6 c:/nxp/mcuxpressoide_10.2.0_759/ide/tools/bin/../lib/gcc/arm-none-eabi/7.2.1/../../../../arm-none-eabi/lib/thumb/v6-m\libcr_nohost.a(__sys_seek.o)
                0x000018e8                __sys_seek
 .text.__sys_tmpnam
                0x000018ee        0x6 c:/nxp/mcuxpressoide_10.2.0_759/ide/tools/bin/../lib/gcc/arm-none-eabi/7.2.1/../../../../arm-none-eabi/lib/thumb/v6-m\libcr_nohost.a(__sys_tmpnam.o)
                0x000018ee                __sys_tmpnam
 *(.rodata .rodata.* .constdata .constdata.*)
 .rodata.HID_ReportDescriptor
                0x000018f4       0x21 ./src/hid_desc.o
                0x000018f4                HID_ReportDescriptor
 *fill*         0x00001915        0x1 ff
 .rodata.HID_ReportDescSize
                0x00001916        0x2 ./src/hid_desc.o
                0x00001916                HID_ReportDescSize
 .rodata.USB_DeviceDescriptor
                0x00001918       0x12 ./src/hid_desc.o
                0x00001918                USB_DeviceDescriptor
 *fill*         0x0000192a        0x2 ff
 .rodata.USB_StringDescriptor
                0x0000192c       0x72 ./src/hid_desc.o
                0x0000192c                USB_StringDescriptor
 *fill*         0x0000199e        0x2 ff
 .rodata.OscRateIn
                0x000019a0        0x4 C:\Users\Oliver\Documents\MCUXpressoIDE_10.2.0_759\workspace\lpc_board_nxp_lpcxpresso_11u68\Debug\liblpc_board_nxp_lpcxpresso_11u68.a(board.o)
                0x000019a0                OscRateIn
 .rodata.RTCOscRateIn
                0x000019a4        0x4 C:\Users\Oliver\Documents\MCUXpressoIDE_10.2.0_759\workspace\lpc_board_nxp_lpcxpresso_11u68\Debug\liblpc_board_nxp_lpcxpresso_11u68.a(board.o)
                0x000019a4                RTCOscRateIn
 .rodata.ledports
                0x000019a8        0x3 C:\Users\Oliver\Documents\MCUXpressoIDE_10.2.0_759\workspace\lpc_board_nxp_lpcxpresso_11u68\Debug\liblpc_board_nxp_lpcxpresso_11u68.a(board.o)
 *fill*         0x000019ab        0x1 ff
 .rodata.ledpins
                0x000019ac        0x3 C:\Users\Oliver\Documents\MCUXpressoIDE_10.2.0_759\workspace\lpc_board_nxp_lpcxpresso_11u68\Debug\liblpc_board_nxp_lpcxpresso_11u68.a(board.o)
 *fill*         0x000019af        0x1 ff
 .rodata.pinmuxing
                0x000019b0       0x64 C:\Users\Oliver\Documents\MCUXpressoIDE_10.2.0_759\workspace\lpc_board_nxp_lpcxpresso_11u68\Debug\liblpc_board_nxp_lpcxpresso_11u68.a(board_sysinit.o)
 .rodata.wdtOSCRate
                0x00001a14       0x40 C:\Users\Oliver\Documents\MCUXpressoIDE_10.2.0_759\workspace\lpc_chip_11u6x\Debug\liblpc_chip_11u6x.a(clock_11u6x.o)
 .rodata._initio.str1.1
                0x00001a54        0x4 c:/nxp/mcuxpressoide_10.2.0_759/ide/tools/bin/../lib/gcc/arm-none-eabi/7.2.1/../../../../arm-none-eabi/lib/thumb/v6-m\libcr_c.a(initio.o)
 .rodata.__num_Ciob_streams
                0x00001a58        0x4 c:/nxp/mcuxpressoide_10.2.0_759/ide/tools/bin/../lib/gcc/arm-none-eabi/7.2.1/../../../../arm-none-eabi/lib/thumb/v6-m\libcr_nohost.a(__ciob.o)
                0x00001a58                __num_Ciob_streams
                0x00001a5c                . = ALIGN (0x4)

.glue_7         0x00001a5c        0x0
 .glue_7        0x00001a5c        0x0 linker stubs

.glue_7t        0x00001a5c        0x0
 .glue_7t       0x00001a5c        0x0 linker stubs

.vfp11_veneer   0x00001a5c        0x0
 .vfp11_veneer  0x00001a5c        0x0 linker stubs

.v4_bx          0x00001a5c        0x0
 .v4_bx         0x00001a5c        0x0 linker stubs

.iplt           0x00001a5c        0x0
 .iplt          0x00001a5c        0x0 ./src/cr_startup_lpc11u6x.o

.rel.dyn        0x00001a5c        0x0
 .rel.iplt      0x00001a5c        0x0 ./src/cr_startup_lpc11u6x.o

.ARM.extab
 *(.ARM.extab* .gnu.linkonce.armextab.*)
                0x00001a5c                __exidx_start = .

.ARM.exidx
 *(.ARM.exidx* .gnu.linkonce.armexidx.*)
                0x00001a5c                __exidx_end = .
                0x00001a5c                _etext = .

.mtb_buffer_RAM2
 *(.mtb.$RAM2*)
 *(.mtb.$Ram1_2*)

.data_RAM2      0x20000000        0x0 load address 0x00001a5c
 FILL mask 0xff
                [!provide]                PROVIDE (__start_data_RAM2, .)
 *(.ramfunc.$RAM2)
 *(.ramfunc.$Ram1_2)
 *(.data.$RAM2*)
 *(.data.$Ram1_2*)
                0x20000000                . = ALIGN (0x4)
                [!provide]                PROVIDE (__end_data_RAM2, .)

.mtb_buffer_RAM3
 *(.mtb.$RAM3*)
 *(.mtb.$Ram2USB_2*)

.data_RAM3      0x20004000        0x0 load address 0x00001a5c
 FILL mask 0xff
                [!provide]                PROVIDE (__start_data_RAM3, .)
 *(.ramfunc.$RAM3)
 *(.ramfunc.$Ram2USB_2)
 *(.data.$RAM3*)
 *(.data.$Ram2USB_2*)
                0x20004000                . = ALIGN (0x4)
                [!provide]                PROVIDE (__end_data_RAM3, .)

.mtb_buffer_default
                0x10000000      0x100
 *(.mtb*)
 .mtb.$RAM1     0x10000000      0x100 ./src/mtb.o
                0x10000000                __mtb_buffer__

.uninit_RESERVED
                0x10000100        0x0
 *(.bss.$RESERVED*)
                0x10000100                . = ALIGN (0x4)
                0x10000100                _end_uninit_RESERVED = .

.data           0x10000100       0x2c load address 0x00001a5c
 FILL mask 0xff
                0x10000100                _data = .
 *(vtable)
 *(.ramfunc*)
 *(.data*)
 .data.USB_FsConfigDescriptor
                0x10000100       0x2a ./src/hid_desc.o
                0x10000100                USB_FsConfigDescriptor
                0x1000012c                . = ALIGN (0x4)
 *fill*         0x1000012a        0x2 ff
                0x1000012c                _edata = .

.igot.plt       0x1000012c        0x0 load address 0x00001a88
 .igot.plt      0x1000012c        0x0 ./src/cr_startup_lpc11u6x.o

.bss_RAM2       0x20000000        0x0
                [!provide]                PROVIDE (__start_bss_RAM2, .)
 *(.bss.$RAM2*)
 *(.bss.$Ram1_2*)
                0x20000000                . = ALIGN ((. != 0x0)?0x4:0x1)
                [!provide]                PROVIDE (__end_bss_RAM2, .)

.bss_RAM3       0x20004000        0x0
                [!provide]                PROVIDE (__start_bss_RAM3, .)
 *(.bss.$RAM3*)
 *(.bss.$Ram2USB_2*)
                0x20004000                . = ALIGN ((. != 0x0)?0x4:0x1)
                [!provide]                PROVIDE (__end_bss_RAM3, .)

.bss            0x1000012c      0x200
                0x1000012c                _bss = .
 *(.bss*)
 .bss.loopback_report
                0x1000012c        0x4 ./src/hid_generic.o
 .bss.g_hUsb    0x10000130        0x4 ./src/hid_main.o
 .bss.pauseTimer
                0x10000134        0x2 ./src/timer.o
 *fill*         0x10000136        0x2 
 .bss.errno     0x10000138        0x4 c:/nxp/mcuxpressoide_10.2.0_759/ide/tools/bin/../lib/gcc/arm-none-eabi/7.2.1/../../../../arm-none-eabi/lib/thumb/v6-m\libcr_c.a(errno.o)
                0x10000138                errno
 .bss.__Ciob    0x1000013c      0x1e0 c:/nxp/mcuxpressoide_10.2.0_759/ide/tools/bin/../lib/gcc/arm-none-eabi/7.2.1/../../../../arm-none-eabi/lib/thumb/v6-m\libcr_nohost.a(__ciob.o)
                0x1000013c                __Ciob
 *(COMMON)
 COMMON         0x1000031c        0x8 ./src/cr_startup_lpc11u6x.o
                0x1000031c                pDivRom_uidiv
                0x10000320                pDivRom_idiv
 COMMON         0x10000324        0x4 ./src/hid_main.o
                0x10000324                g_pUsbApi
 COMMON         0x10000328        0x4 C:\Users\Oliver\Documents\MCUXpressoIDE_10.2.0_759\workspace\lpc_chip_11u6x\Debug\liblpc_chip_11u6x.a(chip_11u6x.o)
                0x10000328                SystemCoreClock
                0x1000032c                . = ALIGN (0x4)
                0x1000032c                _ebss = .
                [!provide]                PROVIDE (end, .)

.noinit_RAM2    0x20000000        0x0
 *(.noinit.$RAM2*)
 *(.noinit.$Ram1_2*)
                0x20000000                . = ALIGN (0x4)

.noinit_RAM3    0x20004000        0x0
 *(.noinit.$RAM3*)
 *(.noinit.$Ram2USB_2*)
                0x20004000                . = ALIGN (0x4)

.noinit         0x1000032c        0x0
                0x1000032c                _noinit = .
 *(.noinit*)
                0x1000032c                . = ALIGN (0x4)
                0x1000032c                _end_noinit = .
                0x1000032c                PROVIDE (_pvHeapStart, DEFINED (__user_heap_base)?__user_heap_base:.)
                0x10008000                PROVIDE (_vStackTop, DEFINED (__user_stack_top)?__user_stack_top:(__top_Ram0_32 - 0x0))
                [!provide]                PROVIDE (__valid_user_code_checksum, (0x0 - (((_vStackTop + (ResetISR + 0x1)) + (DEFINED (NMI_Handler)?NMI_Handler:M0_NMI_Handler + 0x1)) + (DEFINED (HardFault_Handler)?HardFault_Handler:M0_HardFault_Handler + 0x1))))
                0x00000000                _image_start = LOADADDR (.text)
                0x00001a88                _image_end = (LOADADDR (.data) + SIZEOF (.data))
                0x00001a88                _image_size = (_image_end - _image_start)
OUTPUT(ReverseGeocacheLPC11U68.axf elf32-littlearm)

.debug_info     0x00000000     0xb3b5
 .debug_info    0x00000000      0x252 ./src/cr_startup_lpc11u6x.o
 .debug_info    0x00000252       0x3f ./src/crp.o
 .debug_info    0x00000291     0x13f6 ./src/hid_desc.o
 .debug_info    0x00001687     0x1ca9 ./src/hid_generic.o
 .debug_info    0x00003330     0x27b0 ./src/hid_main.o
 .debug_info    0x00005ae0       0x53 ./src/mtb.o
 .debug_info    0x00005b33      0x24c ./src/sysinit.o
 .debug_info    0x00005d7f       0xf6 ./src/timer.o
 .debug_info    0x00005e75      0xa4c C:\Users\Oliver\Documents\MCUXpressoIDE_10.2.0_759\workspace\lpc_board_nxp_lpcxpresso_11u68\Debug\liblpc_board_nxp_lpcxpresso_11u68.a(board.o)
 .debug_info    0x000068c1      0x9fc C:\Users\Oliver\Documents\MCUXpressoIDE_10.2.0_759\workspace\lpc_board_nxp_lpcxpresso_11u68\Debug\liblpc_board_nxp_lpcxpresso_11u68.a(board_sysinit.o)
 .debug_info    0x000072bd      0x87a C:\Users\Oliver\Documents\MCUXpressoIDE_10.2.0_759\workspace\lpc_chip_11u6x\Debug\liblpc_chip_11u6x.a(chip_11u6x.o)
 .debug_info    0x00007b37      0xd53 C:\Users\Oliver\Documents\MCUXpressoIDE_10.2.0_759\workspace\lpc_chip_11u6x\Debug\liblpc_chip_11u6x.a(clock_11u6x.o)
 .debug_info    0x0000888a      0xa4e C:\Users\Oliver\Documents\MCUXpressoIDE_10.2.0_759\workspace\lpc_chip_11u6x\Debug\liblpc_chip_11u6x.a(gpio_11u6x.o)
 .debug_info    0x000092d8      0x371 C:\Users\Oliver\Documents\MCUXpressoIDE_10.2.0_759\workspace\lpc_chip_11u6x\Debug\liblpc_chip_11u6x.a(iocon_11u6x.o)
 .debug_info    0x00009649      0x6a2 C:\Users\Oliver\Documents\MCUXpressoIDE_10.2.0_759\workspace\lpc_chip_11u6x\Debug\liblpc_chip_11u6x.a(syscon_11u6x.o)
 .debug_info    0x00009ceb      0x79f C:\Users\Oliver\Documents\MCUXpressoIDE_10.2.0_759\workspace\lpc_chip_11u6x\Debug\liblpc_chip_11u6x.a(sysinit_11u6x.o)
 .debug_info    0x0000a48a      0xf2b C:\Users\Oliver\Documents\MCUXpressoIDE_10.2.0_759\workspace\lpc_chip_11u6x\Debug\liblpc_chip_11u6x.a(uart_0_11u6x.o)

.debug_abbrev   0x00000000     0x1a87
 .debug_abbrev  0x00000000      0x11b ./src/cr_startup_lpc11u6x.o
 .debug_abbrev  0x0000011b       0x36 ./src/crp.o
 .debug_abbrev  0x00000151      0x190 ./src/hid_desc.o
 .debug_abbrev  0x000002e1      0x249 ./src/hid_generic.o
 .debug_abbrev  0x0000052a      0x32d ./src/hid_main.o
 .debug_abbrev  0x00000857       0x44 ./src/mtb.o
 .debug_abbrev  0x0000089b       0xcd ./src/sysinit.o
 .debug_abbrev  0x00000968       0xcd ./src/timer.o
 .debug_abbrev  0x00000a35      0x260 C:\Users\Oliver\Documents\MCUXpressoIDE_10.2.0_759\workspace\lpc_board_nxp_lpcxpresso_11u68\Debug\liblpc_board_nxp_lpcxpresso_11u68.a(board.o)
 .debug_abbrev  0x00000c95      0x188 C:\Users\Oliver\Documents\MCUXpressoIDE_10.2.0_759\workspace\lpc_board_nxp_lpcxpresso_11u68\Debug\liblpc_board_nxp_lpcxpresso_11u68.a(board_sysinit.o)
 .debug_abbrev  0x00000e1d      0x19f C:\Users\Oliver\Documents\MCUXpressoIDE_10.2.0_759\workspace\lpc_chip_11u6x\Debug\liblpc_chip_11u6x.a(chip_11u6x.o)
 .debug_abbrev  0x00000fbc      0x2b8 C:\Users\Oliver\Documents\MCUXpressoIDE_10.2.0_759\workspace\lpc_chip_11u6x\Debug\liblpc_chip_11u6x.a(clock_11u6x.o)
 .debug_abbrev  0x00001274      0x1b7 C:\Users\Oliver\Documents\MCUXpressoIDE_10.2.0_759\workspace\lpc_chip_11u6x\Debug\liblpc_chip_11u6x.a(gpio_11u6x.o)
 .debug_abbrev  0x0000142b      0x16e C:\Users\Oliver\Documents\MCUXpressoIDE_10.2.0_759\workspace\lpc_chip_11u6x\Debug\liblpc_chip_11u6x.a(iocon_11u6x.o)
 .debug_abbrev  0x00001599      0x128 C:\Users\Oliver\Documents\MCUXpressoIDE_10.2.0_759\workspace\lpc_chip_11u6x\Debug\liblpc_chip_11u6x.a(syscon_11u6x.o)
 .debug_abbrev  0x000016c1      0x19b C:\Users\Oliver\Documents\MCUXpressoIDE_10.2.0_759\workspace\lpc_chip_11u6x\Debug\liblpc_chip_11u6x.a(sysinit_11u6x.o)
 .debug_abbrev  0x0000185c      0x22b C:\Users\Oliver\Documents\MCUXpressoIDE_10.2.0_759\workspace\lpc_chip_11u6x\Debug\liblpc_chip_11u6x.a(uart_0_11u6x.o)

.debug_aranges  0x00000000      0x5d8
 .debug_aranges
                0x00000000       0x60 ./src/cr_startup_lpc11u6x.o
 .debug_aranges
                0x00000060       0x18 ./src/crp.o
 .debug_aranges
                0x00000078       0x18 ./src/hid_desc.o
 .debug_aranges
                0x00000090       0x38 ./src/hid_generic.o
 .debug_aranges
                0x000000c8       0x58 ./src/hid_main.o
 .debug_aranges
                0x00000120       0x18 ./src/mtb.o
 .debug_aranges
                0x00000138       0x20 ./src/sysinit.o
 .debug_aranges
                0x00000158       0x28 ./src/timer.o
 .debug_aranges
                0x00000180       0xc0 C:\Users\Oliver\Documents\MCUXpressoIDE_10.2.0_759\workspace\lpc_board_nxp_lpcxpresso_11u68\Debug\liblpc_board_nxp_lpcxpresso_11u68.a(board.o)
 .debug_aranges
                0x00000240       0x38 C:\Users\Oliver\Documents\MCUXpressoIDE_10.2.0_759\workspace\lpc_board_nxp_lpcxpresso_11u68\Debug\liblpc_board_nxp_lpcxpresso_11u68.a(board_sysinit.o)
 .debug_aranges
                0x00000278       0x40 C:\Users\Oliver\Documents\MCUXpressoIDE_10.2.0_759\workspace\lpc_chip_11u6x\Debug\liblpc_chip_11u6x.a(chip_11u6x.o)
 .debug_aranges
                0x000002b8      0x100 C:\Users\Oliver\Documents\MCUXpressoIDE_10.2.0_759\workspace\lpc_chip_11u6x\Debug\liblpc_chip_11u6x.a(clock_11u6x.o)
 .debug_aranges
                0x000003b8       0x78 C:\Users\Oliver\Documents\MCUXpressoIDE_10.2.0_759\workspace\lpc_chip_11u6x\Debug\liblpc_chip_11u6x.a(gpio_11u6x.o)
 .debug_aranges
                0x00000430       0x30 C:\Users\Oliver\Documents\MCUXpressoIDE_10.2.0_759\workspace\lpc_chip_11u6x\Debug\liblpc_chip_11u6x.a(iocon_11u6x.o)
 .debug_aranges
                0x00000460       0x40 C:\Users\Oliver\Documents\MCUXpressoIDE_10.2.0_759\workspace\lpc_chip_11u6x\Debug\liblpc_chip_11u6x.a(syscon_11u6x.o)
 .debug_aranges
                0x000004a0       0x50 C:\Users\Oliver\Documents\MCUXpressoIDE_10.2.0_759\workspace\lpc_chip_11u6x\Debug\liblpc_chip_11u6x.a(sysinit_11u6x.o)
 .debug_aranges
                0x000004f0       0xe8 C:\Users\Oliver\Documents\MCUXpressoIDE_10.2.0_759\workspace\lpc_chip_11u6x\Debug\liblpc_chip_11u6x.a(uart_0_11u6x.o)

.debug_ranges   0x00000000      0x4b0
 .debug_ranges  0x00000000       0x50 ./src/cr_startup_lpc11u6x.o
 .debug_ranges  0x00000050       0x28 ./src/hid_generic.o
 .debug_ranges  0x00000078       0x48 ./src/hid_main.o
 .debug_ranges  0x000000c0       0x10 ./src/sysinit.o
 .debug_ranges  0x000000d0       0x18 ./src/timer.o
 .debug_ranges  0x000000e8       0xb0 C:\Users\Oliver\Documents\MCUXpressoIDE_10.2.0_759\workspace\lpc_board_nxp_lpcxpresso_11u68\Debug\liblpc_board_nxp_lpcxpresso_11u68.a(board.o)
 .debug_ranges  0x00000198       0x28 C:\Users\Oliver\Documents\MCUXpressoIDE_10.2.0_759\workspace\lpc_board_nxp_lpcxpresso_11u68\Debug\liblpc_board_nxp_lpcxpresso_11u68.a(board_sysinit.o)
 .debug_ranges  0x000001c0       0x30 C:\Users\Oliver\Documents\MCUXpressoIDE_10.2.0_759\workspace\lpc_chip_11u6x\Debug\liblpc_chip_11u6x.a(chip_11u6x.o)
 .debug_ranges  0x000001f0       0xf0 C:\Users\Oliver\Documents\MCUXpressoIDE_10.2.0_759\workspace\lpc_chip_11u6x\Debug\liblpc_chip_11u6x.a(clock_11u6x.o)
 .debug_ranges  0x000002e0       0x68 C:\Users\Oliver\Documents\MCUXpressoIDE_10.2.0_759\workspace\lpc_chip_11u6x\Debug\liblpc_chip_11u6x.a(gpio_11u6x.o)
 .debug_ranges  0x00000348       0x20 C:\Users\Oliver\Documents\MCUXpressoIDE_10.2.0_759\workspace\lpc_chip_11u6x\Debug\liblpc_chip_11u6x.a(iocon_11u6x.o)
 .debug_ranges  0x00000368       0x30 C:\Users\Oliver\Documents\MCUXpressoIDE_10.2.0_759\workspace\lpc_chip_11u6x\Debug\liblpc_chip_11u6x.a(syscon_11u6x.o)
 .debug_ranges  0x00000398       0x40 C:\Users\Oliver\Documents\MCUXpressoIDE_10.2.0_759\workspace\lpc_chip_11u6x\Debug\liblpc_chip_11u6x.a(sysinit_11u6x.o)
 .debug_ranges  0x000003d8       0xd8 C:\Users\Oliver\Documents\MCUXpressoIDE_10.2.0_759\workspace\lpc_chip_11u6x\Debug\liblpc_chip_11u6x.a(uart_0_11u6x.o)

.debug_macro    0x00000000     0x349f
 .debug_macro   0x00000000       0x23 ./src/cr_startup_lpc11u6x.o
 .debug_macro   0x00000023       0x1a ./src/crp.o
 .debug_macro   0x0000003d       0x34 ./src/crp.o
 .debug_macro   0x00000071      0x110 ./src/hid_desc.o
 .debug_macro   0x00000181       0x7b ./src/hid_desc.o
 .debug_macro   0x000001fc      0x26c ./src/hid_desc.o
 .debug_macro   0x00000468       0x46 ./src/hid_desc.o
 .debug_macro   0x000004ae       0x12 ./src/hid_desc.o
 .debug_macro   0x000004c0       0xfa ./src/hid_desc.o
 .debug_macro   0x000005ba       0xee ./src/hid_desc.o
 .debug_macro   0x000006a8      0x693 ./src/hid_desc.o
 .debug_macro   0x00000d3b      0x272 ./src/hid_desc.o
 .debug_macro   0x00000fad       0x10 ./src/hid_desc.o
 .debug_macro   0x00000fbd      0x2b5 ./src/hid_generic.o
 .debug_macro   0x00001272      0x345 ./src/hid_main.o
 .debug_macro   0x000015b7       0x29 ./src/mtb.o
 .debug_macro   0x000015e0       0x82 ./src/mtb.o
 .debug_macro   0x00001662       0x10 ./src/mtb.o
 .debug_macro   0x00001672      0x20f ./src/sysinit.o
 .debug_macro   0x00001881       0x46 ./src/timer.o
 .debug_macro   0x000018c7      0x229 C:\Users\Oliver\Documents\MCUXpressoIDE_10.2.0_759\workspace\lpc_board_nxp_lpcxpresso_11u68\Debug\liblpc_board_nxp_lpcxpresso_11u68.a(board.o)
 .debug_macro   0x00001af0      0xa60 C:\Users\Oliver\Documents\MCUXpressoIDE_10.2.0_759\workspace\lpc_board_nxp_lpcxpresso_11u68\Debug\liblpc_board_nxp_lpcxpresso_11u68.a(board.o)
 .debug_macro   0x00002550       0x12 C:\Users\Oliver\Documents\MCUXpressoIDE_10.2.0_759\workspace\lpc_board_nxp_lpcxpresso_11u68\Debug\liblpc_board_nxp_lpcxpresso_11u68.a(board.o)
 .debug_macro   0x00002562      0x21d C:\Users\Oliver\Documents\MCUXpressoIDE_10.2.0_759\workspace\lpc_board_nxp_lpcxpresso_11u68\Debug\liblpc_board_nxp_lpcxpresso_11u68.a(board_sysinit.o)
 .debug_macro   0x0000277f      0x1da C:\Users\Oliver\Documents\MCUXpressoIDE_10.2.0_759\workspace\lpc_chip_11u6x\Debug\liblpc_chip_11u6x.a(chip_11u6x.o)
 .debug_macro   0x00002959      0x1da C:\Users\Oliver\Documents\MCUXpressoIDE_10.2.0_759\workspace\lpc_chip_11u6x\Debug\liblpc_chip_11u6x.a(clock_11u6x.o)
 .debug_macro   0x00002b33      0x1da C:\Users\Oliver\Documents\MCUXpressoIDE_10.2.0_759\workspace\lpc_chip_11u6x\Debug\liblpc_chip_11u6x.a(gpio_11u6x.o)
 .debug_macro   0x00002d0d      0x1da C:\Users\Oliver\Documents\MCUXpressoIDE_10.2.0_759\workspace\lpc_chip_11u6x\Debug\liblpc_chip_11u6x.a(iocon_11u6x.o)
 .debug_macro   0x00002ee7      0x204 C:\Users\Oliver\Documents\MCUXpressoIDE_10.2.0_759\workspace\lpc_chip_11u6x\Debug\liblpc_chip_11u6x.a(syscon_11u6x.o)
 .debug_macro   0x000030eb      0x1da C:\Users\Oliver\Documents\MCUXpressoIDE_10.2.0_759\workspace\lpc_chip_11u6x\Debug\liblpc_chip_11u6x.a(sysinit_11u6x.o)
 .debug_macro   0x000032c5      0x1da C:\Users\Oliver\Documents\MCUXpressoIDE_10.2.0_759\workspace\lpc_chip_11u6x\Debug\liblpc_chip_11u6x.a(uart_0_11u6x.o)

.debug_line     0x00000000     0x450b
 .debug_line    0x00000000       0xc0 ./src/cr_startup_lpc11u6x.o
 .debug_line    0x000000c0       0x75 ./src/crp.o
 .debug_line    0x00000135      0x316 ./src/hid_desc.o
 .debug_line    0x0000044b      0x62d ./src/hid_generic.o
 .debug_line    0x00000a78      0x7b3 ./src/hid_main.o
 .debug_line    0x0000122b       0x92 ./src/mtb.o
 .debug_line    0x000012bd      0x448 ./src/sysinit.o
 .debug_line    0x00001705      0x167 ./src/timer.o
 .debug_line    0x0000186c      0x63e C:\Users\Oliver\Documents\MCUXpressoIDE_10.2.0_759\workspace\lpc_board_nxp_lpcxpresso_11u68\Debug\liblpc_board_nxp_lpcxpresso_11u68.a(board.o)
 .debug_line    0x00001eaa      0x499 C:\Users\Oliver\Documents\MCUXpressoIDE_10.2.0_759\workspace\lpc_board_nxp_lpcxpresso_11u68\Debug\liblpc_board_nxp_lpcxpresso_11u68.a(board_sysinit.o)
 .debug_line    0x00002343      0x41f C:\Users\Oliver\Documents\MCUXpressoIDE_10.2.0_759\workspace\lpc_chip_11u6x\Debug\liblpc_chip_11u6x.a(chip_11u6x.o)
 .debug_line    0x00002762      0x636 C:\Users\Oliver\Documents\MCUXpressoIDE_10.2.0_759\workspace\lpc_chip_11u6x\Debug\liblpc_chip_11u6x.a(clock_11u6x.o)
 .debug_line    0x00002d98      0x4b2 C:\Users\Oliver\Documents\MCUXpressoIDE_10.2.0_759\workspace\lpc_chip_11u6x\Debug\liblpc_chip_11u6x.a(gpio_11u6x.o)
 .debug_line    0x0000324a      0x41b C:\Users\Oliver\Documents\MCUXpressoIDE_10.2.0_759\workspace\lpc_chip_11u6x\Debug\liblpc_chip_11u6x.a(iocon_11u6x.o)
 .debug_line    0x00003665      0x417 C:\Users\Oliver\Documents\MCUXpressoIDE_10.2.0_759\workspace\lpc_chip_11u6x\Debug\liblpc_chip_11u6x.a(syscon_11u6x.o)
 .debug_line    0x00003a7c      0x46b C:\Users\Oliver\Documents\MCUXpressoIDE_10.2.0_759\workspace\lpc_chip_11u6x\Debug\liblpc_chip_11u6x.a(sysinit_11u6x.o)
 .debug_line    0x00003ee7      0x624 C:\Users\Oliver\Documents\MCUXpressoIDE_10.2.0_759\workspace\lpc_chip_11u6x\Debug\liblpc_chip_11u6x.a(uart_0_11u6x.o)

.debug_str      0x00000000    0x14076
 .debug_str     0x00000000     0x2e76 ./src/cr_startup_lpc11u6x.o
                               0x2e89 (size before relaxing)
 .debug_str     0x00002e76       0xe9 ./src/crp.o
                               0x2d73 (size before relaxing)
 .debug_str     0x00002f5f     0x68c4 ./src/hid_desc.o
                               0x9694 (size before relaxing)
 .debug_str     0x00009823     0x70d1 ./src/hid_generic.o
                              0x10619 (size before relaxing)
 .debug_str     0x000108f4     0x1927 ./src/hid_main.o
                              0x11d34 (size before relaxing)
 .debug_str     0x0001221b      0x519 ./src/mtb.o
                               0x31a8 (size before relaxing)
 .debug_str     0x00012734       0x11 ./src/sysinit.o
                               0xb128 (size before relaxing)
 .debug_str     0x00012745       0x36 ./src/timer.o
                               0x43c2 (size before relaxing)
 .debug_str     0x0001277b      0x2ab C:\Users\Oliver\Documents\MCUXpressoIDE_10.2.0_759\workspace\lpc_board_nxp_lpcxpresso_11u68\Debug\liblpc_board_nxp_lpcxpresso_11u68.a(board.o)
                               0xb587 (size before relaxing)
 .debug_str     0x00012a26      0x5d9 C:\Users\Oliver\Documents\MCUXpressoIDE_10.2.0_759\workspace\lpc_board_nxp_lpcxpresso_11u68\Debug\liblpc_board_nxp_lpcxpresso_11u68.a(board_sysinit.o)
                               0xb8e6 (size before relaxing)
 .debug_str     0x00012fff      0x1b3 C:\Users\Oliver\Documents\MCUXpressoIDE_10.2.0_759\workspace\lpc_chip_11u6x\Debug\liblpc_chip_11u6x.a(chip_11u6x.o)
                               0xb594 (size before relaxing)
 .debug_str     0x000131b2      0x7a9 C:\Users\Oliver\Documents\MCUXpressoIDE_10.2.0_759\workspace\lpc_chip_11u6x\Debug\liblpc_chip_11u6x.a(clock_11u6x.o)
                               0xba0c (size before relaxing)
 .debug_str     0x0001395b       0xfe C:\Users\Oliver\Documents\MCUXpressoIDE_10.2.0_759\workspace\lpc_chip_11u6x\Debug\liblpc_chip_11u6x.a(gpio_11u6x.o)
                               0xb3e3 (size before relaxing)
 .debug_str     0x00013a59       0x7f C:\Users\Oliver\Documents\MCUXpressoIDE_10.2.0_759\workspace\lpc_chip_11u6x\Debug\liblpc_chip_11u6x.a(iocon_11u6x.o)
                               0xaddd (size before relaxing)
 .debug_str     0x00013ad8      0x1c2 C:\Users\Oliver\Documents\MCUXpressoIDE_10.2.0_759\workspace\lpc_chip_11u6x\Debug\liblpc_chip_11u6x.a(syscon_11u6x.o)
                               0xb17a (size before relaxing)
 .debug_str     0x00013c9a      0x130 C:\Users\Oliver\Documents\MCUXpressoIDE_10.2.0_759\workspace\lpc_chip_11u6x\Debug\liblpc_chip_11u6x.a(sysinit_11u6x.o)
                               0xb1f9 (size before relaxing)
 .debug_str     0x00013dca      0x2ac C:\Users\Oliver\Documents\MCUXpressoIDE_10.2.0_759\workspace\lpc_chip_11u6x\Debug\liblpc_chip_11u6x.a(uart_0_11u6x.o)
                               0xb5c7 (size before relaxing)

.comment        0x00000000       0x7e
 .comment       0x00000000       0x7e ./src/cr_startup_lpc11u6x.o
                                 0x7f (size before relaxing)
 .comment       0x0000007e       0x7f ./src/crp.o
 .comment       0x0000007e       0x7f ./src/hid_desc.o
 .comment       0x0000007e       0x7f ./src/hid_generic.o
 .comment       0x0000007e       0x7f ./src/hid_main.o
 .comment       0x0000007e       0x7f ./src/mtb.o
 .comment       0x0000007e       0x7f ./src/sysinit.o
 .comment       0x0000007e       0x7f ./src/timer.o
 .comment       0x0000007e       0x7f C:\Users\Oliver\Documents\MCUXpressoIDE_10.2.0_759\workspace\lpc_board_nxp_lpcxpresso_11u68\Debug\liblpc_board_nxp_lpcxpresso_11u68.a(board.o)
 .comment       0x0000007e       0x7f C:\Users\Oliver\Documents\MCUXpressoIDE_10.2.0_759\workspace\lpc_board_nxp_lpcxpresso_11u68\Debug\liblpc_board_nxp_lpcxpresso_11u68.a(board_sysinit.o)
 .comment       0x0000007e       0x7f C:\Users\Oliver\Documents\MCUXpressoIDE_10.2.0_759\workspace\lpc_chip_11u6x\Debug\liblpc_chip_11u6x.a(chip_11u6x.o)
 .comment       0x0000007e       0x7f C:\Users\Oliver\Documents\MCUXpressoIDE_10.2.0_759\workspace\lpc_chip_11u6x\Debug\liblpc_chip_11u6x.a(clock_11u6x.o)
 .comment       0x0000007e       0x7f C:\Users\Oliver\Documents\MCUXpressoIDE_10.2.0_759\workspace\lpc_chip_11u6x\Debug\liblpc_chip_11u6x.a(gpio_11u6x.o)
 .comment       0x0000007e       0x7f C:\Users\Oliver\Documents\MCUXpressoIDE_10.2.0_759\workspace\lpc_chip_11u6x\Debug\liblpc_chip_11u6x.a(iocon_11u6x.o)
 .comment       0x0000007e       0x7f C:\Users\Oliver\Documents\MCUXpressoIDE_10.2.0_759\workspace\lpc_chip_11u6x\Debug\liblpc_chip_11u6x.a(syscon_11u6x.o)
 .comment       0x0000007e       0x7f C:\Users\Oliver\Documents\MCUXpressoIDE_10.2.0_759\workspace\lpc_chip_11u6x\Debug\liblpc_chip_11u6x.a(sysinit_11u6x.o)
 .comment       0x0000007e       0x7f C:\Users\Oliver\Documents\MCUXpressoIDE_10.2.0_759\workspace\lpc_chip_11u6x\Debug\liblpc_chip_11u6x.a(uart_0_11u6x.o)
 .comment       0x0000007e       0x7f c:/nxp/mcuxpressoide_10.2.0_759/ide/tools/bin/../lib/gcc/arm-none-eabi/7.2.1/../../../../arm-none-eabi/lib/thumb/v6-m\libcr_nohost.a(_cr__main.o)
 .comment       0x0000007e       0x7f c:/nxp/mcuxpressoide_10.2.0_759/ide/tools/bin/../lib/gcc/arm-none-eabi/7.2.1/../../../../arm-none-eabi/lib/thumb/v6-m\libcr_c.a(memset.o)
 .comment       0x0000007e       0x7f c:/nxp/mcuxpressoide_10.2.0_759/ide/tools/bin/../lib/gcc/arm-none-eabi/7.2.1/../../../../arm-none-eabi/lib/thumb/v6-m\libcr_c.a(initio.o)
 .comment       0x0000007e       0x7f c:/nxp/mcuxpressoide_10.2.0_759/ide/tools/bin/../lib/gcc/arm-none-eabi/7.2.1/../../../../arm-none-eabi/lib/thumb/v6-m\libcr_c.a(setvbuf.o)
 .comment       0x0000007e       0x7f c:/nxp/mcuxpressoide_10.2.0_759/ide/tools/bin/../lib/gcc/arm-none-eabi/7.2.1/../../../../arm-none-eabi/lib/thumb/v6-m\libcr_c.a(_fdopen.o)
 .comment       0x0000007e       0x7f c:/nxp/mcuxpressoide_10.2.0_759/ide/tools/bin/../lib/gcc/arm-none-eabi/7.2.1/../../../../arm-none-eabi/lib/thumb/v6-m\libcr_c.a(fclose.o)
 .comment       0x0000007e       0x7f c:/nxp/mcuxpressoide_10.2.0_759/ide/tools/bin/../lib/gcc/arm-none-eabi/7.2.1/../../../../arm-none-eabi/lib/thumb/v6-m\libcr_c.a(fflush.o)
 .comment       0x0000007e       0x7f c:/nxp/mcuxpressoide_10.2.0_759/ide/tools/bin/../lib/gcc/arm-none-eabi/7.2.1/../../../../arm-none-eabi/lib/thumb/v6-m\libcr_c.a(fseek.o)
 .comment       0x0000007e       0x7f c:/nxp/mcuxpressoide_10.2.0_759/ide/tools/bin/../lib/gcc/arm-none-eabi/7.2.1/../../../../arm-none-eabi/lib/thumb/v6-m\libcr_c.a(ftell.o)
 .comment       0x0000007e       0x7f c:/nxp/mcuxpressoide_10.2.0_759/ide/tools/bin/../lib/gcc/arm-none-eabi/7.2.1/../../../../arm-none-eabi/lib/thumb/v6-m\libcr_c.a(remove.o)
 .comment       0x0000007e       0x7f c:/nxp/mcuxpressoide_10.2.0_759/ide/tools/bin/../lib/gcc/arm-none-eabi/7.2.1/../../../../arm-none-eabi/lib/thumb/v6-m\libcr_c.a(strlen.o)
 .comment       0x0000007e       0x7f c:/nxp/mcuxpressoide_10.2.0_759/ide/tools/bin/../lib/gcc/arm-none-eabi/7.2.1/../../../../arm-none-eabi/lib/thumb/v6-m\libcr_c.a(_do_fflush.o)
 .comment       0x0000007e       0x7f c:/nxp/mcuxpressoide_10.2.0_759/ide/tools/bin/../lib/gcc/arm-none-eabi/7.2.1/../../../../arm-none-eabi/lib/thumb/v6-m\libcr_c.a(_fflush.o)
 .comment       0x0000007e       0x7f c:/nxp/mcuxpressoide_10.2.0_759/ide/tools/bin/../lib/gcc/arm-none-eabi/7.2.1/../../../../arm-none-eabi/lib/thumb/v6-m\libcr_c.a(_writebuf.o)
 .comment       0x0000007e       0x7f c:/nxp/mcuxpressoide_10.2.0_759/ide/tools/bin/../lib/gcc/arm-none-eabi/7.2.1/../../../../arm-none-eabi/lib/thumb/v6-m\libcr_c.a(alloc.o)
 .comment       0x0000007e       0x7f c:/nxp/mcuxpressoide_10.2.0_759/ide/tools/bin/../lib/gcc/arm-none-eabi/7.2.1/../../../../arm-none-eabi/lib/thumb/v6-m\libcr_c.a(errno.o)
 .comment       0x0000007e       0x7f c:/nxp/mcuxpressoide_10.2.0_759/ide/tools/bin/../lib/gcc/arm-none-eabi/7.2.1/../../../../arm-none-eabi/lib/thumb/v6-m\libcr_c.a(_deferredlazyseek.o)
 .comment       0x0000007e       0x7f c:/nxp/mcuxpressoide_10.2.0_759/ide/tools/bin/../lib/gcc/arm-none-eabi/7.2.1/../../../../arm-none-eabi/lib/thumb/v6-m\libcr_nohost.a(__ciob.o)
 .comment       0x0000007e       0x7f c:/nxp/mcuxpressoide_10.2.0_759/ide/tools/bin/../lib/gcc/arm-none-eabi/7.2.1/../../../../arm-none-eabi/lib/thumb/v6-m\libcr_nohost.a(__sys_close.o)
 .comment       0x0000007e       0x7f c:/nxp/mcuxpressoide_10.2.0_759/ide/tools/bin/../lib/gcc/arm-none-eabi/7.2.1/../../../../arm-none-eabi/lib/thumb/v6-m\libcr_nohost.a(__sys_flen.o)
 .comment       0x0000007e       0x7f c:/nxp/mcuxpressoide_10.2.0_759/ide/tools/bin/../lib/gcc/arm-none-eabi/7.2.1/../../../../arm-none-eabi/lib/thumb/v6-m\libcr_nohost.a(__sys_istty.o)
 .comment       0x0000007e       0x7f c:/nxp/mcuxpressoide_10.2.0_759/ide/tools/bin/../lib/gcc/arm-none-eabi/7.2.1/../../../../arm-none-eabi/lib/thumb/v6-m\libcr_nohost.a(__sys_remove.o)
 .comment       0x0000007e       0x7f c:/nxp/mcuxpressoide_10.2.0_759/ide/tools/bin/../lib/gcc/arm-none-eabi/7.2.1/../../../../arm-none-eabi/lib/thumb/v6-m\libcr_nohost.a(__sys_seek.o)
 .comment       0x0000007e       0x7f c:/nxp/mcuxpressoide_10.2.0_759/ide/tools/bin/../lib/gcc/arm-none-eabi/7.2.1/../../../../arm-none-eabi/lib/thumb/v6-m\libcr_nohost.a(__sys_tmpnam.o)

.ARM.attributes
                0x00000000       0x2f
 .ARM.attributes
                0x00000000       0x31 ./src/cr_startup_lpc11u6x.o
 .ARM.attributes
                0x00000031       0x31 ./src/crp.o
 .ARM.attributes
                0x00000062       0x31 ./src/hid_desc.o
 .ARM.attributes
                0x00000093       0x31 ./src/hid_generic.o
 .ARM.attributes
                0x000000c4       0x31 ./src/hid_main.o
 .ARM.attributes
                0x000000f5       0x31 ./src/mtb.o
 .ARM.attributes
                0x00000126       0x31 ./src/sysinit.o
 .ARM.attributes
                0x00000157       0x31 ./src/timer.o
 .ARM.attributes
                0x00000188       0x31 C:\Users\Oliver\Documents\MCUXpressoIDE_10.2.0_759\workspace\lpc_board_nxp_lpcxpresso_11u68\Debug\liblpc_board_nxp_lpcxpresso_11u68.a(board.o)
 .ARM.attributes
                0x000001b9       0x31 C:\Users\Oliver\Documents\MCUXpressoIDE_10.2.0_759\workspace\lpc_board_nxp_lpcxpresso_11u68\Debug\liblpc_board_nxp_lpcxpresso_11u68.a(board_sysinit.o)
 .ARM.attributes
                0x000001ea       0x31 C:\Users\Oliver\Documents\MCUXpressoIDE_10.2.0_759\workspace\lpc_chip_11u6x\Debug\liblpc_chip_11u6x.a(chip_11u6x.o)
 .ARM.attributes
                0x0000021b       0x31 C:\Users\Oliver\Documents\MCUXpressoIDE_10.2.0_759\workspace\lpc_chip_11u6x\Debug\liblpc_chip_11u6x.a(clock_11u6x.o)
 .ARM.attributes
                0x0000024c       0x31 C:\Users\Oliver\Documents\MCUXpressoIDE_10.2.0_759\workspace\lpc_chip_11u6x\Debug\liblpc_chip_11u6x.a(gpio_11u6x.o)
 .ARM.attributes
                0x0000027d       0x31 C:\Users\Oliver\Documents\MCUXpressoIDE_10.2.0_759\workspace\lpc_chip_11u6x\Debug\liblpc_chip_11u6x.a(iocon_11u6x.o)
 .ARM.attributes
                0x000002ae       0x31 C:\Users\Oliver\Documents\MCUXpressoIDE_10.2.0_759\workspace\lpc_chip_11u6x\Debug\liblpc_chip_11u6x.a(syscon_11u6x.o)
 .ARM.attributes
                0x000002df       0x31 C:\Users\Oliver\Documents\MCUXpressoIDE_10.2.0_759\workspace\lpc_chip_11u6x\Debug\liblpc_chip_11u6x.a(sysinit_11u6x.o)
 .ARM.attributes
                0x00000310       0x31 C:\Users\Oliver\Documents\MCUXpressoIDE_10.2.0_759\workspace\lpc_chip_11u6x\Debug\liblpc_chip_11u6x.a(uart_0_11u6x.o)
 .ARM.attributes
                0x00000341       0x31 c:/nxp/mcuxpressoide_10.2.0_759/ide/tools/bin/../lib/gcc/arm-none-eabi/7.2.1/../../../../arm-none-eabi/lib/thumb/v6-m\libcr_nohost.a(_cr__main.o)
 .ARM.attributes
                0x00000372       0x31 c:/nxp/mcuxpressoide_10.2.0_759/ide/tools/bin/../lib/gcc/arm-none-eabi/7.2.1/../../../../arm-none-eabi/lib/thumb/v6-m\libcr_c.a(memset.o)
 .ARM.attributes
                0x000003a3       0x31 c:/nxp/mcuxpressoide_10.2.0_759/ide/tools/bin/../lib/gcc/arm-none-eabi/7.2.1/../../../../arm-none-eabi/lib/thumb/v6-m\libcr_c.a(initio.o)
 .ARM.attributes
                0x000003d4       0x31 c:/nxp/mcuxpressoide_10.2.0_759/ide/tools/bin/../lib/gcc/arm-none-eabi/7.2.1/../../../../arm-none-eabi/lib/thumb/v6-m\libcr_c.a(setvbuf.o)
 .ARM.attributes
                0x00000405       0x31 c:/nxp/mcuxpressoide_10.2.0_759/ide/tools/bin/../lib/gcc/arm-none-eabi/7.2.1/../../../../arm-none-eabi/lib/thumb/v6-m\libcr_c.a(_fdopen.o)
 .ARM.attributes
                0x00000436       0x31 c:/nxp/mcuxpressoide_10.2.0_759/ide/tools/bin/../lib/gcc/arm-none-eabi/7.2.1/../../../../arm-none-eabi/lib/thumb/v6-m\libcr_c.a(fclose.o)
 .ARM.attributes
                0x00000467       0x31 c:/nxp/mcuxpressoide_10.2.0_759/ide/tools/bin/../lib/gcc/arm-none-eabi/7.2.1/../../../../arm-none-eabi/lib/thumb/v6-m\libcr_c.a(fflush.o)
 .ARM.attributes
                0x00000498       0x31 c:/nxp/mcuxpressoide_10.2.0_759/ide/tools/bin/../lib/gcc/arm-none-eabi/7.2.1/../../../../arm-none-eabi/lib/thumb/v6-m\libcr_c.a(fseek.o)
 .ARM.attributes
                0x000004c9       0x31 c:/nxp/mcuxpressoide_10.2.0_759/ide/tools/bin/../lib/gcc/arm-none-eabi/7.2.1/../../../../arm-none-eabi/lib/thumb/v6-m\libcr_c.a(ftell.o)
 .ARM.attributes
                0x000004fa       0x31 c:/nxp/mcuxpressoide_10.2.0_759/ide/tools/bin/../lib/gcc/arm-none-eabi/7.2.1/../../../../arm-none-eabi/lib/thumb/v6-m\libcr_c.a(remove.o)
 .ARM.attributes
                0x0000052b       0x31 c:/nxp/mcuxpressoide_10.2.0_759/ide/tools/bin/../lib/gcc/arm-none-eabi/7.2.1/../../../../arm-none-eabi/lib/thumb/v6-m\libcr_c.a(strlen.o)
 .ARM.attributes
                0x0000055c       0x31 c:/nxp/mcuxpressoide_10.2.0_759/ide/tools/bin/../lib/gcc/arm-none-eabi/7.2.1/../../../../arm-none-eabi/lib/thumb/v6-m\libcr_c.a(_do_fflush.o)
 .ARM.attributes
                0x0000058d       0x31 c:/nxp/mcuxpressoide_10.2.0_759/ide/tools/bin/../lib/gcc/arm-none-eabi/7.2.1/../../../../arm-none-eabi/lib/thumb/v6-m\libcr_c.a(_fflush.o)
 .ARM.attributes
                0x000005be       0x31 c:/nxp/mcuxpressoide_10.2.0_759/ide/tools/bin/../lib/gcc/arm-none-eabi/7.2.1/../../../../arm-none-eabi/lib/thumb/v6-m\libcr_c.a(_writebuf.o)
 .ARM.attributes
                0x000005ef       0x31 c:/nxp/mcuxpressoide_10.2.0_759/ide/tools/bin/../lib/gcc/arm-none-eabi/7.2.1/../../../../arm-none-eabi/lib/thumb/v6-m\libcr_c.a(alloc.o)
 .ARM.attributes
                0x00000620       0x31 c:/nxp/mcuxpressoide_10.2.0_759/ide/tools/bin/../lib/gcc/arm-none-eabi/7.2.1/../../../../arm-none-eabi/lib/thumb/v6-m\libcr_c.a(errno.o)
 .ARM.attributes
                0x00000651       0x31 c:/nxp/mcuxpressoide_10.2.0_759/ide/tools/bin/../lib/gcc/arm-none-eabi/7.2.1/../../../../arm-none-eabi/lib/thumb/v6-m\libcr_c.a(_deferredlazyseek.o)
 .ARM.attributes
                0x00000682       0x21 c:/nxp/mcuxpressoide_10.2.0_759/ide/tools/bin/../lib/gcc/arm-none-eabi/7.2.1/thumb/v6-m\libcr_eabihelpers.a(division_32.o)
 .ARM.attributes
                0x000006a3       0x21 c:/nxp/mcuxpressoide_10.2.0_759/ide/tools/bin/../lib/gcc/arm-none-eabi/7.2.1/thumb/v6-m\libcr_eabihelpers.a(division_idiv0.o)
 .ARM.attributes
                0x000006c4       0x21 c:/nxp/mcuxpressoide_10.2.0_759/ide/tools/bin/../lib/gcc/arm-none-eabi/7.2.1/thumb/v6-m\libcr_eabihelpers.a(memcpy.o)
 .ARM.attributes
                0x000006e5       0x31 c:/nxp/mcuxpressoide_10.2.0_759/ide/tools/bin/../lib/gcc/arm-none-eabi/7.2.1/../../../../arm-none-eabi/lib/thumb/v6-m\libcr_nohost.a(__ciob.o)
 .ARM.attributes
                0x00000716       0x31 c:/nxp/mcuxpressoide_10.2.0_759/ide/tools/bin/../lib/gcc/arm-none-eabi/7.2.1/../../../../arm-none-eabi/lib/thumb/v6-m\libcr_nohost.a(__sys_close.o)
 .ARM.attributes
                0x00000747       0x31 c:/nxp/mcuxpressoide_10.2.0_759/ide/tools/bin/../lib/gcc/arm-none-eabi/7.2.1/../../../../arm-none-eabi/lib/thumb/v6-m\libcr_nohost.a(__sys_flen.o)
 .ARM.attributes
                0x00000778       0x31 c:/nxp/mcuxpressoide_10.2.0_759/ide/tools/bin/../lib/gcc/arm-none-eabi/7.2.1/../../../../arm-none-eabi/lib/thumb/v6-m\libcr_nohost.a(__sys_istty.o)
 .ARM.attributes
                0x000007a9       0x31 c:/nxp/mcuxpressoide_10.2.0_759/ide/tools/bin/../lib/gcc/arm-none-eabi/7.2.1/../../../../arm-none-eabi/lib/thumb/v6-m\libcr_nohost.a(__sys_remove.o)
 .ARM.attributes
                0x000007da       0x31 c:/nxp/mcuxpressoide_10.2.0_759/ide/tools/bin/../lib/gcc/arm-none-eabi/7.2.1/../../../../arm-none-eabi/lib/thumb/v6-m\libcr_nohost.a(__sys_seek.o)
 .ARM.attributes
                0x0000080b       0x31 c:/nxp/mcuxpressoide_10.2.0_759/ide/tools/bin/../lib/gcc/arm-none-eabi/7.2.1/../../../../arm-none-eabi/lib/thumb/v6-m\libcr_nohost.a(__sys_tmpnam.o)

.debug_frame    0x00000000     0x1174
 .debug_frame   0x00000000      0x118 ./src/cr_startup_lpc11u6x.o
 .debug_frame   0x00000118       0x90 ./src/hid_generic.o
 .debug_frame   0x000001a8      0x10c ./src/hid_main.o
 .debug_frame   0x000002b4       0x2c ./src/sysinit.o
 .debug_frame   0x000002e0       0x4c ./src/timer.o
 .debug_frame   0x0000032c      0x2a8 C:\Users\Oliver\Documents\MCUXpressoIDE_10.2.0_759\workspace\lpc_board_nxp_lpcxpresso_11u68\Debug\liblpc_board_nxp_lpcxpresso_11u68.a(board.o)
 .debug_frame   0x000005d4       0x84 C:\Users\Oliver\Documents\MCUXpressoIDE_10.2.0_759\workspace\lpc_board_nxp_lpcxpresso_11u68\Debug\liblpc_board_nxp_lpcxpresso_11u68.a(board_sysinit.o)
 .debug_frame   0x00000658       0xa4 C:\Users\Oliver\Documents\MCUXpressoIDE_10.2.0_759\workspace\lpc_chip_11u6x\Debug\liblpc_chip_11u6x.a(chip_11u6x.o)
 .debug_frame   0x000006fc      0x394 C:\Users\Oliver\Documents\MCUXpressoIDE_10.2.0_759\workspace\lpc_chip_11u6x\Debug\liblpc_chip_11u6x.a(clock_11u6x.o)
 .debug_frame   0x00000a90      0x190 C:\Users\Oliver\Documents\MCUXpressoIDE_10.2.0_759\workspace\lpc_chip_11u6x\Debug\liblpc_chip_11u6x.a(gpio_11u6x.o)
 .debug_frame   0x00000c20       0x70 C:\Users\Oliver\Documents\MCUXpressoIDE_10.2.0_759\workspace\lpc_chip_11u6x\Debug\liblpc_chip_11u6x.a(iocon_11u6x.o)
 .debug_frame   0x00000c90       0xb0 C:\Users\Oliver\Documents\MCUXpressoIDE_10.2.0_759\workspace\lpc_chip_11u6x\Debug\liblpc_chip_11u6x.a(syscon_11u6x.o)
 .debug_frame   0x00000d40       0xe4 C:\Users\Oliver\Documents\MCUXpressoIDE_10.2.0_759\workspace\lpc_chip_11u6x\Debug\liblpc_chip_11u6x.a(sysinit_11u6x.o)
 .debug_frame   0x00000e24      0x350 C:\Users\Oliver\Documents\MCUXpressoIDE_10.2.0_759\workspace\lpc_chip_11u6x\Debug\liblpc_chip_11u6x.a(uart_0_11u6x.o)
