Archive member included because of file (symbol)

C:\Users\Oliver\LPCworkspace\lpc_board_nxp_lpcxpresso_1549\Debug\liblpc_board_nxp_lpcxpresso_1549.a(board.o)
                              ./example/src/box_messages.o (Board_LED_Toggle)
C:\Users\Oliver\LPCworkspace\lpc_board_nxp_lpcxpresso_1549\Debug\liblpc_board_nxp_lpcxpresso_1549.a(board_sysinit.o)
                              ./example/src/sysinit.o (Board_SystemInit)
C:\Users\Oliver\LPCworkspace\lpc_chip_15xx\Debug\liblpc_chip_15xx.a(chip_15xx.o)
                              ./example/src/hid_main.o (Chip_USB_Init)
C:\Users\Oliver\LPCworkspace\lpc_chip_15xx\Debug\liblpc_chip_15xx.a(clock_15xx.o)
                              ./example/src/spi.o (Chip_Clock_EnablePeriphClock)
C:\Users\Oliver\LPCworkspace\lpc_chip_15xx\Debug\liblpc_chip_15xx.a(gpio_15xx.o)
                              C:\Users\Oliver\LPCworkspace\lpc_board_nxp_lpcxpresso_1549\Debug\liblpc_board_nxp_lpcxpresso_1549.a(board.o) (Chip_GPIO_Init)
C:\Users\Oliver\LPCworkspace\lpc_chip_15xx\Debug\liblpc_chip_15xx.a(iocon_15xx.o)
                              C:\Users\Oliver\LPCworkspace\lpc_board_nxp_lpcxpresso_1549\Debug\liblpc_board_nxp_lpcxpresso_1549.a(board_sysinit.o) (Chip_IOCON_SetPinMuxing)
C:\Users\Oliver\LPCworkspace\lpc_chip_15xx\Debug\liblpc_chip_15xx.a(spi_15xx.o)
                              ./example/src/spi.o (Chip_SPI_SetConfig)
C:\Users\Oliver\LPCworkspace\lpc_chip_15xx\Debug\liblpc_chip_15xx.a(swm_15xx.o)
                              ./example/src/spi.o (Chip_SWM_MovablePinAssign)
C:\Users\Oliver\LPCworkspace\lpc_chip_15xx\Debug\liblpc_chip_15xx.a(sysctl_15xx.o)
                              C:\Users\Oliver\LPCworkspace\lpc_board_nxp_lpcxpresso_1549\Debug\liblpc_board_nxp_lpcxpresso_1549.a(board_sysinit.o) (Chip_SYSCTL_AssertPeriphReset)
C:\Users\Oliver\LPCworkspace\lpc_chip_15xx\Debug\liblpc_chip_15xx.a(sysinit_15xx.o)
                              C:\Users\Oliver\LPCworkspace\lpc_board_nxp_lpcxpresso_1549\Debug\liblpc_board_nxp_lpcxpresso_1549.a(board_sysinit.o) (Chip_SetupXtalClocking)
c:/nxp/lpcxpresso_7.7.2_379/lpcxpresso/tools/bin/../lib/gcc/arm-none-eabi/4.9.3/../../../../arm-none-eabi/lib/armv7-m\libcr_semihost.a(_cr__main.o)
                              ./example/src/cr_startup_lpc15xx.o (__main)
c:/nxp/lpcxpresso_7.7.2_379/lpcxpresso/tools/bin/../lib/gcc/arm-none-eabi/4.9.3/../../../../arm-none-eabi/lib/armv7-m\libcr_c.a(memset.o)
                              ./example/src/hid_generic.o (memset)
c:/nxp/lpcxpresso_7.7.2_379/lpcxpresso/tools/bin/../lib/gcc/arm-none-eabi/4.9.3/../../../../arm-none-eabi/lib/armv7-m\libcr_c.a(fpprintf.o)
                              ./example/src/box_messages.o (sprintf)
c:/nxp/lpcxpresso_7.7.2_379/lpcxpresso/tools/bin/../lib/gcc/arm-none-eabi/4.9.3/../../../../arm-none-eabi/lib/armv7-m\libcr_c.a(initio.o)
                              c:/nxp/lpcxpresso_7.7.2_379/lpcxpresso/tools/bin/../lib/gcc/arm-none-eabi/4.9.3/../../../../arm-none-eabi/lib/armv7-m\libcr_semihost.a(_cr__main.o) (_initio)
c:/nxp/lpcxpresso_7.7.2_379/lpcxpresso/tools/bin/../lib/gcc/arm-none-eabi/4.9.3/../../../../arm-none-eabi/lib/armv7-m\libcr_c.a(printf.o)
                              c:/nxp/lpcxpresso_7.7.2_379/lpcxpresso/tools/bin/../lib/gcc/arm-none-eabi/4.9.3/../../../../arm-none-eabi/lib/armv7-m\libcr_c.a(fpprintf.o) (__vfprintf)
c:/nxp/lpcxpresso_7.7.2_379/lpcxpresso/tools/bin/../lib/gcc/arm-none-eabi/4.9.3/../../../../arm-none-eabi/lib/armv7-m\libcr_c.a(scanf.o)
                              ./example/src/box_messages.o (sscanf)
c:/nxp/lpcxpresso_7.7.2_379/lpcxpresso/tools/bin/../lib/gcc/arm-none-eabi/4.9.3/../../../../arm-none-eabi/lib/armv7-m\libcr_c.a(setvbuf.o)
                              c:/nxp/lpcxpresso_7.7.2_379/lpcxpresso/tools/bin/../lib/gcc/arm-none-eabi/4.9.3/../../../../arm-none-eabi/lib/armv7-m\libcr_c.a(initio.o) (setvbuf)
c:/nxp/lpcxpresso_7.7.2_379/lpcxpresso/tools/bin/../lib/gcc/arm-none-eabi/4.9.3/../../../../arm-none-eabi/lib/armv7-m\libcr_c.a(stdio.o)
                              c:/nxp/lpcxpresso_7.7.2_379/lpcxpresso/tools/bin/../lib/gcc/arm-none-eabi/4.9.3/../../../../arm-none-eabi/lib/armv7-m\libcr_c.a(fpprintf.o) (__Ciob)
c:/nxp/lpcxpresso_7.7.2_379/lpcxpresso/tools/bin/../lib/gcc/arm-none-eabi/4.9.3/../../../../arm-none-eabi/lib/armv7-m\libcr_c.a(strlen.o)
                              c:/nxp/lpcxpresso_7.7.2_379/lpcxpresso/tools/bin/../lib/gcc/arm-none-eabi/4.9.3/../../../../arm-none-eabi/lib/armv7-m\libcr_c.a(printf.o) (strlen)
c:/nxp/lpcxpresso_7.7.2_379/lpcxpresso/tools/bin/../lib/gcc/arm-none-eabi/4.9.3/../../../../arm-none-eabi/lib/armv7-m\libcr_c.a(strncmp.o)
                              ./example/src/gps.o (strncmp)
c:/nxp/lpcxpresso_7.7.2_379/lpcxpresso/tools/bin/../lib/gcc/arm-none-eabi/4.9.3/../../../../arm-none-eabi/lib/armv7-m\libcr_c.a(ungetc.o)
[...]
Memory Configuration

Name             Origin             Length             Attributes
MFlash256        0x00000000         0x00040000         xr
Ram0_16          0x02000000         0x00004000         xrw
Ram1_16          0x02004000         0x00004000         xrw
Ram2_4           0x02008000         0x00001000         xrw
*default*        0x00000000         0xffffffff

Linker script and memory map

LOAD ./example/src/ILI9340.o
LOAD ./example/src/ILI9340_font.o
LOAD ./example/src/box_messages.o
LOAD ./example/src/cr_startup_lpc15xx.o
LOAD ./example/src/display.o
LOAD ./example/src/gps.o
LOAD ./example/src/hid_desc.o
LOAD ./example/src/hid_generic.o
LOAD ./example/src/hid_main.o
LOAD ./example/src/spi.o
LOAD ./example/src/sysinit.o
LOAD ./example/src/waypoint.o
LOAD C:\Users\Oliver\LPCworkspace\lpc_board_nxp_lpcxpresso_1549\Debug\liblpc_board_nxp_lpcxpresso_1549.a
LOAD C:\Users\Oliver\LPCworkspace\lpc_chip_15xx\Debug\liblpc_chip_15xx.a
START GROUP
LOAD c:/nxp/lpcxpresso_7.7.2_379/lpcxpresso/tools/bin/../lib/gcc/arm-none-eabi/4.9.3/../../../../arm-none-eabi/lib/armv7-m\libcr_semihost.a
LOAD c:/nxp/lpcxpresso_7.7.2_379/lpcxpresso/tools/bin/../lib/gcc/arm-none-eabi/4.9.3/../../../../arm-none-eabi/lib/armv7-m\libcr_c.a
LOAD c:/nxp/lpcxpresso_7.7.2_379/lpcxpresso/tools/bin/../lib/gcc/arm-none-eabi/4.9.3/armv7-m\libcr_eabihelpers.a
END GROUP
                0x00040000                __top_MFlash256 = 0x40000
                0x02004000                __top_Ram0_16 = 0x2004000
                0x02008000                __top_Ram1_16 = 0x2008000
                0x02009000                __top_Ram2_4 = 0x2009000

.text           0x00000000     0x5938
 FILL mask 0xff
                0x00000000                __vectors_start__ = ABSOLUTE (.)
 *(.isr_vector)
 .isr_vector    0x00000000       0xfc ./example/src/cr_startup_lpc15xx.o
                0x00000000                g_pfnVectors
                0x000000fc                . = ALIGN (0x4)
                0x000000fc                __section_table_start = .
                0x000000fc                __data_section_table = .
                0x000000fc        0x4 LONG 0x5938 LOADADDR (.data)
                0x00000100        0x4 LONG 0x2000000 ADDR (.data)
                0x00000104        0x4 LONG 0x3c SIZEOF (.data)
                0x00000108        0x4 LONG 0x5938 LOADADDR (.data_RAM2)
                0x0000010c        0x4 LONG 0x2004000 ADDR (.data_RAM2)
                0x00000110        0x4 LONG 0x0 SIZEOF (.data_RAM2)
                0x00000114        0x4 LONG 0x5938 LOADADDR (.data_RAM3)
                0x00000118        0x4 LONG 0x2008000 ADDR (.data_RAM3)
                0x0000011c        0x4 LONG 0x0 SIZEOF (.data_RAM3)
                0x00000120                __data_section_table_end = .
                0x00000120                __bss_section_table = .
                0x00000120        0x4 LONG 0x2000040 ADDR (.bss)
                0x00000124        0x4 LONG 0xb98 SIZEOF (.bss)
                0x00000128        0x4 LONG 0x2004000 ADDR (.bss_RAM2)
                0x0000012c        0x4 LONG 0x0 SIZEOF (.bss_RAM2)
                0x00000130        0x4 LONG 0x2008000 ADDR (.bss_RAM3)
                0x00000134        0x4 LONG 0x0 SIZEOF (.bss_RAM3)
                0x00000138                __bss_section_table_end = .
                0x00000138                __section_table_end = .
 *(.after_vectors*)
 .after_vectors
                0x00000138      0x144 ./example/src/cr_startup_lpc15xx.o
                0x00000138                data_init
                0x0000017c                bss_init
                0x000001b4                ResetISR
                0x0000022c                NMI_Handler
                0x00000234                HardFault_Handler
                0x0000023c                MemManage_Handler
                0x00000244                BusFault_Handler
                0x0000024c                UsageFault_Handler
                0x00000254                SVC_Handler
                0x0000025c                DebugMon_Handler
                0x00000264                PendSV_Handler
                0x00000274                UART1_IRQHandler
                0x00000274                RTC_WAKE_IRQHandler
                0x00000274                UART0_IRQHandler
                0x00000274                ADC0_OVR_IRQHandler
                0x00000274                ADC1_THCMP_IRQHandler
                0x00000274                SPI1_IRQHandler
                0x00000274                PIN_INT6_IRQHandler
                0x00000274                IntDefaultHandler
                0x00000274                PIN_INT4_IRQHandler
                0x00000274                CAN_IRQHandler
                0x00000274                RTC_ALARM_IRQHandler
                0x00000274                MRT_IRQHandler
                0x00000274                ADC1_OVR_IRQHandler
                0x00000274                I2C0_IRQHandler
                0x00000274                RIT_IRQHandler
                0x00000274                UART2_IRQHandler
                0x00000274                PIN_INT5_IRQHandler
                0x00000274                SCT1_IRQHandler
                0x00000274                PIN_INT2_IRQHandler
                0x00000274                USB_FIQHandler
                0x00000274                SCT3_IRQHandler
                0x00000274                PIN_INT7_IRQHandler
                0x00000274                PIN_INT1_IRQHandler
                0x00000274                BOD_IRQHandler
                0x00000274                ADC0B_IRQHandler
                0x00000274                ACMP0_IRQHandler
                0x00000274                ADC1B_IRQHandler
                0x00000274                WDT_IRQHandler
                0x00000274                SCT2_IRQHandler
                0x00000274                PIN_INT0_IRQHandler
                0x00000274                QEI_IRQHandler
                0x00000274                ACMP3_IRQHandler
                0x00000274                GINT0_IRQHandler
                0x00000274                DAC_IRQHandler
                0x00000274                SPI0_IRQHandler
                0x00000274                EEPROM_IRQHandler
                0x00000274                ACMP2_IRQHandler
                0x00000274                USBWakeup_IRQHandler
                0x00000274                ADC1A_IRQHandler
                0x00000274                DMA_IRQHandler
                0x00000274                PIN_INT3_IRQHandler
                0x00000274                ACMP1_IRQHandler
                0x00000274                SCT0_IRQHandler
                0x00000274                ADC0A_IRQHandler
                0x00000274                FMC_IRQHandler
                0x00000274                GINT1_IRQHandler
                0x00000274                ADC0_THCMP_IRQHandler
 *(.text*)
 .text.Chip_GPIO_SetPinState
                0x0000027c       0x38 ./example/src/ILI9340.o
 .text.LCD_SetSpi
                0x000002b4       0x1c ./example/src/ILI9340.o
                0x000002b4                LCD_SetSpi
 .text.CS_Low   0x000002d0       0x14 ./example/src/ILI9340.o
                0x000002d0                CS_Low
 .text.CS_High  0x000002e4       0x14 ./example/src/ILI9340.o
                0x000002e4                CS_High
 .text.DC_Low   0x000002f8       0x14 ./example/src/ILI9340.o
                0x000002f8                DC_Low
 .text.DC_High  0x0000030c       0x14 ./example/src/ILI9340.o
                0x0000030c                DC_High
 .text.LCD_WriteCommand
                0x00000320       0x34 ./example/src/ILI9340.o
                0x00000320                LCD_WriteCommand
 .text.LCD_WriteData
                0x00000354       0x34 ./example/src/ILI9340.o
                0x00000354                LCD_WriteData
 .text.LCD_WriteDataBytes
                0x00000388       0x6c ./example/src/ILI9340.o
                0x00000388                LCD_WriteDataBytes
 .text.LCD_Initialize
                0x000003f4      0x20c ./example/src/ILI9340.o
                0x000003f4                LCD_Initialize
 .text.LCD_Rotate
                0x00000600       0x9c ./example/src/ILI9340.o
                0x00000600                LCD_Rotate
 .text.LCD_SetAddressWindow
                0x0000069c       0x60 ./example/src/ILI9340.o
                0x0000069c                LCD_SetAddressWindow
 .text.LCD_FillRect
                0x000006fc       0xb0 ./example/src/ILI9340.o
                0x000006fc                LCD_FillRect
 .text.LCD_FillScreen
                0x000007ac       0x30 ./example/src/ILI9340.o
                0x000007ac                LCD_FillScreen
 .text.Handle_USB_Message
                0x000007dc      0x210 ./example/src/box_messages.o
                0x000007dc                Handle_USB_Message
 .text.Handle_Box_Command
                0x000009ec      0x104 ./example/src/box_messages.o
                0x000009ec                Handle_Box_Command
 .text.Decode_Waypoint_Message
                0x00000af0       0x70 ./example/src/box_messages.o
                0x00000af0                Decode_Waypoint_Message
 .text.Form_Waypoint_Message
                0x00000b60       0x74 ./example/src/box_messages.o
                0x00000b60                Form_Waypoint_Message
 *fill*         0x00000bd4        0x4 
 .text.Form_BoxInfo_Message
                0x00000bd8       0x90 ./example/src/box_messages.o
                0x00000bd8                Form_BoxInfo_Message
 .text.Decode_WaypointClue_Message
                0x00000c68       0x6c ./example/src/box_messages.o
                0x00000c68                Decode_WaypointClue_Message
 .text.Form_WaypointClue_Message
                0x00000cd4       0xac ./example/src/box_messages.o
                0x00000cd4                Form_WaypointClue_Message
 .text.HID_GetReport
                0x00000d80       0x50 ./example/src/hid_generic.o
 .text.HID_SetReport
                0x00000dd0       0x54 ./example/src/hid_generic.o
 .text.HID_Ep_Hdlr
                0x00000e24       0x7c ./example/src/hid_generic.o
 .text.usb_hid_init
                0x00000ea0       0xc8 ./example/src/hid_generic.o
                0x00000ea0                usb_hid_init
 .text.NVIC_EnableIRQ
                0x00000f68       0x30 ./example/src/hid_main.o
 .text.NVIC_SetPriority
                0x00000f98       0x54 ./example/src/hid_main.o
 .text.SysTick_Config
                0x00000fec       0x44 ./example/src/hid_main.o
 .text.Chip_Clock_SetSysTickClockDiv
                0x00001030       0x20 ./example/src/hid_main.o
 .text.Chip_GPIO_SetPinState
                0x00001050       0x38 ./example/src/hid_main.o
 .text.Chip_GPIO_SetPinDIROutput
                0x00001088       0x3c ./example/src/hid_main.o
 .text.USB_IRQHandler
                0x000010c4       0x20 ./example/src/hid_main.o
                0x000010c4                USB_IRQHandler
 .text.main     0x000010e4      0x148 ./example/src/hid_main.o
                0x000010e4                main
 .text.PauseMs  0x0000122c       0x28 ./example/src/hid_main.o
                0x0000122c                PauseMs
 .text.Reset_High
                0x00001254       0x14 ./example/src/hid_main.o
                0x00001254                Reset_High
 .text.Reset_Low
                0x00001268       0x14 ./example/src/hid_main.o
                0x00001268                Reset_Low
 .text.Init_Systick
                0x0000127c       0x28 ./example/src/hid_main.o
                0x0000127c                Init_Systick
 .text.SysTick_Handler
                0x000012a4       0x48 ./example/src/hid_main.o
                0x000012a4                SysTick_Handler
 .text.Chip_IOCON_PinMuxSet
                0x000012ec       0x2c ./example/src/spi.o
 .text.Chip_SPI_Enable
                0x00001318       0x20 ./example/src/spi.o
 .text.SPI_Initialize
                0x00001338       0xa0 ./example/src/spi.o
                0x00001338                SPI_Initialize
 .text.SPI_Transfer_8Bit
                0x000013d8       0x68 ./example/src/spi.o
                0x000013d8                SPI_Transfer_8Bit
 .text.SPI_Transfer_16Bit
                0x00001440       0x68 ./example/src/spi.o
                0x00001440                SPI_Transfer_16Bit
 .text.SPI_WaitForTxComplete
                0x000014a8       0x20 ./example/src/spi.o
                0x000014a8                SPI_WaitForTxComplete
 .text.SystemInit
                0x000014c8        0xc ./example/src/sysinit.o
                0x000014c8                SystemInit
 .text.Chip_GPIO_SetPinState
                0x000014d4       0x38 C:\Users\Oliver\LPCworkspace\lpc_board_nxp_lpcxpresso_1549\Debug\liblpc_board_nxp_lpcxpresso_1549.a(board.o)
 .text.Chip_GPIO_SetPinDIROutput
                0x0000150c       0x3c C:\Users\Oliver\LPCworkspace\lpc_board_nxp_lpcxpresso_1549\Debug\liblpc_board_nxp_lpcxpresso_1549.a(board.o)
 .text.Chip_GPIO_SetPinToggle
                0x00001548       0x30 C:\Users\Oliver\LPCworkspace\lpc_board_nxp_lpcxpresso_1549\Debug\liblpc_board_nxp_lpcxpresso_1549.a(board.o)
 .text.Board_LED_Init
                0x00001578       0x5c C:\Users\Oliver\LPCworkspace\lpc_board_nxp_lpcxpresso_1549\Debug\liblpc_board_nxp_lpcxpresso_1549.a(board.o)
 .text.Board_LED_Toggle
                0x000015d4       0x30 C:\Users\Oliver\LPCworkspace\lpc_board_nxp_lpcxpresso_1549\Debug\liblpc_board_nxp_lpcxpresso_1549.a(board.o)
                0x000015d4                Board_LED_Toggle
 .text.Board_Init
                0x00001604       0x14 C:\Users\Oliver\LPCworkspace\lpc_board_nxp_lpcxpresso_1549\Debug\liblpc_board_nxp_lpcxpresso_1549.a(board.o)
                0x00001604                Board_Init
 .text.Chip_SYSCTL_PeriphReset
                0x00001618       0x20 C:\Users\Oliver\LPCworkspace\lpc_board_nxp_lpcxpresso_1549\Debug\liblpc_board_nxp_lpcxpresso_1549.a(board_sysinit.o)
 .text.Chip_Clock_SetUSBPLLSource
                0x00001638       0x20 C:\Users\Oliver\LPCworkspace\lpc_board_nxp_lpcxpresso_1549\Debug\liblpc_board_nxp_lpcxpresso_1549.a(board_sysinit.o)
 .text.Chip_Clock_SetupUSBPLL
                0x00001658       0x34 C:\Users\Oliver\LPCworkspace\lpc_board_nxp_lpcxpresso_1549\Debug\liblpc_board_nxp_lpcxpresso_1549.a(board_sysinit.o)
 .text.Chip_Clock_IsUSBPLLLocked
                0x0000168c       0x28 C:\Users\Oliver\LPCworkspace\lpc_board_nxp_lpcxpresso_1549\Debug\liblpc_board_nxp_lpcxpresso_1549.a(board_sysinit.o)
 .text.Chip_Clock_SetSysTickClockDiv
                0x000016b4       0x20 C:\Users\Oliver\LPCworkspace\lpc_board_nxp_lpcxpresso_1549\Debug\liblpc_board_nxp_lpcxpresso_1549.a(board_sysinit.o)
 .text.Chip_SWM_MovablePortPinAssign
                0x000016d4       0x30 C:\Users\Oliver\LPCworkspace\lpc_board_nxp_lpcxpresso_1549\Debug\liblpc_board_nxp_lpcxpresso_1549.a(board_sysinit.o)
 .text.Board_SetupMuxing
                0x00001704       0x84 C:\Users\Oliver\LPCworkspace\lpc_board_nxp_lpcxpresso_1549\Debug\liblpc_board_nxp_lpcxpresso_1549.a(board_sysinit.o)
                0x00001704                Board_SetupMuxing
 .text.Board_SetupClocking
                0x00001788       0x38 C:\Users\Oliver\LPCworkspace\lpc_board_nxp_lpcxpresso_1549\Debug\liblpc_board_nxp_lpcxpresso_1549.a(board_sysinit.o)
                0x00001788                Board_SetupClocking
 .text.Board_SystemInit
                0x000017c0       0x1c C:\Users\Oliver\LPCworkspace\lpc_board_nxp_lpcxpresso_1549\Debug\liblpc_board_nxp_lpcxpresso_1549.a(board_sysinit.o)
                0x000017c0                Board_SystemInit
 .text.Chip_SYSCTL_PeriphReset
                0x000017dc       0x20 C:\Users\Oliver\LPCworkspace\lpc_chip_15xx\Debug\liblpc_chip_15xx.a(chip_15xx.o)
 .text.Chip_Clock_SetUSBClockSource
                0x000017fc       0x2c C:\Users\Oliver\LPCworkspace\lpc_chip_15xx\Debug\liblpc_chip_15xx.a(chip_15xx.o)
 .text.Chip_Clock_SetUSBPLLSource
                0x00001828       0x20 C:\Users\Oliver\LPCworkspace\lpc_chip_15xx\Debug\liblpc_chip_15xx.a(chip_15xx.o)
 .text.Chip_Clock_SetupUSBPLL
                0x00001848       0x34 C:\Users\Oliver\LPCworkspace\lpc_chip_15xx\Debug\liblpc_chip_15xx.a(chip_15xx.o)
 .text.Chip_Clock_IsUSBPLLLocked
                0x0000187c       0x28 C:\Users\Oliver\LPCworkspace\lpc_chip_15xx\Debug\liblpc_chip_15xx.a(chip_15xx.o)
 .text.Chip_USB_Init
                0x000018a4       0x4c C:\Users\Oliver\LPCworkspace\lpc_chip_15xx\Debug\liblpc_chip_15xx.a(chip_15xx.o)
                0x000018a4                Chip_USB_Init
 .text.Chip_Clock_SetMain_A_ClockSource
                0x000018f0       0x20 C:\Users\Oliver\LPCworkspace\lpc_chip_15xx\Debug\liblpc_chip_15xx.a(clock_15xx.o)
 .text.Chip_Clock_GetMain_A_ClockSource
                0x00001910       0x1c C:\Users\Oliver\LPCworkspace\lpc_chip_15xx\Debug\liblpc_chip_15xx.a(clock_15xx.o)
 .text.Chip_Clock_SetMain_B_ClockSource
                0x0000192c       0x20 C:\Users\Oliver\LPCworkspace\lpc_chip_15xx\Debug\liblpc_chip_15xx.a(clock_15xx.o)
 .text.Chip_Clock_GetMain_B_ClockSource
                0x0000194c       0x1c C:\Users\Oliver\LPCworkspace\lpc_chip_15xx\Debug\liblpc_chip_15xx.a(clock_15xx.o)
 .text.Chip_Clock_GetSysTickClockDiv
                0x00001968       0x18 C:\Users\Oliver\LPCworkspace\lpc_chip_15xx\Debug\liblpc_chip_15xx.a(clock_15xx.o)
 .text.Chip_Clock_GetMainOscRate
                0x00001980       0x18 C:\Users\Oliver\LPCworkspace\lpc_chip_15xx\Debug\liblpc_chip_15xx.a(clock_15xx.o)
 .text.Chip_Clock_GetIntOscRate
                0x00001998       0x14 C:\Users\Oliver\LPCworkspace\lpc_chip_15xx\Debug\liblpc_chip_15xx.a(clock_15xx.o)
 .text.Chip_Clock_GetRTCOscRate
                0x000019ac       0x18 C:\Users\Oliver\LPCworkspace\lpc_chip_15xx\Debug\liblpc_chip_15xx.a(clock_15xx.o)
 .text.Chip_Clock_GetWDTOSCRate
                0x000019c4       0x14 C:\Users\Oliver\LPCworkspace\lpc_chip_15xx\Debug\liblpc_chip_15xx.a(clock_15xx.o)
 .text.Chip_Clock_GetPLLFreq
                0x000019d8       0x28 C:\Users\Oliver\LPCworkspace\lpc_chip_15xx\Debug\liblpc_chip_15xx.a(clock_15xx.o)
 .text.Chip_Clock_GetPLLInClockRate
                0x00001a00       0x38 C:\Users\Oliver\LPCworkspace\lpc_chip_15xx\Debug\liblpc_chip_15xx.a(clock_15xx.o)
 .text.Chip_Clock_GetSystemPLLInClockRate
                0x00001a38       0x1c C:\Users\Oliver\LPCworkspace\lpc_chip_15xx\Debug\liblpc_chip_15xx.a(clock_15xx.o)
                0x00001a38                Chip_Clock_GetSystemPLLInClockRate
 .text.Chip_Clock_GetSystemPLLOutClockRate
                0x00001a54       0x24 C:\Users\Oliver\LPCworkspace\lpc_chip_15xx\Debug\liblpc_chip_15xx.a(clock_15xx.o)
                0x00001a54                Chip_Clock_GetSystemPLLOutClockRate
 .text.Chip_Clock_GetMain_A_ClockRate
                0x00001a78       0x44 C:\Users\Oliver\LPCworkspace\lpc_chip_15xx\Debug\liblpc_chip_15xx.a(clock_15xx.o)
                0x00001a78                Chip_Clock_GetMain_A_ClockRate
 .text.Chip_Clock_GetMain_B_ClockRate
                0x00001abc       0x58 C:\Users\Oliver\LPCworkspace\lpc_chip_15xx\Debug\liblpc_chip_15xx.a(clock_15xx.o)
                0x00001abc                Chip_Clock_GetMain_B_ClockRate
 .text.Chip_Clock_SetMainClockSource
                0x00001b14       0x3c C:\Users\Oliver\LPCworkspace\lpc_chip_15xx\Debug\liblpc_chip_15xx.a(clock_15xx.o)
                0x00001b14                Chip_Clock_SetMainClockSource
 .text.Chip_Clock_GetMainClockRate
                0x00001b50       0x28 C:\Users\Oliver\LPCworkspace\lpc_chip_15xx\Debug\liblpc_chip_15xx.a(clock_15xx.o)
                0x00001b50                Chip_Clock_GetMainClockRate
 .text.Chip_Clock_EnablePeriphClock
                0x00001b78       0x54 C:\Users\Oliver\LPCworkspace\lpc_chip_15xx\Debug\liblpc_chip_15xx.a(clock_15xx.o)
                0x00001b78                Chip_Clock_EnablePeriphClock
 .text.Chip_Clock_DisablePeriphClock
                0x00001bcc       0x58 C:\Users\Oliver\LPCworkspace\lpc_chip_15xx\Debug\liblpc_chip_15xx.a(clock_15xx.o)
                0x00001bcc                Chip_Clock_DisablePeriphClock
 .text.Chip_Clock_GetSysTickClockRate
                0x00001c24       0x30 C:\Users\Oliver\LPCworkspace\lpc_chip_15xx\Debug\liblpc_chip_15xx.a(clock_15xx.o)
                0x00001c24                Chip_Clock_GetSysTickClockRate
 .text.Chip_SYSCTL_PeriphReset
                0x00001c54       0x20 C:\Users\Oliver\LPCworkspace\lpc_chip_15xx\Debug\liblpc_chip_15xx.a(gpio_15xx.o)
 .text.Chip_GPIO_Init
                0x00001c74       0x2c C:\Users\Oliver\LPCworkspace\lpc_chip_15xx\Debug\liblpc_chip_15xx.a(gpio_15xx.o)
                0x00001c74                Chip_GPIO_Init
 .text.Chip_IOCON_PinMuxSet
                0x00001ca0       0x2c C:\Users\Oliver\LPCworkspace\lpc_chip_15xx\Debug\liblpc_chip_15xx.a(iocon_15xx.o)
 .text.Chip_IOCON_SetPinMuxing
                0x00001ccc       0x4c C:\Users\Oliver\LPCworkspace\lpc_chip_15xx\Debug\liblpc_chip_15xx.a(iocon_15xx.o)
                0x00001ccc                Chip_IOCON_SetPinMuxing
 .text.Chip_SYSCTL_PeriphReset
                0x00001d18       0x20 C:\Users\Oliver\LPCworkspace\lpc_chip_15xx\Debug\liblpc_chip_15xx.a(spi_15xx.o)
 .text.Chip_SPI_Enable
                0x00001d38       0x20 C:\Users\Oliver\LPCworkspace\lpc_chip_15xx\Debug\liblpc_chip_15xx.a(spi_15xx.o)
 .text.Chip_SPI_Disable
                0x00001d58       0x20 C:\Users\Oliver\LPCworkspace\lpc_chip_15xx\Debug\liblpc_chip_15xx.a(spi_15xx.o)
 .text.Chip_SPI_ClearStatus
                0x00001d78       0x20 C:\Users\Oliver\LPCworkspace\lpc_chip_15xx\Debug\liblpc_chip_15xx.a(spi_15xx.o)
 .text.Chip_SPI_SetConfig
                0x00001d98       0x64 C:\Users\Oliver\LPCworkspace\lpc_chip_15xx\Debug\liblpc_chip_15xx.a(spi_15xx.o)
                0x00001d98                Chip_SPI_SetConfig
 .text.Chip_SPI_Init
                0x00001dfc       0x34 C:\Users\Oliver\LPCworkspace\lpc_chip_15xx\Debug\liblpc_chip_15xx.a(spi_15xx.o)
                0x00001dfc                Chip_SPI_Init
 .text.Chip_SPI_DelayConfig
                0x00001e30       0x64 C:\Users\Oliver\LPCworkspace\lpc_chip_15xx\Debug\liblpc_chip_15xx.a(spi_15xx.o)
                0x00001e30                Chip_SPI_DelayConfig
 .text.Chip_SWM_MovablePinAssign
                0x00001e94       0x5c C:\Users\Oliver\LPCworkspace\lpc_chip_15xx\Debug\liblpc_chip_15xx.a(swm_15xx.o)
                0x00001e94                Chip_SWM_MovablePinAssign
 .text.Chip_SYSCTL_AssertPeriphReset
                0x00001ef0       0x48 C:\Users\Oliver\LPCworkspace\lpc_chip_15xx\Debug\liblpc_chip_15xx.a(sysctl_15xx.o)
                0x00001ef0                Chip_SYSCTL_AssertPeriphReset
 .text.Chip_SYSCTL_DeassertPeriphReset
                0x00001f38       0x4c C:\Users\Oliver\LPCworkspace\lpc_chip_15xx\Debug\liblpc_chip_15xx.a(sysctl_15xx.o)
                0x00001f38                Chip_SYSCTL_DeassertPeriphReset
 .text.Chip_SYSCTL_PowerDown
                0x00001f84       0x40 C:\Users\Oliver\LPCworkspace\lpc_chip_15xx\Debug\liblpc_chip_15xx.a(sysctl_15xx.o)
                0x00001f84                Chip_SYSCTL_PowerDown
 .text.Chip_SYSCTL_PowerUp
                0x00001fc4       0x40 C:\Users\Oliver\LPCworkspace\lpc_chip_15xx\Debug\liblpc_chip_15xx.a(sysctl_15xx.o)
                0x00001fc4                Chip_SYSCTL_PowerUp
 .text.Chip_FMC_SetFLASHAccess
                0x00002004       0x38 C:\Users\Oliver\LPCworkspace\lpc_chip_15xx\Debug\liblpc_chip_15xx.a(sysinit_15xx.o)
 .text.Chip_Clock_SetSystemPLLSource
                0x0000203c       0x20 C:\Users\Oliver\LPCworkspace\lpc_chip_15xx\Debug\liblpc_chip_15xx.a(sysinit_15xx.o)
 .text.Chip_Clock_SetupSystemPLL
                0x0000205c       0x34 C:\Users\Oliver\LPCworkspace\lpc_chip_15xx\Debug\liblpc_chip_15xx.a(sysinit_15xx.o)
 .text.Chip_Clock_IsSystemPLLLocked
                0x00002090       0x28 C:\Users\Oliver\LPCworkspace\lpc_chip_15xx\Debug\liblpc_chip_15xx.a(sysinit_15xx.o)
 .text.Chip_Clock_SetSysClockDiv
                0x000020b8       0x20 C:\Users\Oliver\LPCworkspace\lpc_chip_15xx\Debug\liblpc_chip_15xx.a(sysinit_15xx.o)
 .text.Chip_SetupXtalClocking
                0x000020d8       0x6c C:\Users\Oliver\LPCworkspace\lpc_chip_15xx\Debug\liblpc_chip_15xx.a(sysinit_15xx.o)
                0x000020d8                Chip_SetupXtalClocking
 .text.__main   0x00002144       0x14 c:/nxp/lpcxpresso_7.7.2_379/lpcxpresso/tools/bin/../lib/gcc/arm-none-eabi/4.9.3/../../../../arm-none-eabi/lib/armv7-m\libcr_semihost.a(_cr__main.o)
                0x00002144                __CR_SEMIHOST
                0x00002144                __main
 .text.memset   0x00002158        0x4 c:/nxp/lpcxpresso_7.7.2_379/lpcxpresso/tools/bin/../lib/gcc/arm-none-eabi/4.9.3/../../../../arm-none-eabi/lib/armv7-m\libcr_c.a(memset.o)
                0x00002158                memset
 .text.fp_round
                0x0000215c       0x4a c:/nxp/lpcxpresso_7.7.2_379/lpcxpresso/tools/bin/../lib/gcc/arm-none-eabi/4.9.3/../../../../arm-none-eabi/lib/armv7-m\libcr_c.a(fpprintf.o)
 .text.pr_dec.constprop.1
                0x000021a6       0x26 c:/nxp/lpcxpresso_7.7.2_379/lpcxpresso/tools/bin/../lib/gcc/arm-none-eabi/4.9.3/../../../../arm-none-eabi/lib/armv7-m\libcr_c.a(fpprintf.o)
 .text.sprintf  0x000021cc       0x6c c:/nxp/lpcxpresso_7.7.2_379/lpcxpresso/tools/bin/../lib/gcc/arm-none-eabi/4.9.3/../../../../arm-none-eabi/lib/armv7-m\libcr_c.a(fpprintf.o)
                0x000021cc                sprintf
 .text.fp_display
                0x00002238      0x900 c:/nxp/lpcxpresso_7.7.2_379/lpcxpresso/tools/bin/../lib/gcc/arm-none-eabi/4.9.3/../../../../arm-none-eabi/lib/armv7-m\libcr_c.a(fpprintf.o)
 .text._initio  0x00002b38       0xa4 c:/nxp/lpcxpresso_7.7.2_379/lpcxpresso/tools/bin/../lib/gcc/arm-none-eabi/4.9.3/../../../../arm-none-eabi/lib/armv7-m\libcr_c.a(initio.o)
                0x00002b38                _initio
 .text.__vfprintf
                0x00002bdc      0xca4 c:/nxp/lpcxpresso_7.7.2_379/lpcxpresso/tools/bin/../lib/gcc/arm-none-eabi/4.9.3/../../../../arm-none-eabi/lib/armv7-m\libcr_c.a(printf.o)
                0x00002bdc                __vfprintf
 .text.ch_val   0x00003880       0x30 c:/nxp/lpcxpresso_7.7.2_379/lpcxpresso/tools/bin/../lib/gcc/arm-none-eabi/4.9.3/../../../../arm-none-eabi/lib/armv7-m\libcr_c.a(scanf.o)
 .text.cr_rd_int
                0x000038b0      0x1c8 c:/nxp/lpcxpresso_7.7.2_379/lpcxpresso/tools/bin/../lib/gcc/arm-none-eabi/4.9.3/../../../../arm-none-eabi/lib/armv7-m\libcr_c.a(scanf.o)
 .text.vfscanf  0x00003a78      0x920 c:/nxp/lpcxpresso_7.7.2_379/lpcxpresso/tools/bin/../lib/gcc/arm-none-eabi/4.9.3/../../../../arm-none-eabi/lib/armv7-m\libcr_c.a(scanf.o)
                0x00003a78                vfscanf
 .text.sscanf   0x00004398       0x4c c:/nxp/lpcxpresso_7.7.2_379/lpcxpresso/tools/bin/../lib/gcc/arm-none-eabi/4.9.3/../../../../arm-none-eabi/lib/armv7-m\libcr_c.a(scanf.o)
                0x00004398                sscanf
 .text.setvbuf  0x000043e4       0x40 c:/nxp/lpcxpresso_7.7.2_379/lpcxpresso/tools/bin/../lib/gcc/arm-none-eabi/4.9.3/../../../../arm-none-eabi/lib/armv7-m\libcr_c.a(setvbuf.o)
                0x000043e4                setvbuf
 .text.strlen   0x00004424       0x4a c:/nxp/lpcxpresso_7.7.2_379/lpcxpresso/tools/bin/../lib/gcc/arm-none-eabi/4.9.3/../../../../arm-none-eabi/lib/armv7-m\libcr_c.a(strlen.o)
                0x00004424                strlen
 .text.ungetc   0x0000446e       0x38 c:/nxp/lpcxpresso_7.7.2_379/lpcxpresso/tools/bin/../lib/gcc/arm-none-eabi/4.9.3/../../../../arm-none-eabi/lib/armv7-m\libcr_c.a(ungetc.o)
                0x0000446e                ungetc
 .text._Csys_read_
                0x000044a6       0x22 c:/nxp/lpcxpresso_7.7.2_379/lpcxpresso/tools/bin/../lib/gcc/arm-none-eabi/4.9.3/../../../../arm-none-eabi/lib/armv7-m\libcr_c.a(__fillbuf.o)
                0x000044a6                _Csys_read_
 .text.__filbuf
                0x000044c8      0x178 c:/nxp/lpcxpresso_7.7.2_379/lpcxpresso/tools/bin/../lib/gcc/arm-none-eabi/4.9.3/../../../../arm-none-eabi/lib/armv7-m\libcr_c.a(__fillbuf.o)
                0x000044c8                __filbuf
 .text._deferredlazyseek
                0x00004640       0x44 c:/nxp/lpcxpresso_7.7.2_379/lpcxpresso/tools/bin/../lib/gcc/arm-none-eabi/4.9.3/../../../../arm-none-eabi/lib/armv7-m\libcr_c.a(_deferredlazyseek.o)
                0x00004640                _deferredlazyseek
 .text.__flsbuf
                0x00004684      0x142 c:/nxp/lpcxpresso_7.7.2_379/lpcxpresso/tools/bin/../lib/gcc/arm-none-eabi/4.9.3/../../../../arm-none-eabi/lib/armv7-m\libcr_c.a(_deferredlazyseek.o)
                0x00004684                __flsbuf
 .text._fdopen  0x000047c6       0x6a c:/nxp/lpcxpresso_7.7.2_379/lpcxpresso/tools/bin/../lib/gcc/arm-none-eabi/4.9.3/../../../../arm-none-eabi/lib/armv7-m\libcr_c.a(_fdopen.o)
                0x000047c6                _fdopen
 .text._fflush  0x00004830       0x58 c:/nxp/lpcxpresso_7.7.2_379/lpcxpresso/tools/bin/../lib/gcc/arm-none-eabi/4.9.3/../../../../arm-none-eabi/lib/armv7-m\libcr_c.a(_fflush.o)
                0x00004830                _fflush
 .text._frexpl  0x00004888       0x5a c:/nxp/lpcxpresso_7.7.2_379/lpcxpresso/tools/bin/../lib/gcc/arm-none-eabi/4.9.3/../../../../arm-none-eabi/lib/armv7-m\libcr_c.a(_frexpl.o)
                0x00004888                _frexpl
 *fill*         0x000048e2        0x2 
 .text._ldexpl  0x000048e4       0x4c c:/nxp/lpcxpresso_7.7.2_379/lpcxpresso/tools/bin/../lib/gcc/arm-none-eabi/4.9.3/../../../../arm-none-eabi/lib/armv7-m\libcr_c.a(_ldexpl.o)
                0x000048e4                _ldexpl
 .text._Cwritebuf
                0x00004930       0x70 c:/nxp/lpcxpresso_7.7.2_379/lpcxpresso/tools/bin/../lib/gcc/arm-none-eabi/4.9.3/../../../../arm-none-eabi/lib/armv7-m\libcr_c.a(_writebuf.o)
                0x00004930                _Cwritebuf
 .text.malloc   0x000049a0       0xcc c:/nxp/lpcxpresso_7.7.2_379/lpcxpresso/tools/bin/../lib/gcc/arm-none-eabi/4.9.3/../../../../arm-none-eabi/lib/armv7-m\libcr_c.a(alloc.o)
                0x000049a0                malloc
 .text.free     0x00004a6c       0x30 c:/nxp/lpcxpresso_7.7.2_379/lpcxpresso/tools/bin/../lib/gcc/arm-none-eabi/4.9.3/../../../../arm-none-eabi/lib/armv7-m\libcr_c.a(alloc.o)
                0x00004a6c                free
 .text._Csys_alloc
                0x00004a9c       0x20 c:/nxp/lpcxpresso_7.7.2_379/lpcxpresso/tools/bin/../lib/gcc/arm-none-eabi/4.9.3/../../../../arm-none-eabi/lib/armv7-m\libcr_c.a(alloc.o)
                0x00004a9c                _Csys_alloc
 .text.fclose   0x00004abc       0x6c c:/nxp/lpcxpresso_7.7.2_379/lpcxpresso/tools/bin/../lib/gcc/arm-none-eabi/4.9.3/../../../../arm-none-eabi/lib/armv7-m\libcr_c.a(fclose.o)
                0x00004abc                fclose
 .text.fflush   0x00004b28       0x30 c:/nxp/lpcxpresso_7.7.2_379/lpcxpresso/tools/bin/../lib/gcc/arm-none-eabi/4.9.3/../../../../arm-none-eabi/lib/armv7-m\libcr_c.a(fflush.o)
                0x00004b28                fflush
 .text.fseek    0x00004b58      0x110 c:/nxp/lpcxpresso_7.7.2_379/lpcxpresso/tools/bin/../lib/gcc/arm-none-eabi/4.9.3/../../../../arm-none-eabi/lib/armv7-m\libcr_c.a(fseek.o)
                0x00004b58                fseek
 .text.ftell    0x00004c68       0x4c c:/nxp/lpcxpresso_7.7.2_379/lpcxpresso/tools/bin/../lib/gcc/arm-none-eabi/4.9.3/../../../../arm-none-eabi/lib/armv7-m\libcr_c.a(ftell.o)
                0x00004c68                ftell
 .text.remove   0x00004cb4       0x14 c:/nxp/lpcxpresso_7.7.2_379/lpcxpresso/tools/bin/../lib/gcc/arm-none-eabi/4.9.3/../../../../arm-none-eabi/lib/armv7-m\libcr_c.a(remove.o)
                0x00004cb4                remove
 .text._sbrk    0x00004cc8       0x40 c:/nxp/lpcxpresso_7.7.2_379/lpcxpresso/tools/bin/../lib/gcc/arm-none-eabi/4.9.3/../../../../arm-none-eabi/lib/armv7-m\libcr_c.a(_cr_sbrk.o)
                0x00004cc8                _sbrk
 .text._do_fflush
                0x00004d08       0x44 c:/nxp/lpcxpresso_7.7.2_379/lpcxpresso/tools/bin/../lib/gcc/arm-none-eabi/4.9.3/../../../../arm-none-eabi/lib/armv7-m\libcr_c.a(_do_fflush.o)
                0x00004d08                _do_fflush
 .text.__check_heap_overflow
                0x00004d4c       0x18 c:/nxp/lpcxpresso_7.7.2_379/lpcxpresso/tools/bin/../lib/gcc/arm-none-eabi/4.9.3/../../../../arm-none-eabi/lib/armv7-m\libcr_c.a(_cr_check_heap.o)
                0x00004d4c                __check_heap_overflow
 .text.__aeabi_dmul
                0x00004d64      0x120 c:/nxp/lpcxpresso_7.7.2_379/lpcxpresso/tools/bin/../lib/gcc/arm-none-eabi/4.9.3/armv7-m\libcr_eabihelpers.a(double.o)
                0x00004d64                __aeabi_dmul
 .text.__aeabi_ddiv
                0x00004e84      0x150 c:/nxp/lpcxpresso_7.7.2_379/lpcxpresso/tools/bin/../lib/gcc/arm-none-eabi/4.9.3/armv7-m\libcr_eabihelpers.a(double.o)
                0x00004e84                __aeabi_ddiv
 .text.__aeabi_dsub
                0x00004fd4      0x1d8 c:/nxp/lpcxpresso_7.7.2_379/lpcxpresso/tools/bin/../lib/gcc/arm-none-eabi/4.9.3/armv7-m\libcr_eabihelpers.a(double.o)
                0x00004fd4                __aeabi_dsub
 .text.__aeabi_dadd
                0x000051ac      0x134 c:/nxp/lpcxpresso_7.7.2_379/lpcxpresso/tools/bin/../lib/gcc/arm-none-eabi/4.9.3/armv7-m\libcr_eabihelpers.a(double.o)
                0x000051ac                __aeabi_dadd
 .text.__aeabi_d2f
                0x000052e0       0x5c c:/nxp/lpcxpresso_7.7.2_379/lpcxpresso/tools/bin/../lib/gcc/arm-none-eabi/4.9.3/armv7-m\libcr_eabihelpers.a(double.o)
                0x000052e0                __aeabi_d2f
 .text.__aeabi_d2iz
                0x0000533c       0x40 c:/nxp/lpcxpresso_7.7.2_379/lpcxpresso/tools/bin/../lib/gcc/arm-none-eabi/4.9.3/armv7-m\libcr_eabihelpers.a(double.o)
                0x0000533c                __aeabi_d2iz
 .text.__bhs_ui2d
                0x0000537c       0x48 c:/nxp/lpcxpresso_7.7.2_379/lpcxpresso/tools/bin/../lib/gcc/arm-none-eabi/4.9.3/armv7-m\libcr_eabihelpers.a(double.o)
                0x0000537c                __bhs_ui2d
 .text.__aeabi_i2d
                0x000053c4       0x14 c:/nxp/lpcxpresso_7.7.2_379/lpcxpresso/tools/bin/../lib/gcc/arm-none-eabi/4.9.3/armv7-m\libcr_eabihelpers.a(double.o)
                0x000053c4                __aeabi_i2d
 .text.__aeabi_dcmpeq
                0x000053d8       0x2c c:/nxp/lpcxpresso_7.7.2_379/lpcxpresso/tools/bin/../lib/gcc/arm-none-eabi/4.9.3/armv7-m\libcr_eabihelpers.a(double.o)
                0x000053d8                __aeabi_dcmpeq
 .text.__aeabi_dcmplt
                0x00005404       0x5c c:/nxp/lpcxpresso_7.7.2_379/lpcxpresso/tools/bin/../lib/gcc/arm-none-eabi/4.9.3/armv7-m\libcr_eabihelpers.a(double.o)
                0x00005404                __aeabi_dcmplt
 .text.__aeabi_dcmple
                0x00005460       0x5c c:/nxp/lpcxpresso_7.7.2_379/lpcxpresso/tools/bin/../lib/gcc/arm-none-eabi/4.9.3/armv7-m\libcr_eabihelpers.a(double.o)
                0x00005460                __aeabi_dcmple
 .text.__aeabi_dcmpge
                0x000054bc       0x5c c:/nxp/lpcxpresso_7.7.2_379/lpcxpresso/tools/bin/../lib/gcc/arm-none-eabi/4.9.3/armv7-m\libcr_eabihelpers.a(double.o)
                0x000054bc                __aeabi_dcmpge
 .text.__aeabi_memset_lowlevel
                0x00005518       0x32 c:/nxp/lpcxpresso_7.7.2_379/lpcxpresso/tools/bin/../lib/gcc/arm-none-eabi/4.9.3/armv7-m\libcr_eabihelpers.a(memcpy.o)
                0x00005518                __aeabi_lowlevel_memset
 *fill*         0x0000554a        0x2 
 .text.__sys_appexit
                0x0000554c        0xc c:/nxp/lpcxpresso_7.7.2_379/lpcxpresso/tools/bin/../lib/gcc/arm-none-eabi/4.9.3/../../../../arm-none-eabi/lib/armv7-m\libcr_semihost.a(__sys_appexit.o)
                0x0000554c                __sys_appexit
                0x0000554c                __exit
 .text.__sys_close
                0x00005558        0xc c:/nxp/lpcxpresso_7.7.2_379/lpcxpresso/tools/bin/../lib/gcc/arm-none-eabi/4.9.3/../../../../arm-none-eabi/lib/armv7-m\libcr_semihost.a(__sys_close.o)
                0x00005558                __sys_close
 .text.__sys_flen
                0x00005564        0xc c:/nxp/lpcxpresso_7.7.2_379/lpcxpresso/tools/bin/../lib/gcc/arm-none-eabi/4.9.3/../../../../arm-none-eabi/lib/armv7-m\libcr_semihost.a(__sys_flen.o)
                0x00005564                __sys_flen
 .text.__sys_istty
                0x00005570        0xc c:/nxp/lpcxpresso_7.7.2_379/lpcxpresso/tools/bin/../lib/gcc/arm-none-eabi/4.9.3/../../../../arm-none-eabi/lib/armv7-m\libcr_semihost.a(__sys_istty.o)
                0x00005570                __sys_istty
 .text.__sys_read
                0x0000557c        0xc c:/nxp/lpcxpresso_7.7.2_379/lpcxpresso/tools/bin/../lib/gcc/arm-none-eabi/4.9.3/../../../../arm-none-eabi/lib/armv7-m\libcr_semihost.a(__sys_read.o)
                0x0000557c                __sys_read
 .text.__sys_readc
                0x00005588        0x8 c:/nxp/lpcxpresso_7.7.2_379/lpcxpresso/tools/bin/../lib/gcc/arm-none-eabi/4.9.3/../../../../arm-none-eabi/lib/armv7-m\libcr_semihost.a(__sys_readc.o)
                0x00005588                __sys_readc
                0x00005588                __readc
 .text.__sys_remove
                0x00005590        0xc c:/nxp/lpcxpresso_7.7.2_379/lpcxpresso/tools/bin/../lib/gcc/arm-none-eabi/4.9.3/../../../../arm-none-eabi/lib/armv7-m\libcr_semihost.a(__sys_remove.o)
                0x00005590                __sys_remove
 .text.__sys_seek
                0x0000559c        0xc c:/nxp/lpcxpresso_7.7.2_379/lpcxpresso/tools/bin/../lib/gcc/arm-none-eabi/4.9.3/../../../../arm-none-eabi/lib/armv7-m\libcr_semihost.a(__sys_seek.o)
                0x0000559c                __sys_seek
 .text.__sys_tmpnam
                0x000055a8        0xc c:/nxp/lpcxpresso_7.7.2_379/lpcxpresso/tools/bin/../lib/gcc/arm-none-eabi/4.9.3/../../../../arm-none-eabi/lib/armv7-m\libcr_semihost.a(__sys_tmpnam.o)
                0x000055a8                __sys_tmpnam
 .text.__sys_write
                0x000055b4        0xc c:/nxp/lpcxpresso_7.7.2_379/lpcxpresso/tools/bin/../lib/gcc/arm-none-eabi/4.9.3/../../../../arm-none-eabi/lib/armv7-m\libcr_semihost.a(__sys_write.o)
                0x000055b4                __sys_write
                0x000055b4                __write
 *(.rodata .rodata.* .constdata .constdata.*)
 .rodata        0x000055c0       0x40 ./example/src/box_messages.o
 .rodata.HID_ReportDescriptor
                0x00005600       0x24 ./example/src/hid_desc.o
                0x00005600                HID_ReportDescriptor
 .rodata.HID_ReportDescSize
                0x00005624        0x2 ./example/src/hid_desc.o
                0x00005624                HID_ReportDescSize
 *fill*         0x00005626        0x2 
 .rodata.USB_DeviceDescriptor
                0x00005628       0x14 ./example/src/hid_desc.o
                0x00005628                USB_DeviceDescriptor
 .rodata.USB_StringDescriptor
                0x0000563c       0x64 ./example/src/hid_desc.o
                0x0000563c                USB_StringDescriptor
 .rodata.OscRateIn
                0x000056a0        0x4 C:\Users\Oliver\LPCworkspace\lpc_board_nxp_lpcxpresso_1549\Debug\liblpc_board_nxp_lpcxpresso_1549.a(board.o)
                0x000056a0                OscRateIn
 .rodata.RTCOscRateIn
                0x000056a4        0x4 C:\Users\Oliver\LPCworkspace\lpc_board_nxp_lpcxpresso_1549\Debug\liblpc_board_nxp_lpcxpresso_1549.a(board.o)
                0x000056a4                RTCOscRateIn
 .rodata.ledpins
                0x000056a8        0x4 C:\Users\Oliver\LPCworkspace\lpc_board_nxp_lpcxpresso_1549\Debug\liblpc_board_nxp_lpcxpresso_1549.a(board.o)
 .rodata.ledports
                0x000056ac        0x4 C:\Users\Oliver\LPCworkspace\lpc_board_nxp_lpcxpresso_1549\Debug\liblpc_board_nxp_lpcxpresso_1549.a(board.o)
 .rodata.ioconSetup
                0x000056b0       0x74 C:\Users\Oliver\LPCworkspace\lpc_board_nxp_lpcxpresso_1549\Debug\liblpc_board_nxp_lpcxpresso_1549.a(board_sysinit.o)
 .rodata.swmSetup
                0x00005724        0x8 C:\Users\Oliver\LPCworkspace\lpc_board_nxp_lpcxpresso_1549\Debug\liblpc_board_nxp_lpcxpresso_1549.a(board_sysinit.o)
 .rodata.str1.1
                0x0000572c       0x34 c:/nxp/lpcxpresso_7.7.2_379/lpcxpresso/tools/bin/../lib/gcc/arm-none-eabi/4.9.3/../../../../arm-none-eabi/lib/armv7-m\libcr_c.a(fpprintf.o)
                                 0x35 (size before relaxing)
 .rodata.str1.1
                0x00005760        0x4 c:/nxp/lpcxpresso_7.7.2_379/lpcxpresso/tools/bin/../lib/gcc/arm-none-eabi/4.9.3/../../../../arm-none-eabi/lib/armv7-m\libcr_c.a(initio.o)
 .rodata.str1.1
                0x00005764       0x31 c:/nxp/lpcxpresso_7.7.2_379/lpcxpresso/tools/bin/../lib/gcc/arm-none-eabi/4.9.3/../../../../arm-none-eabi/lib/armv7-m\libcr_c.a(printf.o)
                                 0x38 (size before relaxing)
 *fill*         0x00005795        0x3 
 .rodata.__huge_vall
                0x00005798        0x8 c:/nxp/lpcxpresso_7.7.2_379/lpcxpresso/tools/bin/../lib/gcc/arm-none-eabi/4.9.3/../../../../arm-none-eabi/lib/armv7-m\libcr_c.a(_hugeval.o)
                0x00005798                __huge_vall
 .rodata.str1.1
                0x000057a0       0x18 c:/nxp/lpcxpresso_7.7.2_379/lpcxpresso/tools/bin/../lib/gcc/arm-none-eabi/4.9.3/../../../../arm-none-eabi/lib/armv7-m\libcr_c.a(alloc.o)
 .rodata.__ctype
                0x000057b8      0x180 c:/nxp/lpcxpresso_7.7.2_379/lpcxpresso/tools/bin/../lib/gcc/arm-none-eabi/4.9.3/../../../../arm-none-eabi/lib/armv7-m\libcr_c.a(ctype.o)
                0x000057b8                __ctype
                0x00005938                . = ALIGN (0x4)

.glue_7         0x00005938        0x0
 .glue_7        0x00000000        0x0 linker stubs

.glue_7t        0x00005938        0x0
 .glue_7t       0x00000000        0x0 linker stubs

.vfp11_veneer   0x00005938        0x0
 .vfp11_veneer  0x00000000        0x0 linker stubs

.v4_bx          0x00005938        0x0
 .v4_bx         0x00000000        0x0 linker stubs

.iplt           0x00005938        0x0
 .iplt          0x00000000        0x0 ./example/src/ILI9340.o

.rel.dyn        0x00005938        0x0
 .rel.iplt      0x00000000        0x0 ./example/src/ILI9340.o

.ARM.extab
 *(.ARM.extab* .gnu.linkonce.armextab.*)
                0x00005938                __exidx_start = .

.ARM.exidx
 *(.ARM.exidx* .gnu.linkonce.armexidx.*)
                0x00005938                __exidx_end = .
                0x00005938                _etext = .

.data_RAM2      0x02004000        0x0 load address 0x00005938
 FILL mask 0xff
                0x02004000                PROVIDE (__start_data_RAM2, .)
 *(.ramfunc.$RAM2)
 *(.ramfunc.$Ram1_16)
 *(.data.$RAM2*)
 *(.data.$Ram1_16*)
                0x02004000                . = ALIGN (0x4)
                0x02004000                PROVIDE (__end_data_RAM2, .)

.data_RAM3      0x02008000        0x0 load address 0x00005938
 FILL mask 0xff
                0x02008000                PROVIDE (__start_data_RAM3, .)
 *(.ramfunc.$RAM3)
 *(.ramfunc.$Ram2_4)
 *(.data.$RAM3*)
 *(.data.$Ram2_4*)
                0x02008000                . = ALIGN (0x4)
                0x02008000                PROVIDE (__end_data_RAM3, .)

.uninit_RESERVED
                0x02000000        0x0
 *(.bss.$RESERVED*)
                0x02000000                . = ALIGN (0x4)
                0x02000000                _end_uninit_RESERVED = .

.data           0x02000000       0x3c load address 0x00005938
 FILL mask 0xff
                0x02000000                _data = .
 *(vtable)
 *(.ramfunc*)
 *(.data*)
 .data.LCD_WIDTH
                0x02000000        0x2 ./example/src/ILI9340.o
                0x02000000                LCD_WIDTH
 .data.LCD_HEIGHT
                0x02000002        0x2 ./example/src/ILI9340.o
                0x02000002                LCD_HEIGHT
 .data.USB_FsConfigDescriptor
                0x02000004       0x2c ./example/src/hid_desc.o
                0x02000004                USB_FsConfigDescriptor
 .data.second_timer.9386
                0x02000030        0x2 ./example/src/hid_main.o
 *fill*         0x02000032        0x2 
 .data.neginf.4372
                0x02000034        0x4 c:/nxp/lpcxpresso_7.7.2_379/lpcxpresso/tools/bin/../lib/gcc/arm-none-eabi/4.9.3/../../../../arm-none-eabi/lib/armv7-m\libcr_c.a(scanf.o)
 .data.posinf.4371
                0x02000038        0x4 c:/nxp/lpcxpresso_7.7.2_379/lpcxpresso/tools/bin/../lib/gcc/arm-none-eabi/4.9.3/../../../../arm-none-eabi/lib/armv7-m\libcr_c.a(scanf.o)
                0x0200003c                . = ALIGN (0x4)
                0x0200003c                _edata = .

.igot.plt       0x0200003c        0x0 load address 0x00005974
 .igot.plt      0x00000000        0x0 ./example/src/ILI9340.o

.bss_RAM2       0x02004000        0x0
                0x02004000                PROVIDE (__start_bss_RAM2, .)
 *(.bss.$RAM2*)
 *(.bss.$Ram1_16*)
                0x02004000                . = ALIGN (0x4)
                0x02004000                PROVIDE (__end_bss_RAM2, .)

.bss_RAM3       0x02008000        0x0
                0x02008000                PROVIDE (__start_bss_RAM3, .)
 *(.bss.$RAM3*)
 *(.bss.$Ram2_4*)
                0x02008000                . = ALIGN (0x4)
                0x02008000                PROVIDE (__end_bss_RAM3, .)

.bss            0x02000040      0xb98
                0x02000040                _bss = .
 *(.bss*)
 .bss.spi       0x02000040        0x4 ./example/src/ILI9340.o
 .bss.currentWaypoint
                0x02000044        0x1 ./example/src/box_messages.o
                0x02000044                currentWaypoint
 *fill*         0x02000045        0x3 
 .bss.loopback_report
                0x02000048        0x4 ./example/src/hid_generic.o
 .bss.g_hUsb    0x0200004c        0x4 ./example/src/hid_main.o
 .bss.pauseTimer
                0x02000050        0x2 ./example/src/hid_main.o
 *fill*         0x02000052        0x2 
 .bss.errno     0x02000054        0x4 c:/nxp/lpcxpresso_7.7.2_379/lpcxpresso/tools/bin/../lib/gcc/arm-none-eabi/4.9.3/../../../../arm-none-eabi/lib/armv7-m\libcr_c.a(errno.o)
                0x02000054                errno
 *(COMMON)
 COMMON         0x02000058      0x9b0 ./example/src/box_messages.o
                0x02000058                waypoints
 COMMON         0x02000a08       0x80 ./example/src/hid_generic.o
                0x02000a08                txBuf
                0x02000a48                rxBuf
 COMMON         0x02000a88        0x4 ./example/src/hid_main.o
                0x02000a88                g_pUsbApi
 COMMON         0x02000a8c        0x4 c:/nxp/lpcxpresso_7.7.2_379/lpcxpresso/tools/bin/../lib/gcc/arm-none-eabi/4.9.3/../../../../arm-none-eabi/lib/armv7-m\libcr_c.a(initio.o)
                0x02000a8c                _extra
 COMMON         0x02000a90      0x140 c:/nxp/lpcxpresso_7.7.2_379/lpcxpresso/tools/bin/../lib/gcc/arm-none-eabi/4.9.3/../../../../arm-none-eabi/lib/armv7-m\libcr_c.a(stdio.o)
                0x02000a90                __Ciob
 COMMON         0x02000bd0        0x8 c:/nxp/lpcxpresso_7.7.2_379/lpcxpresso/tools/bin/../lib/gcc/arm-none-eabi/4.9.3/../../../../arm-none-eabi/lib/armv7-m\libcr_c.a(__init_alloc.o)
                0x02000bd0                __heaps
                0x02000bd4                __end_of_heap
                0x02000bd8                . = ALIGN (0x4)
                0x02000bd8                _ebss = .
                0x02000bd8                PROVIDE (end, .)

.noinit_RAM2    0x02004000        0x0
 *(.noinit.$RAM2*)
 *(.noinit.$Ram1_16*)
                0x02004000                . = ALIGN (0x4)

.noinit_RAM3    0x02008000        0x0
 *(.noinit.$RAM3*)
 *(.noinit.$Ram2_4*)
                0x02008000                . = ALIGN (0x4)

.noinit         0x02000bd8        0x0
                0x02000bd8                _noinit = .
 *(.noinit*)
                0x02000bd8                . = ALIGN (0x4)
                0x02000bd8                _end_noinit = .
                0x02000bd8                PROVIDE (_pvHeapStart, DEFINED (__user_heap_base)?__user_heap_base:.)
                0x02004000                PROVIDE (_vStackTop, DEFINED (__user_stack_top)?__user_stack_top:(__top_Ram0_16 - 0x0))
OUTPUT(HID Test.axf elf32-littlearm)

.debug_info     0x00000000     0xbe03
 .debug_info    0x00000000      0xde9 ./example/src/ILI9340.o
 .debug_info    0x00000de9      0x59a ./example/src/box_messages.o
 .debug_info    0x00001383      0x25a ./example/src/cr_startup_lpc15xx.o
 .debug_info    0x000015dd      0x135 ./example/src/hid_desc.o
 .debug_info    0x00001712     0x1ad8 ./example/src/hid_generic.o
 .debug_info    0x000031ea     0x33e8 ./example/src/hid_main.o
 .debug_info    0x000065d2      0x74c ./example/src/spi.o
 .debug_info    0x00006d1e       0xd8 ./example/src/sysinit.o
 .debug_info    0x00006df6      0x63c C:\Users\Oliver\LPCworkspace\lpc_board_nxp_lpcxpresso_1549\Debug\liblpc_board_nxp_lpcxpresso_1549.a(board.o)
 .debug_info    0x00007432      0xc94 C:\Users\Oliver\LPCworkspace\lpc_board_nxp_lpcxpresso_1549\Debug\liblpc_board_nxp_lpcxpresso_1549.a(board_sysinit.o)
 .debug_info    0x000080c6      0x965 C:\Users\Oliver\LPCworkspace\lpc_chip_15xx\Debug\liblpc_chip_15xx.a(chip_15xx.o)
 .debug_info    0x00008a2b      0xd12 C:\Users\Oliver\LPCworkspace\lpc_chip_15xx\Debug\liblpc_chip_15xx.a(clock_15xx.o)
 .debug_info    0x0000973d      0x612 C:\Users\Oliver\LPCworkspace\lpc_chip_15xx\Debug\liblpc_chip_15xx.a(gpio_15xx.o)
 .debug_info    0x00009d4f      0x1f4 C:\Users\Oliver\LPCworkspace\lpc_chip_15xx\Debug\liblpc_chip_15xx.a(iocon_15xx.o)
 .debug_info    0x00009f43      0xa46 C:\Users\Oliver\LPCworkspace\lpc_chip_15xx\Debug\liblpc_chip_15xx.a(spi_15xx.o)
 .debug_info    0x0000a989      0x626 C:\Users\Oliver\LPCworkspace\lpc_chip_15xx\Debug\liblpc_chip_15xx.a(swm_15xx.o)
 .debug_info    0x0000afaf      0x738 C:\Users\Oliver\LPCworkspace\lpc_chip_15xx\Debug\liblpc_chip_15xx.a(sysctl_15xx.o)
 .debug_info    0x0000b6e7      0x71c C:\Users\Oliver\LPCworkspace\lpc_chip_15xx\Debug\liblpc_chip_15xx.a(sysinit_15xx.o)

.debug_abbrev   0x00000000     0x1ded
 .debug_abbrev  0x00000000      0x254 ./example/src/ILI9340.o
 .debug_abbrev  0x00000254      0x163 ./example/src/box_messages.o
 .debug_abbrev  0x000003b7       0xe6 ./example/src/cr_startup_lpc15xx.o
 .debug_abbrev  0x0000049d       0x60 ./example/src/hid_desc.o
 .debug_abbrev  0x000004fd      0x222 ./example/src/hid_generic.o
 .debug_abbrev  0x0000071f      0x38c ./example/src/hid_main.o
 .debug_abbrev  0x00000aab      0x1d4 ./example/src/spi.o
 .debug_abbrev  0x00000c7f       0x82 ./example/src/sysinit.o
 .debug_abbrev  0x00000d01      0x22b C:\Users\Oliver\LPCworkspace\lpc_board_nxp_lpcxpresso_1549\Debug\liblpc_board_nxp_lpcxpresso_1549.a(board.o)
 .debug_abbrev  0x00000f2c      0x202 C:\Users\Oliver\LPCworkspace\lpc_board_nxp_lpcxpresso_1549\Debug\liblpc_board_nxp_lpcxpresso_1549.a(board_sysinit.o)
 .debug_abbrev  0x0000112e      0x1ad C:\Users\Oliver\LPCworkspace\lpc_chip_15xx\Debug\liblpc_chip_15xx.a(chip_15xx.o)
 .debug_abbrev  0x000012db      0x281 C:\Users\Oliver\LPCworkspace\lpc_chip_15xx\Debug\liblpc_chip_15xx.a(clock_15xx.o)
 .debug_abbrev  0x0000155c      0x166 C:\Users\Oliver\LPCworkspace\lpc_chip_15xx\Debug\liblpc_chip_15xx.a(gpio_15xx.o)
 .debug_abbrev  0x000016c2      0x137 C:\Users\Oliver\LPCworkspace\lpc_chip_15xx\Debug\liblpc_chip_15xx.a(iocon_15xx.o)
 .debug_abbrev  0x000017f9      0x209 C:\Users\Oliver\LPCworkspace\lpc_chip_15xx\Debug\liblpc_chip_15xx.a(spi_15xx.o)
 .debug_abbrev  0x00001a02      0x13c C:\Users\Oliver\LPCworkspace\lpc_chip_15xx\Debug\liblpc_chip_15xx.a(swm_15xx.o)
 .debug_abbrev  0x00001b3e      0x129 C:\Users\Oliver\LPCworkspace\lpc_chip_15xx\Debug\liblpc_chip_15xx.a(sysctl_15xx.o)
 .debug_abbrev  0x00001c67      0x186 C:\Users\Oliver\LPCworkspace\lpc_chip_15xx\Debug\liblpc_chip_15xx.a(sysinit_15xx.o)

.debug_aranges  0x00000000      0x800
 .debug_aranges
                0x00000000      0x128 ./example/src/ILI9340.o
 .debug_aranges
                0x00000128       0x50 ./example/src/box_messages.o
 .debug_aranges
                0x00000178       0x80 ./example/src/cr_startup_lpc15xx.o
 .debug_aranges
                0x000001f8       0x18 ./example/src/hid_desc.o
 .debug_aranges
                0x00000210       0x38 ./example/src/hid_generic.o
 .debug_aranges
                0x00000248       0x88 ./example/src/hid_main.o
 .debug_aranges
                0x000002d0       0x48 ./example/src/spi.o
 .debug_aranges
                0x00000318       0x20 ./example/src/sysinit.o
 .debug_aranges
                0x00000338       0x98 C:\Users\Oliver\LPCworkspace\lpc_board_nxp_lpcxpresso_1549\Debug\liblpc_board_nxp_lpcxpresso_1549.a(board.o)
 .debug_aranges
                0x000003d0       0x60 C:\Users\Oliver\LPCworkspace\lpc_board_nxp_lpcxpresso_1549\Debug\liblpc_board_nxp_lpcxpresso_1549.a(board_sysinit.o)
 .debug_aranges
                0x00000430       0x50 C:\Users\Oliver\LPCworkspace\lpc_chip_15xx\Debug\liblpc_chip_15xx.a(chip_15xx.o)
 .debug_aranges
                0x00000480      0x128 C:\Users\Oliver\LPCworkspace\lpc_chip_15xx\Debug\liblpc_chip_15xx.a(clock_15xx.o)
 .debug_aranges
                0x000005a8       0x70 C:\Users\Oliver\LPCworkspace\lpc_chip_15xx\Debug\liblpc_chip_15xx.a(gpio_15xx.o)
 .debug_aranges
                0x00000618       0x28 C:\Users\Oliver\LPCworkspace\lpc_chip_15xx\Debug\liblpc_chip_15xx.a(iocon_15xx.o)
 .debug_aranges
                0x00000640       0xd8 C:\Users\Oliver\LPCworkspace\lpc_chip_15xx\Debug\liblpc_chip_15xx.a(spi_15xx.o)
 .debug_aranges
                0x00000718       0x40 C:\Users\Oliver\LPCworkspace\lpc_chip_15xx\Debug\liblpc_chip_15xx.a(swm_15xx.o)
 .debug_aranges
                0x00000758       0x50 C:\Users\Oliver\LPCworkspace\lpc_chip_15xx\Debug\liblpc_chip_15xx.a(sysctl_15xx.o)
 .debug_aranges
                0x000007a8       0x58 C:\Users\Oliver\LPCworkspace\lpc_chip_15xx\Debug\liblpc_chip_15xx.a(sysinit_15xx.o)

.debug_ranges   0x00000000      0x6d8
 .debug_ranges  0x00000000      0x118 ./example/src/ILI9340.o
 .debug_ranges  0x00000118       0x40 ./example/src/box_messages.o
 .debug_ranges  0x00000158       0x70 ./example/src/cr_startup_lpc15xx.o
 .debug_ranges  0x000001c8       0x28 ./example/src/hid_generic.o
 .debug_ranges  0x000001f0       0x78 ./example/src/hid_main.o
 .debug_ranges  0x00000268       0x38 ./example/src/spi.o
 .debug_ranges  0x000002a0       0x10 ./example/src/sysinit.o
 .debug_ranges  0x000002b0       0x88 C:\Users\Oliver\LPCworkspace\lpc_board_nxp_lpcxpresso_1549\Debug\liblpc_board_nxp_lpcxpresso_1549.a(board.o)
 .debug_ranges  0x00000338       0x50 C:\Users\Oliver\LPCworkspace\lpc_board_nxp_lpcxpresso_1549\Debug\liblpc_board_nxp_lpcxpresso_1549.a(board_sysinit.o)
 .debug_ranges  0x00000388       0x40 C:\Users\Oliver\LPCworkspace\lpc_chip_15xx\Debug\liblpc_chip_15xx.a(chip_15xx.o)
 .debug_ranges  0x000003c8      0x118 C:\Users\Oliver\LPCworkspace\lpc_chip_15xx\Debug\liblpc_chip_15xx.a(clock_15xx.o)
 .debug_ranges  0x000004e0       0x60 C:\Users\Oliver\LPCworkspace\lpc_chip_15xx\Debug\liblpc_chip_15xx.a(gpio_15xx.o)
 .debug_ranges  0x00000540       0x18 C:\Users\Oliver\LPCworkspace\lpc_chip_15xx\Debug\liblpc_chip_15xx.a(iocon_15xx.o)
 .debug_ranges  0x00000558       0xc8 C:\Users\Oliver\LPCworkspace\lpc_chip_15xx\Debug\liblpc_chip_15xx.a(spi_15xx.o)
 .debug_ranges  0x00000620       0x30 C:\Users\Oliver\LPCworkspace\lpc_chip_15xx\Debug\liblpc_chip_15xx.a(swm_15xx.o)
 .debug_ranges  0x00000650       0x40 C:\Users\Oliver\LPCworkspace\lpc_chip_15xx\Debug\liblpc_chip_15xx.a(sysctl_15xx.o)
 .debug_ranges  0x00000690       0x48 C:\Users\Oliver\LPCworkspace\lpc_chip_15xx\Debug\liblpc_chip_15xx.a(sysinit_15xx.o)

.debug_macro    0x00000000     0x6c4d
 .debug_macro   0x00000000      0x263 ./example/src/ILI9340.o
 .debug_macro   0x00000263      0x874 ./example/src/ILI9340.o
 .debug_macro   0x00000ad7       0x10 ./example/src/ILI9340.o
 .debug_macro   0x00000ae7      0x12d ./example/src/ILI9340.o
 .debug_macro   0x00000c14      0x5b2 ./example/src/ILI9340.o
 .debug_macro   0x000011c6       0x22 ./example/src/ILI9340.o
 .debug_macro   0x000011e8       0x7b ./example/src/ILI9340.o
 .debug_macro   0x00001263       0x10 ./example/src/ILI9340.o
 .debug_macro   0x00001273       0x2d ./example/src/ILI9340.o
 .debug_macro   0x000012a0       0x3a ./example/src/ILI9340.o
 .debug_macro   0x000012da       0x2d ./example/src/ILI9340.o
 .debug_macro   0x00001307      0xa7d ./example/src/ILI9340.o
 .debug_macro   0x00001d84      0x1b4 ./example/src/ILI9340.o
 .debug_macro   0x00001f38       0xca ./example/src/ILI9340.o
 .debug_macro   0x00002002       0x18 ./example/src/ILI9340.o
 .debug_macro   0x0000201a       0xb2 ./example/src/ILI9340.o
 .debug_macro   0x000020cc       0x70 ./example/src/ILI9340.o
 .debug_macro   0x0000213c       0x46 ./example/src/ILI9340.o
 .debug_macro   0x00002182       0xd0 ./example/src/ILI9340.o
 .debug_macro   0x00002252       0x40 ./example/src/ILI9340.o
 .debug_macro   0x00002292      0x233 ./example/src/ILI9340.o
 .debug_macro   0x000024c5       0x16 ./example/src/ILI9340.o
 .debug_macro   0x000024db       0x88 ./example/src/ILI9340.o
 .debug_macro   0x00002563       0x34 ./example/src/ILI9340.o
 .debug_macro   0x00002597       0x6a ./example/src/ILI9340.o
 .debug_macro   0x00002601       0x40 ./example/src/ILI9340.o
 .debug_macro   0x00002641       0x1c ./example/src/ILI9340.o
 .debug_macro   0x0000265d       0x16 ./example/src/ILI9340.o
 .debug_macro   0x00002673      0x10c ./example/src/ILI9340.o
 .debug_macro   0x0000277f      0x2a9 ./example/src/ILI9340.o
 .debug_macro   0x00002a28       0x76 ./example/src/ILI9340.o
 .debug_macro   0x00002a9e       0x22 ./example/src/ILI9340.o
 .debug_macro   0x00002ac0      0x152 ./example/src/ILI9340.o
 .debug_macro   0x00002c12       0x82 ./example/src/ILI9340.o
 .debug_macro   0x00002c94       0xe6 ./example/src/ILI9340.o
 .debug_macro   0x00002d7a       0x3a ./example/src/ILI9340.o
 .debug_macro   0x00002db4       0x34 ./example/src/ILI9340.o
 .debug_macro   0x00002de8       0x10 ./example/src/ILI9340.o
 .debug_macro   0x00002df8       0x76 ./example/src/ILI9340.o
 .debug_macro   0x00002e6e       0x58 ./example/src/ILI9340.o
 .debug_macro   0x00002ec6      0x2ca ./example/src/ILI9340.o
 .debug_macro   0x00003190      0x22b ./example/src/ILI9340.o
 .debug_macro   0x000033bb       0x2e ./example/src/ILI9340.o
 .debug_macro   0x000033e9      0x18a ./example/src/ILI9340.o
 .debug_macro   0x00003573       0x1c ./example/src/ILI9340.o
 .debug_macro   0x0000358f      0x298 ./example/src/box_messages.o
 .debug_macro   0x00003827       0x16 ./example/src/box_messages.o
 .debug_macro   0x0000383d       0x9a ./example/src/box_messages.o
 .debug_macro   0x000038d7       0x7a ./example/src/box_messages.o
 .debug_macro   0x00003951       0x34 ./example/src/box_messages.o
 .debug_macro   0x00003985       0x20 ./example/src/box_messages.o
 .debug_macro   0x000039a5       0x10 ./example/src/box_messages.o
 .debug_macro   0x000039b5       0x23 ./example/src/cr_startup_lpc15xx.o
 .debug_macro   0x000039d8      0x107 ./example/src/hid_desc.o
 .debug_macro   0x00003adf      0x26c ./example/src/hid_desc.o
 .debug_macro   0x00003d4b       0x46 ./example/src/hid_desc.o
 .debug_macro   0x00003d91       0x12 ./example/src/hid_desc.o
 .debug_macro   0x00003da3       0xfa ./example/src/hid_desc.o
 .debug_macro   0x00003e9d       0xee ./example/src/hid_desc.o
 .debug_macro   0x00003f8b      0x69a ./example/src/hid_desc.o
 .debug_macro   0x00004625      0x272 ./example/src/hid_desc.o
 .debug_macro   0x00004897       0x10 ./example/src/hid_desc.o
 .debug_macro   0x000048a7      0x327 ./example/src/hid_generic.o
 .debug_macro   0x00004bce      0x386 ./example/src/hid_main.o
 .debug_macro   0x00004f54       0xa0 ./example/src/hid_main.o
 .debug_macro   0x00004ff4       0x74 ./example/src/hid_main.o
 .debug_macro   0x00005068       0x26 ./example/src/hid_main.o
 .debug_macro   0x0000508e      0x247 ./example/src/spi.o
 .debug_macro   0x000052d5      0x26e ./example/src/sysinit.o
 .debug_macro   0x00005543      0x284 C:\Users\Oliver\LPCworkspace\lpc_board_nxp_lpcxpresso_1549\Debug\liblpc_board_nxp_lpcxpresso_1549.a(board.o)
 .debug_macro   0x000057c7       0x12 C:\Users\Oliver\LPCworkspace\lpc_board_nxp_lpcxpresso_1549\Debug\liblpc_board_nxp_lpcxpresso_1549.a(board.o)
 .debug_macro   0x000057d9      0x288 C:\Users\Oliver\LPCworkspace\lpc_board_nxp_lpcxpresso_1549\Debug\liblpc_board_nxp_lpcxpresso_1549.a(board_sysinit.o)
 .debug_macro   0x00005a61      0x239 C:\Users\Oliver\LPCworkspace\lpc_chip_15xx\Debug\liblpc_chip_15xx.a(chip_15xx.o)
 .debug_macro   0x00005c9a      0x239 C:\Users\Oliver\LPCworkspace\lpc_chip_15xx\Debug\liblpc_chip_15xx.a(clock_15xx.o)
 .debug_macro   0x00005ed3      0x239 C:\Users\Oliver\LPCworkspace\lpc_chip_15xx\Debug\liblpc_chip_15xx.a(gpio_15xx.o)
 .debug_macro   0x0000610c      0x239 C:\Users\Oliver\LPCworkspace\lpc_chip_15xx\Debug\liblpc_chip_15xx.a(iocon_15xx.o)
 .debug_macro   0x00006345      0x239 C:\Users\Oliver\LPCworkspace\lpc_chip_15xx\Debug\liblpc_chip_15xx.a(spi_15xx.o)
 .debug_macro   0x0000657e      0x245 C:\Users\Oliver\LPCworkspace\lpc_chip_15xx\Debug\liblpc_chip_15xx.a(swm_15xx.o)
 .debug_macro   0x000067c3      0x251 C:\Users\Oliver\LPCworkspace\lpc_chip_15xx\Debug\liblpc_chip_15xx.a(sysctl_15xx.o)
 .debug_macro   0x00006a14      0x239 C:\Users\Oliver\LPCworkspace\lpc_chip_15xx\Debug\liblpc_chip_15xx.a(sysinit_15xx.o)

.debug_line     0x00000000     0x5e93
 .debug_line    0x00000000      0x93f ./example/src/ILI9340.o
 .debug_line    0x0000093f      0x5f8 ./example/src/box_messages.o
 .debug_line    0x00000f37       0xda ./example/src/cr_startup_lpc15xx.o
 .debug_line    0x00001011      0x27e ./example/src/hid_desc.o
 .debug_line    0x0000128f      0x64e ./example/src/hid_generic.o
 .debug_line    0x000018dd      0x7b2 ./example/src/hid_main.o
 .debug_line    0x0000208f      0x4fc ./example/src/spi.o
 .debug_line    0x0000258b      0x481 ./example/src/sysinit.o
 .debug_line    0x00002a0c      0x5e9 C:\Users\Oliver\LPCworkspace\lpc_board_nxp_lpcxpresso_1549\Debug\liblpc_board_nxp_lpcxpresso_1549.a(board.o)
 .debug_line    0x00002ff5      0x566 C:\Users\Oliver\LPCworkspace\lpc_board_nxp_lpcxpresso_1549\Debug\liblpc_board_nxp_lpcxpresso_1549.a(board_sysinit.o)
 .debug_line    0x0000355b      0x49e C:\Users\Oliver\LPCworkspace\lpc_chip_15xx\Debug\liblpc_chip_15xx.a(chip_15xx.o)
 .debug_line    0x000039f9      0x6ef C:\Users\Oliver\LPCworkspace\lpc_chip_15xx\Debug\liblpc_chip_15xx.a(clock_15xx.o)
 .debug_line    0x000040e8      0x4f2 C:\Users\Oliver\LPCworkspace\lpc_chip_15xx\Debug\liblpc_chip_15xx.a(gpio_15xx.o)
 .debug_line    0x000045da      0x43e C:\Users\Oliver\LPCworkspace\lpc_chip_15xx\Debug\liblpc_chip_15xx.a(iocon_15xx.o)
 .debug_line    0x00004a18      0x6a2 C:\Users\Oliver\LPCworkspace\lpc_chip_15xx\Debug\liblpc_chip_15xx.a(spi_15xx.o)
 .debug_line    0x000050ba      0x468 C:\Users\Oliver\LPCworkspace\lpc_chip_15xx\Debug\liblpc_chip_15xx.a(swm_15xx.o)
 .debug_line    0x00005522      0x49e C:\Users\Oliver\LPCworkspace\lpc_chip_15xx\Debug\liblpc_chip_15xx.a(sysctl_15xx.o)
 .debug_line    0x000059c0      0x4d3 C:\Users\Oliver\LPCworkspace\lpc_chip_15xx\Debug\liblpc_chip_15xx.a(sysinit_15xx.o)

.debug_str      0x00000000    0x18de2
 .debug_str     0x00000000     0xfbd7 ./example/src/ILI9340.o
                               0xfcaf (size before relaxing)
 .debug_str     0x0000fbd7      0x5dc ./example/src/box_messages.o
                               0xf983 (size before relaxing)
 .debug_str     0x000101b3      0x1e5 ./example/src/cr_startup_lpc15xx.o
                               0x264d (size before relaxing)
 .debug_str     0x00010398     0x3dab ./example/src/hid_desc.o
                               0x7c10 (size before relaxing)
 .debug_str     0x00014143     0x14e1 ./example/src/hid_generic.o
                              0x14a2a (size before relaxing)
 .debug_str     0x00015624     0x12dc ./example/src/hid_main.o
                              0x16017 (size before relaxing)
 .debug_str     0x00016900      0xa19 ./example/src/spi.o
                               0xfc1a (size before relaxing)
 .debug_str     0x00017319       0x19 ./example/src/sysinit.o
                               0xf4e6 (size before relaxing)
 .debug_str     0x00017332      0x1d0 C:\Users\Oliver\LPCworkspace\lpc_board_nxp_lpcxpresso_1549\Debug\liblpc_board_nxp_lpcxpresso_1549.a(board.o)
                               0xf8af (size before relaxing)
 .debug_str     0x00017502      0x35d C:\Users\Oliver\LPCworkspace\lpc_board_nxp_lpcxpresso_1549\Debug\liblpc_board_nxp_lpcxpresso_1549.a(board_sysinit.o)
                              0x104d9 (size before relaxing)
 .debug_str     0x0001785f      0x13d C:\Users\Oliver\LPCworkspace\lpc_chip_15xx\Debug\liblpc_chip_15xx.a(chip_15xx.o)
                               0xfc56 (size before relaxing)
 .debug_str     0x0001799c      0x88f C:\Users\Oliver\LPCworkspace\lpc_chip_15xx\Debug\liblpc_chip_15xx.a(clock_15xx.o)
                              0x10056 (size before relaxing)
 .debug_str     0x0001822b       0xdf C:\Users\Oliver\LPCworkspace\lpc_chip_15xx\Debug\liblpc_chip_15xx.a(gpio_15xx.o)
                               0xf703 (size before relaxing)
 .debug_str     0x0001830a       0x41 C:\Users\Oliver\LPCworkspace\lpc_chip_15xx\Debug\liblpc_chip_15xx.a(iocon_15xx.o)
                               0xf220 (size before relaxing)
 .debug_str     0x0001834b      0x278 C:\Users\Oliver\LPCworkspace\lpc_chip_15xx\Debug\liblpc_chip_15xx.a(spi_15xx.o)
                               0xfa5d (size before relaxing)
 .debug_str     0x000185c3      0x55d C:\Users\Oliver\LPCworkspace\lpc_chip_15xx\Debug\liblpc_chip_15xx.a(swm_15xx.o)
                               0xfc28 (size before relaxing)
 .debug_str     0x00018b20      0x183 C:\Users\Oliver\LPCworkspace\lpc_chip_15xx\Debug\liblpc_chip_15xx.a(sysctl_15xx.o)
                               0xf70d (size before relaxing)
 .debug_str     0x00018ca3      0x13f C:\Users\Oliver\LPCworkspace\lpc_chip_15xx\Debug\liblpc_chip_15xx.a(sysinit_15xx.o)
                               0xf6fc (size before relaxing)

.comment        0x00000000       0x70
 .comment       0x00000000       0x70 ./example/src/ILI9340.o
                                 0x71 (size before relaxing)
 .comment       0x00000000       0x71 ./example/src/box_messages.o
 .comment       0x00000000       0x71 ./example/src/cr_startup_lpc15xx.o
 .comment       0x00000000       0x71 ./example/src/hid_desc.o
 .comment       0x00000000       0x71 ./example/src/hid_generic.o
 .comment       0x00000000       0x71 ./example/src/hid_main.o
 .comment       0x00000000       0x71 ./example/src/spi.o
 .comment       0x00000000       0x71 ./example/src/sysinit.o
 .comment       0x00000000       0x71 C:\Users\Oliver\LPCworkspace\lpc_board_nxp_lpcxpresso_1549\Debug\liblpc_board_nxp_lpcxpresso_1549.a(board.o)
 .comment       0x00000000       0x71 C:\Users\Oliver\LPCworkspace\lpc_board_nxp_lpcxpresso_1549\Debug\liblpc_board_nxp_lpcxpresso_1549.a(board_sysinit.o)
 .comment       0x00000000       0x71 C:\Users\Oliver\LPCworkspace\lpc_chip_15xx\Debug\liblpc_chip_15xx.a(chip_15xx.o)
 .comment       0x00000000       0x71 C:\Users\Oliver\LPCworkspace\lpc_chip_15xx\Debug\liblpc_chip_15xx.a(clock_15xx.o)
 .comment       0x00000000       0x71 C:\Users\Oliver\LPCworkspace\lpc_chip_15xx\Debug\liblpc_chip_15xx.a(gpio_15xx.o)
 .comment       0x00000000       0x71 C:\Users\Oliver\LPCworkspace\lpc_chip_15xx\Debug\liblpc_chip_15xx.a(iocon_15xx.o)
 .comment       0x00000000       0x71 C:\Users\Oliver\LPCworkspace\lpc_chip_15xx\Debug\liblpc_chip_15xx.a(spi_15xx.o)
 .comment       0x00000000       0x71 C:\Users\Oliver\LPCworkspace\lpc_chip_15xx\Debug\liblpc_chip_15xx.a(swm_15xx.o)
 .comment       0x00000000       0x71 C:\Users\Oliver\LPCworkspace\lpc_chip_15xx\Debug\liblpc_chip_15xx.a(sysctl_15xx.o)
 .comment       0x00000000       0x71 C:\Users\Oliver\LPCworkspace\lpc_chip_15xx\Debug\liblpc_chip_15xx.a(sysinit_15xx.o)
 .comment       0x00000000       0x71 c:/nxp/lpcxpresso_7.7.2_379/lpcxpresso/tools/bin/../lib/gcc/arm-none-eabi/4.9.3/../../../../arm-none-eabi/lib/armv7-m\libcr_semihost.a(_cr__main.o)
 .comment       0x00000000       0x71 c:/nxp/lpcxpresso_7.7.2_379/lpcxpresso/tools/bin/../lib/gcc/arm-none-eabi/4.9.3/../../../../arm-none-eabi/lib/armv7-m\libcr_c.a(memset.o)
 .comment       0x00000000       0x71 c:/nxp/lpcxpresso_7.7.2_379/lpcxpresso/tools/bin/../lib/gcc/arm-none-eabi/4.9.3/../../../../arm-none-eabi/lib/armv7-m\libcr_c.a(fpprintf.o)
 .comment       0x00000000       0x71 c:/nxp/lpcxpresso_7.7.2_379/lpcxpresso/tools/bin/../lib/gcc/arm-none-eabi/4.9.3/../../../../arm-none-eabi/lib/armv7-m\libcr_c.a(initio.o)
 .comment       0x00000000       0x71 c:/nxp/lpcxpresso_7.7.2_379/lpcxpresso/tools/bin/../lib/gcc/arm-none-eabi/4.9.3/../../../../arm-none-eabi/lib/armv7-m\libcr_c.a(printf.o)
 .comment       0x00000000       0x71 c:/nxp/lpcxpresso_7.7.2_379/lpcxpresso/tools/bin/../lib/gcc/arm-none-eabi/4.9.3/../../../../arm-none-eabi/lib/armv7-m\libcr_c.a(scanf.o)
 .comment       0x00000000       0x71 c:/nxp/lpcxpresso_7.7.2_379/lpcxpresso/tools/bin/../lib/gcc/arm-none-eabi/4.9.3/../../../../arm-none-eabi/lib/armv7-m\libcr_c.a(setvbuf.o)
 .comment       0x00000000       0x71 c:/nxp/lpcxpresso_7.7.2_379/lpcxpresso/tools/bin/../lib/gcc/arm-none-eabi/4.9.3/../../../../arm-none-eabi/lib/armv7-m\libcr_c.a(stdio.o)
 .comment       0x00000000       0x71 c:/nxp/lpcxpresso_7.7.2_379/lpcxpresso/tools/bin/../lib/gcc/arm-none-eabi/4.9.3/../../../../arm-none-eabi/lib/armv7-m\libcr_c.a(strlen.o)
 .comment       0x00000000       0x71 c:/nxp/lpcxpresso_7.7.2_379/lpcxpresso/tools/bin/../lib/gcc/arm-none-eabi/4.9.3/../../../../arm-none-eabi/lib/armv7-m\libcr_c.a(ungetc.o)
 .comment       0x00000000       0x71 c:/nxp/lpcxpresso_7.7.2_379/lpcxpresso/tools/bin/../lib/gcc/arm-none-eabi/4.9.3/../../../../arm-none-eabi/lib/armv7-m\libcr_c.a(__fillbuf.o)
 .comment       0x00000000       0x71 c:/nxp/lpcxpresso_7.7.2_379/lpcxpresso/tools/bin/../lib/gcc/arm-none-eabi/4.9.3/../../../../arm-none-eabi/lib/armv7-m\libcr_c.a(_deferredlazyseek.o)
 .comment       0x00000000       0x71 c:/nxp/lpcxpresso_7.7.2_379/lpcxpresso/tools/bin/../lib/gcc/arm-none-eabi/4.9.3/../../../../arm-none-eabi/lib/armv7-m\libcr_c.a(_fdopen.o)
 .comment       0x00000000       0x71 c:/nxp/lpcxpresso_7.7.2_379/lpcxpresso/tools/bin/../lib/gcc/arm-none-eabi/4.9.3/../../../../arm-none-eabi/lib/armv7-m\libcr_c.a(_fflush.o)
 .comment       0x00000000       0x71 c:/nxp/lpcxpresso_7.7.2_379/lpcxpresso/tools/bin/../lib/gcc/arm-none-eabi/4.9.3/../../../../arm-none-eabi/lib/armv7-m\libcr_c.a(_frexpl.o)
 .comment       0x00000000       0x71 c:/nxp/lpcxpresso_7.7.2_379/lpcxpresso/tools/bin/../lib/gcc/arm-none-eabi/4.9.3/../../../../arm-none-eabi/lib/armv7-m\libcr_c.a(_hugeval.o)
 .comment       0x00000000       0x71 c:/nxp/lpcxpresso_7.7.2_379/lpcxpresso/tools/bin/../lib/gcc/arm-none-eabi/4.9.3/../../../../arm-none-eabi/lib/armv7-m\libcr_c.a(_ldexpl.o)
 .comment       0x00000000       0x71 c:/nxp/lpcxpresso_7.7.2_379/lpcxpresso/tools/bin/../lib/gcc/arm-none-eabi/4.9.3/../../../../arm-none-eabi/lib/armv7-m\libcr_c.a(_writebuf.o)
 .comment       0x00000000       0x71 c:/nxp/lpcxpresso_7.7.2_379/lpcxpresso/tools/bin/../lib/gcc/arm-none-eabi/4.9.3/../../../../arm-none-eabi/lib/armv7-m\libcr_c.a(alloc.o)
 .comment       0x00000000       0x71 c:/nxp/lpcxpresso_7.7.2_379/lpcxpresso/tools/bin/../lib/gcc/arm-none-eabi/4.9.3/../../../../arm-none-eabi/lib/armv7-m\libcr_c.a(ctype.o)
 .comment       0x00000000       0x71 c:/nxp/lpcxpresso_7.7.2_379/lpcxpresso/tools/bin/../lib/gcc/arm-none-eabi/4.9.3/../../../../arm-none-eabi/lib/armv7-m\libcr_c.a(errno.o)
 .comment       0x00000000       0x71 c:/nxp/lpcxpresso_7.7.2_379/lpcxpresso/tools/bin/../lib/gcc/arm-none-eabi/4.9.3/../../../../arm-none-eabi/lib/armv7-m\libcr_c.a(fclose.o)
 .comment       0x00000000       0x71 c:/nxp/lpcxpresso_7.7.2_379/lpcxpresso/tools/bin/../lib/gcc/arm-none-eabi/4.9.3/../../../../arm-none-eabi/lib/armv7-m\libcr_c.a(fflush.o)
 .comment       0x00000000       0x71 c:/nxp/lpcxpresso_7.7.2_379/lpcxpresso/tools/bin/../lib/gcc/arm-none-eabi/4.9.3/../../../../arm-none-eabi/lib/armv7-m\libcr_c.a(fseek.o)
 .comment       0x00000000       0x71 c:/nxp/lpcxpresso_7.7.2_379/lpcxpresso/tools/bin/../lib/gcc/arm-none-eabi/4.9.3/../../../../arm-none-eabi/lib/armv7-m\libcr_c.a(ftell.o)
 .comment       0x00000000       0x71 c:/nxp/lpcxpresso_7.7.2_379/lpcxpresso/tools/bin/../lib/gcc/arm-none-eabi/4.9.3/../../../../arm-none-eabi/lib/armv7-m\libcr_c.a(remove.o)
 .comment       0x00000000       0x71 c:/nxp/lpcxpresso_7.7.2_379/lpcxpresso/tools/bin/../lib/gcc/arm-none-eabi/4.9.3/../../../../arm-none-eabi/lib/armv7-m\libcr_c.a(__init_alloc.o)
 .comment       0x00000000       0x71 c:/nxp/lpcxpresso_7.7.2_379/lpcxpresso/tools/bin/../lib/gcc/arm-none-eabi/4.9.3/../../../../arm-none-eabi/lib/armv7-m\libcr_c.a(_cr_sbrk.o)
 .comment       0x00000000       0x71 c:/nxp/lpcxpresso_7.7.2_379/lpcxpresso/tools/bin/../lib/gcc/arm-none-eabi/4.9.3/../../../../arm-none-eabi/lib/armv7-m\libcr_c.a(_do_fflush.o)
 .comment       0x00000000       0x71 c:/nxp/lpcxpresso_7.7.2_379/lpcxpresso/tools/bin/../lib/gcc/arm-none-eabi/4.9.3/../../../../arm-none-eabi/lib/armv7-m\libcr_c.a(_cr_check_heap.o)
 .comment       0x00000000       0x71 c:/nxp/lpcxpresso_7.7.2_379/lpcxpresso/tools/bin/../lib/gcc/arm-none-eabi/4.9.3/armv7-m\libcr_eabihelpers.a(double.o)

.ARM.attributes
                0x00000000       0x31
 .ARM.attributes
                0x00000000       0x33 ./example/src/ILI9340.o
 .ARM.attributes
                0x00000033       0x33 ./example/src/box_messages.o
 .ARM.attributes
                0x00000066       0x33 ./example/src/cr_startup_lpc15xx.o
 .ARM.attributes
                0x00000099       0x33 ./example/src/hid_desc.o
 .ARM.attributes
                0x000000cc       0x33 ./example/src/hid_generic.o
 .ARM.attributes
                0x000000ff       0x33 ./example/src/hid_main.o
 .ARM.attributes
                0x00000132       0x33 ./example/src/spi.o
 .ARM.attributes
                0x00000165       0x33 ./example/src/sysinit.o
 .ARM.attributes
                0x00000198       0x33 C:\Users\Oliver\LPCworkspace\lpc_board_nxp_lpcxpresso_1549\Debug\liblpc_board_nxp_lpcxpresso_1549.a(board.o)
 .ARM.attributes
                0x000001cb       0x33 C:\Users\Oliver\LPCworkspace\lpc_board_nxp_lpcxpresso_1549\Debug\liblpc_board_nxp_lpcxpresso_1549.a(board_sysinit.o)
 .ARM.attributes
                0x000001fe       0x33 C:\Users\Oliver\LPCworkspace\lpc_chip_15xx\Debug\liblpc_chip_15xx.a(chip_15xx.o)
 .ARM.attributes
                0x00000231       0x33 C:\Users\Oliver\LPCworkspace\lpc_chip_15xx\Debug\liblpc_chip_15xx.a(clock_15xx.o)
 .ARM.attributes
                0x00000264       0x33 C:\Users\Oliver\LPCworkspace\lpc_chip_15xx\Debug\liblpc_chip_15xx.a(gpio_15xx.o)
 .ARM.attributes
                0x00000297       0x33 C:\Users\Oliver\LPCworkspace\lpc_chip_15xx\Debug\liblpc_chip_15xx.a(iocon_15xx.o)
 .ARM.attributes
                0x000002ca       0x33 C:\Users\Oliver\LPCworkspace\lpc_chip_15xx\Debug\liblpc_chip_15xx.a(spi_15xx.o)
 .ARM.attributes
                0x000002fd       0x33 C:\Users\Oliver\LPCworkspace\lpc_chip_15xx\Debug\liblpc_chip_15xx.a(swm_15xx.o)
 .ARM.attributes
                0x00000330       0x33 C:\Users\Oliver\LPCworkspace\lpc_chip_15xx\Debug\liblpc_chip_15xx.a(sysctl_15xx.o)
 .ARM.attributes
                0x00000363       0x33 C:\Users\Oliver\LPCworkspace\lpc_chip_15xx\Debug\liblpc_chip_15xx.a(sysinit_15xx.o)
 .ARM.attributes
                0x00000396       0x33 c:/nxp/lpcxpresso_7.7.2_379/lpcxpresso/tools/bin/../lib/gcc/arm-none-eabi/4.9.3/../../../../arm-none-eabi/lib/armv7-m\libcr_semihost.a(_cr__main.o)
 .ARM.attributes
                0x000003c9       0x33 c:/nxp/lpcxpresso_7.7.2_379/lpcxpresso/tools/bin/../lib/gcc/arm-none-eabi/4.9.3/../../../../arm-none-eabi/lib/armv7-m\libcr_c.a(memset.o)
 .ARM.attributes
                0x000003fc       0x33 c:/nxp/lpcxpresso_7.7.2_379/lpcxpresso/tools/bin/../lib/gcc/arm-none-eabi/4.9.3/../../../../arm-none-eabi/lib/armv7-m\libcr_c.a(fpprintf.o)
 .ARM.attributes
                0x0000042f       0x33 c:/nxp/lpcxpresso_7.7.2_379/lpcxpresso/tools/bin/../lib/gcc/arm-none-eabi/4.9.3/../../../../arm-none-eabi/lib/armv7-m\libcr_c.a(initio.o)
 .ARM.attributes
                0x00000462       0x33 c:/nxp/lpcxpresso_7.7.2_379/lpcxpresso/tools/bin/../lib/gcc/arm-none-eabi/4.9.3/../../../../arm-none-eabi/lib/armv7-m\libcr_c.a(printf.o)
 .ARM.attributes
                0x00000495       0x33 c:/nxp/lpcxpresso_7.7.2_379/lpcxpresso/tools/bin/../lib/gcc/arm-none-eabi/4.9.3/../../../../arm-none-eabi/lib/armv7-m\libcr_c.a(scanf.o)
 .ARM.attributes
                0x000004c8       0x33 c:/nxp/lpcxpresso_7.7.2_379/lpcxpresso/tools/bin/../lib/gcc/arm-none-eabi/4.9.3/../../../../arm-none-eabi/lib/armv7-m\libcr_c.a(setvbuf.o)
 .ARM.attributes
                0x000004fb       0x33 c:/nxp/lpcxpresso_7.7.2_379/lpcxpresso/tools/bin/../lib/gcc/arm-none-eabi/4.9.3/../../../../arm-none-eabi/lib/armv7-m\libcr_c.a(stdio.o)
 .ARM.attributes
                0x0000052e       0x33 c:/nxp/lpcxpresso_7.7.2_379/lpcxpresso/tools/bin/../lib/gcc/arm-none-eabi/4.9.3/../../../../arm-none-eabi/lib/armv7-m\libcr_c.a(strlen.o)
 .ARM.attributes
                0x00000561       0x33 c:/nxp/lpcxpresso_7.7.2_379/lpcxpresso/tools/bin/../lib/gcc/arm-none-eabi/4.9.3/../../../../arm-none-eabi/lib/armv7-m\libcr_c.a(ungetc.o)
 .ARM.attributes
                0x00000594       0x33 c:/nxp/lpcxpresso_7.7.2_379/lpcxpresso/tools/bin/../lib/gcc/arm-none-eabi/4.9.3/../../../../arm-none-eabi/lib/armv7-m\libcr_c.a(__fillbuf.o)
 .ARM.attributes
                0x000005c7       0x33 c:/nxp/lpcxpresso_7.7.2_379/lpcxpresso/tools/bin/../lib/gcc/arm-none-eabi/4.9.3/../../../../arm-none-eabi/lib/armv7-m\libcr_c.a(_deferredlazyseek.o)
 .ARM.attributes
                0x000005fa       0x33 c:/nxp/lpcxpresso_7.7.2_379/lpcxpresso/tools/bin/../lib/gcc/arm-none-eabi/4.9.3/../../../../arm-none-eabi/lib/armv7-m\libcr_c.a(_fdopen.o)
 .ARM.attributes
                0x0000062d       0x33 c:/nxp/lpcxpresso_7.7.2_379/lpcxpresso/tools/bin/../lib/gcc/arm-none-eabi/4.9.3/../../../../arm-none-eabi/lib/armv7-m\libcr_c.a(_fflush.o)
 .ARM.attributes
                0x00000660       0x33 c:/nxp/lpcxpresso_7.7.2_379/lpcxpresso/tools/bin/../lib/gcc/arm-none-eabi/4.9.3/../../../../arm-none-eabi/lib/armv7-m\libcr_c.a(_frexpl.o)
 .ARM.attributes
                0x00000693       0x33 c:/nxp/lpcxpresso_7.7.2_379/lpcxpresso/tools/bin/../lib/gcc/arm-none-eabi/4.9.3/../../../../arm-none-eabi/lib/armv7-m\libcr_c.a(_hugeval.o)
 .ARM.attributes
                0x000006c6       0x33 c:/nxp/lpcxpresso_7.7.2_379/lpcxpresso/tools/bin/../lib/gcc/arm-none-eabi/4.9.3/../../../../arm-none-eabi/lib/armv7-m\libcr_c.a(_ldexpl.o)
 .ARM.attributes
                0x000006f9       0x33 c:/nxp/lpcxpresso_7.7.2_379/lpcxpresso/tools/bin/../lib/gcc/arm-none-eabi/4.9.3/../../../../arm-none-eabi/lib/armv7-m\libcr_c.a(_writebuf.o)
 .ARM.attributes
                0x0000072c       0x33 c:/nxp/lpcxpresso_7.7.2_379/lpcxpresso/tools/bin/../lib/gcc/arm-none-eabi/4.9.3/../../../../arm-none-eabi/lib/armv7-m\libcr_c.a(alloc.o)
 .ARM.attributes
                0x0000075f       0x33 c:/nxp/lpcxpresso_7.7.2_379/lpcxpresso/tools/bin/../lib/gcc/arm-none-eabi/4.9.3/../../../../arm-none-eabi/lib/armv7-m\libcr_c.a(ctype.o)
 .ARM.attributes
                0x00000792       0x33 c:/nxp/lpcxpresso_7.7.2_379/lpcxpresso/tools/bin/../lib/gcc/arm-none-eabi/4.9.3/../../../../arm-none-eabi/lib/armv7-m\libcr_c.a(errno.o)
 .ARM.attributes
                0x000007c5       0x33 c:/nxp/lpcxpresso_7.7.2_379/lpcxpresso/tools/bin/../lib/gcc/arm-none-eabi/4.9.3/../../../../arm-none-eabi/lib/armv7-m\libcr_c.a(fclose.o)
 .ARM.attributes
                0x000007f8       0x33 c:/nxp/lpcxpresso_7.7.2_379/lpcxpresso/tools/bin/../lib/gcc/arm-none-eabi/4.9.3/../../../../arm-none-eabi/lib/armv7-m\libcr_c.a(fflush.o)
 .ARM.attributes
                0x0000082b       0x33 c:/nxp/lpcxpresso_7.7.2_379/lpcxpresso/tools/bin/../lib/gcc/arm-none-eabi/4.9.3/../../../../arm-none-eabi/lib/armv7-m\libcr_c.a(fseek.o)
 .ARM.attributes
                0x0000085e       0x33 c:/nxp/lpcxpresso_7.7.2_379/lpcxpresso/tools/bin/../lib/gcc/arm-none-eabi/4.9.3/../../../../arm-none-eabi/lib/armv7-m\libcr_c.a(ftell.o)
 .ARM.attributes
                0x00000891       0x33 c:/nxp/lpcxpresso_7.7.2_379/lpcxpresso/tools/bin/../lib/gcc/arm-none-eabi/4.9.3/../../../../arm-none-eabi/lib/armv7-m\libcr_c.a(remove.o)
 .ARM.attributes
                0x000008c4       0x33 c:/nxp/lpcxpresso_7.7.2_379/lpcxpresso/tools/bin/../lib/gcc/arm-none-eabi/4.9.3/../../../../arm-none-eabi/lib/armv7-m\libcr_c.a(__init_alloc.o)
 .ARM.attributes
                0x000008f7       0x33 c:/nxp/lpcxpresso_7.7.2_379/lpcxpresso/tools/bin/../lib/gcc/arm-none-eabi/4.9.3/../../../../arm-none-eabi/lib/armv7-m\libcr_c.a(_cr_sbrk.o)
 .ARM.attributes
                0x0000092a       0x33 c:/nxp/lpcxpresso_7.7.2_379/lpcxpresso/tools/bin/../lib/gcc/arm-none-eabi/4.9.3/../../../../arm-none-eabi/lib/armv7-m\libcr_c.a(_do_fflush.o)
 .ARM.attributes
                0x0000095d       0x33 c:/nxp/lpcxpresso_7.7.2_379/lpcxpresso/tools/bin/../lib/gcc/arm-none-eabi/4.9.3/../../../../arm-none-eabi/lib/armv7-m\libcr_c.a(_cr_check_heap.o)
 .ARM.attributes
                0x00000990       0x33 c:/nxp/lpcxpresso_7.7.2_379/lpcxpresso/tools/bin/../lib/gcc/arm-none-eabi/4.9.3/armv7-m\libcr_eabihelpers.a(double.o)
 .ARM.attributes
                0x000009c3       0x21 c:/nxp/lpcxpresso_7.7.2_379/lpcxpresso/tools/bin/../lib/gcc/arm-none-eabi/4.9.3/armv7-m\libcr_eabihelpers.a(memcpy.o)
 .ARM.attributes
                0x000009e4       0x21 c:/nxp/lpcxpresso_7.7.2_379/lpcxpresso/tools/bin/../lib/gcc/arm-none-eabi/4.9.3/../../../../arm-none-eabi/lib/armv7-m\libcr_semihost.a(__sys_appexit.o)
 .ARM.attributes
                0x00000a05       0x21 c:/nxp/lpcxpresso_7.7.2_379/lpcxpresso/tools/bin/../lib/gcc/arm-none-eabi/4.9.3/../../../../arm-none-eabi/lib/armv7-m\libcr_semihost.a(__sys_close.o)
 .ARM.attributes
                0x00000a26       0x21 c:/nxp/lpcxpresso_7.7.2_379/lpcxpresso/tools/bin/../lib/gcc/arm-none-eabi/4.9.3/../../../../arm-none-eabi/lib/armv7-m\libcr_semihost.a(__sys_flen.o)
 .ARM.attributes
                0x00000a47       0x21 c:/nxp/lpcxpresso_7.7.2_379/lpcxpresso/tools/bin/../lib/gcc/arm-none-eabi/4.9.3/../../../../arm-none-eabi/lib/armv7-m\libcr_semihost.a(__sys_istty.o)
 .ARM.attributes
                0x00000a68       0x21 c:/nxp/lpcxpresso_7.7.2_379/lpcxpresso/tools/bin/../lib/gcc/arm-none-eabi/4.9.3/../../../../arm-none-eabi/lib/armv7-m\libcr_semihost.a(__sys_read.o)
 .ARM.attributes
                0x00000a89       0x21 c:/nxp/lpcxpresso_7.7.2_379/lpcxpresso/tools/bin/../lib/gcc/arm-none-eabi/4.9.3/../../../../arm-none-eabi/lib/armv7-m\libcr_semihost.a(__sys_readc.o)
 .ARM.attributes
                0x00000aaa       0x21 c:/nxp/lpcxpresso_7.7.2_379/lpcxpresso/tools/bin/../lib/gcc/arm-none-eabi/4.9.3/../../../../arm-none-eabi/lib/armv7-m\libcr_semihost.a(__sys_remove.o)
 .ARM.attributes
                0x00000acb       0x21 c:/nxp/lpcxpresso_7.7.2_379/lpcxpresso/tools/bin/../lib/gcc/arm-none-eabi/4.9.3/../../../../arm-none-eabi/lib/armv7-m\libcr_semihost.a(__sys_seek.o)
 .ARM.attributes
                0x00000aec       0x21 c:/nxp/lpcxpresso_7.7.2_379/lpcxpresso/tools/bin/../lib/gcc/arm-none-eabi/4.9.3/../../../../arm-none-eabi/lib/armv7-m\libcr_semihost.a(__sys_tmpnam.o)
 .ARM.attributes
                0x00000b0d       0x21 c:/nxp/lpcxpresso_7.7.2_379/lpcxpresso/tools/bin/../lib/gcc/arm-none-eabi/4.9.3/../../../../arm-none-eabi/lib/armv7-m\libcr_semihost.a(__sys_write.o)

.debug_frame    0x00000000     0x1dac
 .debug_frame   0x00000000      0x508 ./example/src/ILI9340.o
 .debug_frame   0x00000508      0x128 ./example/src/box_messages.o
 .debug_frame   0x00000630      0x170 ./example/src/cr_startup_lpc15xx.o
 .debug_frame   0x000007a0       0xac ./example/src/hid_generic.o
 .debug_frame   0x0000084c      0x200 ./example/src/hid_main.o
 .debug_frame   0x00000a4c       0xf4 ./example/src/spi.o
 .debug_frame   0x00000b40       0x2c ./example/src/sysinit.o
 .debug_frame   0x00000b6c      0x25c C:\Users\Oliver\LPCworkspace\lpc_board_nxp_lpcxpresso_1549\Debug\liblpc_board_nxp_lpcxpresso_1549.a(board.o)
 .debug_frame   0x00000dc8      0x150 C:\Users\Oliver\LPCworkspace\lpc_board_nxp_lpcxpresso_1549\Debug\liblpc_board_nxp_lpcxpresso_1549.a(board_sysinit.o)
 .debug_frame   0x00000f18      0x104 C:\Users\Oliver\LPCworkspace\lpc_chip_15xx\Debug\liblpc_chip_15xx.a(chip_15xx.o)
 .debug_frame   0x0000101c      0x4b0 C:\Users\Oliver\LPCworkspace\lpc_chip_15xx\Debug\liblpc_chip_15xx.a(clock_15xx.o)
 .debug_frame   0x000014cc      0x1b4 C:\Users\Oliver\LPCworkspace\lpc_chip_15xx\Debug\liblpc_chip_15xx.a(gpio_15xx.o)
 .debug_frame   0x00001680       0x60 C:\Users\Oliver\LPCworkspace\lpc_chip_15xx\Debug\liblpc_chip_15xx.a(iocon_15xx.o)
 .debug_frame   0x000016e0      0x3a0 C:\Users\Oliver\LPCworkspace\lpc_chip_15xx\Debug\liblpc_chip_15xx.a(spi_15xx.o)
 .debug_frame   0x00001a80       0xd4 C:\Users\Oliver\LPCworkspace\lpc_chip_15xx\Debug\liblpc_chip_15xx.a(swm_15xx.o)
 .debug_frame   0x00001b54      0x124 C:\Users\Oliver\LPCworkspace\lpc_chip_15xx\Debug\liblpc_chip_15xx.a(sysctl_15xx.o)
 .debug_frame   0x00001c78      0x134 C:\Users\Oliver\LPCworkspace\lpc_chip_15xx\Debug\liblpc_chip_15xx.a(sysinit_15xx.o)
